Component: ARM Compiler 5.06 (build 20) Tool: armlink [4d35a3]

==============================================================================

Section Cross References

    main.o(.text) refers to Stream.o(i._ZN4mbed6Stream6printfEPKcz) for mbed::Stream::printf(const char*, ...)
    main.o(.text) refers to wait_api.o(i.wait) for wait
    main.o(.text) refers to main.o(i._ZN4mbed10DigitalOut5writeEi) for mbed::DigitalOut::write(int)
    main.o(.text) refers to gpio.o(i.gpio_init_out) for gpio_init_out
    main.o(.text) refers to Serial.o(i._ZN4mbed6SerialC1E7PinNameS1_PKc) for mbed::Serial::Serial(PinName, PinName, const char*)
    main.o(.text) refers to aeabi_atexit.o(.text) for __aeabi_atexit
    main.o(.text) refers to assert.o(i.mbed_assert_internal) for mbed_assert_internal
    main.o(.text) refers to rt_memcpy_w.o(.text) for __aeabi_memcpy4
    main.o(.text) refers to assert.o(.text) for __aeabi_assert
    main.o(.text) refers to main.o(.bss) for pc
    main.o(.text) refers to main.o(.data) for myled
    main.o(.text) refers to Serial.o(i._ZN4mbed6SerialD1Ev) for mbed::Serial::~Serial()
    main.o(.text) refers to main.o(.conststring) for .conststring
    main.o(.text) refers to main.o(.constdata) for .constdata
    main.o(.ARM.exidx) refers to main.o(.text) for .text
    main.o(.init_array) refers to main.o(.text) for __sti___8_main_cpp_myled
    main.o(.init_array) refers to init_aeabi.o(.text) for __cpp_initialize__aeabi_
    sys.o(.ARM.exidx) refers to sys.o(i.__user_setup_stackheap) for i.__user_setup_stackheap
    mbed_overrides.o(i.NMI_Handler) refers to gpio.o(i.gpio_init_in) for gpio_init_in
    mbed_overrides.o(i.mbed_mac_address) refers to crc.o(i.crcSlow) for crcSlow
    system_MK64F12.o(i.SystemCoreClockUpdate) refers to system_MK64F12.o(.data) for .data
    startup_MK64F12.o(RESET) refers to startup_MK64F12.o(.text) for Reset_Handler
    startup_MK64F12.o(RESET) refers to mbed_overrides.o(i.NMI_Handler) for NMI_Handler
    startup_MK64F12.o(.text) refers to system_MK64F12.o(i.SystemInit) for SystemInit
    startup_MK64F12.o(.text) refers to __main.o(!!!main) for __main
    board.o(i.mbed_die) refers to gpio.o(i.gpio_init_out) for gpio_init_out
    board.o(i.mbed_die) refers to assert.o(i.mbed_assert_internal) for mbed_assert_internal
    board.o(i.mbed_die) refers to fsl_gpio_hal.o(i.GPIO_HAL_WritePinOutput) for GPIO_HAL_WritePinOutput
    board.o(i.mbed_die) refers to wait_api.o(i.wait_ms) for wait_ms
    board.o(i.mbed_die) refers to board.o(.constdata) for .constdata
    board.o(i.mbed_die) refers to board.o(.conststring) for .conststring
    cmsis_nvic.o(i.NVIC_SetVector) refers to rt_memcpy_w.o(.text) for __aeabi_memcpy4
    retarget.o(i.$Sub$$main) refers to retarget.o(i.mbed_sdk_init) for mbed_sdk_init
    retarget.o(i.$Sub$$main) refers to retarget.o(i.mbed_main) for mbed_main
    retarget.o(i.$Sub$$main) refers to main.o(.text) for $Super$$main
    retarget.o(i._ZN4mbed10FileHandleD0Ev) refers to delete.o(i._ZdlPv) for operator delete (void*)
    retarget.o(i._ZN4mbed10FileHandleD0Ev) refers to retarget.o(.constdata__ZTVN4mbed10FileHandleE) for vtable for mbed::FileHandle
    retarget.o(i._ZN4mbed10FileHandleD0Ev) refers to retarget.o(.bss) for .bss
    retarget.o(i._ZN4mbed10FileHandleD2Ev) refers to retarget.o(.constdata__ZTVN4mbed10FileHandleE) for vtable for mbed::FileHandle
    retarget.o(i._ZN4mbed10FileHandleD2Ev) refers to retarget.o(.bss) for .bss
    retarget.o(i._ZN4mbed26mbed_set_unbuffered_streamEPSt6__FILE) refers to setbuf.o(.text) for setbuf
    retarget.o(i._ZN4mbed9mbed_getcEPSt6__FILE) refers to fgetc.o(i.fgetc) for fgetc
    retarget.o(i._ZN4mbed9mbed_getsEPciPSt6__FILE) refers to fgets.o(.text) for fgets
    retarget.o(i._sys_close) refers to retarget.o(.bss) for .bss
    retarget.o(i._sys_ensure) refers to retarget.o(.bss) for .bss
    retarget.o(i._sys_flen) refers to retarget.o(.bss) for .bss
    retarget.o(i._sys_istty) refers to retarget.o(.bss) for .bss
    retarget.o(i._sys_open) refers to _scanf_int.o(.text) for _scanf_int
    retarget.o(i._sys_open) refers to strcmpv7m.o(.text) for strcmp
    retarget.o(i._sys_open) refers to serial_api.o(i.serial_init) for serial_init
    retarget.o(i._sys_open) refers to FilePath.o(i._ZN4mbed8FilePathC1EPKc) for mbed::FilePath::FilePath(const char*)
    retarget.o(i._sys_open) refers to FilePath.o(i._ZN4mbed8FilePath6existsEv) for mbed::FilePath::exists()
    retarget.o(i._sys_open) refers to FilePath.o(i._ZN4mbed8FilePath6isFileEv) for mbed::FilePath::isFile()
    retarget.o(i._sys_open) refers to FilePath.o(i._ZN4mbed8FilePath4fileEv) for mbed::FilePath::file()
    retarget.o(i._sys_open) refers to __0sscanf.o(.text) for __0sscanf
    retarget.o(i._sys_open) refers to FilePath.o(i._ZN4mbed8FilePath10fileSystemEv) for mbed::FilePath::fileSystem()
    retarget.o(i._sys_open) refers to FilePath.o(i._ZN4mbed8FilePath8fileNameEv) for mbed::FilePath::fileName()
[...]
    _printf_n                                0x00000485   Thumb Code     0  _printf_n.o(.ARM.Collect$$_printf_percent$$00000001)
    _printf_percent                          0x00000485   Thumb Code     0  _printf_percent.o(.ARM.Collect$$_printf_percent$$00000000)
    _printf_p                                0x0000048b   Thumb Code     0  _printf_p.o(.ARM.Collect$$_printf_percent$$00000002)
    _printf_f                                0x00000491   Thumb Code     0  _printf_f.o(.ARM.Collect$$_printf_percent$$00000003)
    _printf_e                                0x00000497   Thumb Code     0  _printf_e.o(.ARM.Collect$$_printf_percent$$00000004)
    _printf_g                                0x0000049d   Thumb Code     0  _printf_g.o(.ARM.Collect$$_printf_percent$$00000005)
    _printf_a                                0x000004a3   Thumb Code     0  _printf_a.o(.ARM.Collect$$_printf_percent$$00000006)
    _printf_ll                               0x000004a9   Thumb Code     0  _printf_ll.o(.ARM.Collect$$_printf_percent$$00000007)
    _printf_i                                0x000004b3   Thumb Code     0  _printf_i.o(.ARM.Collect$$_printf_percent$$00000008)
    _printf_d                                0x000004b9   Thumb Code     0  _printf_d.o(.ARM.Collect$$_printf_percent$$00000009)
    _printf_u                                0x000004bf   Thumb Code     0  _printf_u.o(.ARM.Collect$$_printf_percent$$0000000A)
    _printf_o                                0x000004c5   Thumb Code     0  _printf_o.o(.ARM.Collect$$_printf_percent$$0000000B)
    _printf_x                                0x000004cb   Thumb Code     0  _printf_x.o(.ARM.Collect$$_printf_percent$$0000000C)
    _printf_lli                              0x000004d1   Thumb Code     0  _printf_lli.o(.ARM.Collect$$_printf_percent$$0000000D)
    _printf_lld                              0x000004d7   Thumb Code     0  _printf_lld.o(.ARM.Collect$$_printf_percent$$0000000E)
    _printf_llu                              0x000004dd   Thumb Code     0  _printf_llu.o(.ARM.Collect$$_printf_percent$$0000000F)
    _printf_llo                              0x000004e3   Thumb Code     0  _printf_llo.o(.ARM.Collect$$_printf_percent$$00000010)
    _printf_llx                              0x000004e9   Thumb Code     0  _printf_llx.o(.ARM.Collect$$_printf_percent$$00000011)
    _printf_l                                0x000004ef   Thumb Code     0  _printf_l.o(.ARM.Collect$$_printf_percent$$00000012)
    _printf_c                                0x000004f9   Thumb Code     0  _printf_c.o(.ARM.Collect$$_printf_percent$$00000013)
    _printf_s                                0x000004ff   Thumb Code     0  _printf_s.o(.ARM.Collect$$_printf_percent$$00000014)
    _printf_lc                               0x00000505   Thumb Code     0  _printf_lc.o(.ARM.Collect$$_printf_percent$$00000015)
    _printf_ls                               0x0000050b   Thumb Code     0  _printf_ls.o(.ARM.Collect$$_printf_percent$$00000016)
    _printf_percent_end                      0x00000511   Thumb Code     0  _printf_percent_end.o(.ARM.Collect$$_printf_percent$$00000017)
    __rt_lib_init                            0x00000515   Thumb Code     0  libinit.o(.ARM.Collect$$libinit$$00000000)
    __rt_lib_init_fp_1                       0x00000517   Thumb Code     0  libinit2.o(.ARM.Collect$$libinit$$00000001)
    __rt_lib_init_heap_2                     0x0000051b   Thumb Code     0  libinit2.o(.ARM.Collect$$libinit$$00000005)
    __rt_lib_init_preinit_1                  0x0000051b   Thumb Code     0  libinit2.o(.ARM.Collect$$libinit$$00000004)
    __rt_lib_init_heap_1                     0x00000523   Thumb Code     0  libinit2.o(.ARM.Collect$$libinit$$0000000A)
    __rt_lib_init_lc_common                  0x00000523   Thumb Code     0  libinit2.o(.ARM.Collect$$libinit$$0000000F)
    __rt_lib_init_rand_1                     0x00000523   Thumb Code     0  libinit2.o(.ARM.Collect$$libinit$$0000000E)
    __rt_lib_init_user_alloc_1               0x00000523   Thumb Code     0  libinit2.o(.ARM.Collect$$libinit$$0000000C)
    __rt_lib_init_lc_collate_1               0x00000529   Thumb Code     0  libinit2.o(.ARM.Collect$$libinit$$00000011)
    __rt_lib_init_lc_ctype_2                 0x00000529   Thumb Code     0  libinit2.o(.ARM.Collect$$libinit$$00000012)
    __rt_lib_init_lc_ctype_1                 0x00000535   Thumb Code     0  libinit2.o(.ARM.Collect$$libinit$$00000013)
    __rt_lib_init_lc_monetary_1              0x00000535   Thumb Code     0  libinit2.o(.ARM.Collect$$libinit$$00000015)
    __rt_lib_init_lc_numeric_2               0x00000535   Thumb Code     0  libinit2.o(.ARM.Collect$$libinit$$00000016)
    __rt_lib_init_atexit_1                   0x0000053f   Thumb Code     0  libinit2.o(.ARM.Collect$$libinit$$0000001B)
    __rt_lib_init_clock_1                    0x0000053f   Thumb Code     0  libinit2.o(.ARM.Collect$$libinit$$00000021)
    __rt_lib_init_fp_trap_1                  0x0000053f   Thumb Code     0  libinit2.o(.ARM.Collect$$libinit$$0000001F)
    __rt_lib_init_getenv_1                   0x0000053f   Thumb Code     0  libinit2.o(.ARM.Collect$$libinit$$00000023)
    __rt_lib_init_lc_numeric_1               0x0000053f   Thumb Code     0  libinit2.o(.ARM.Collect$$libinit$$00000017)
    __rt_lib_init_lc_time_1                  0x0000053f   Thumb Code     0  libinit2.o(.ARM.Collect$$libinit$$00000019)
    __rt_lib_init_signal_1                   0x0000053f   Thumb Code     0  libinit2.o(.ARM.Collect$$libinit$$0000001D)
    __rt_lib_init_stdio_2                    0x0000053f   Thumb Code     0  libinit2.o(.ARM.Collect$$libinit$$00000024)
    __rt_lib_init_alloca_1                   0x00000543   Thumb Code     0  libinit2.o(.ARM.Collect$$libinit$$0000002E)
    __rt_lib_init_argv_1                     0x00000543   Thumb Code     0  libinit2.o(.ARM.Collect$$libinit$$0000002C)
    __rt_lib_init_cpp_2                      0x00000543   Thumb Code     0  libinit2.o(.ARM.Collect$$libinit$$00000031)
    __rt_lib_init_exceptions_1               0x00000543   Thumb Code     0  libinit2.o(.ARM.Collect$$libinit$$00000030)
    __rt_lib_init_stdio_1                    0x00000543   Thumb Code     0  libinit2.o(.ARM.Collect$$libinit$$00000025)
    __rt_lib_init_cpp_1                      0x00000547   Thumb Code     0  libinit2.o(.ARM.Collect$$libinit$$00000032)
    __rt_lib_init_return                     0x00000547   Thumb Code     0  libinit2.o(.ARM.Collect$$libinit$$00000033)
    __rt_entry                               0x00000549   Thumb Code     0  __rtentry.o(.ARM.Collect$$rtentry$$00000000)
    __rt_entry_presh_1                       0x00000549   Thumb Code     0  __rtentry2.o(.ARM.Collect$$rtentry$$00000002)
    __rt_entry_sh                            0x00000549   Thumb Code     0  __rtentry4.o(.ARM.Collect$$rtentry$$00000004)
    __rt_lib_shutdown_cpp_2                  0x00000549   Thumb Code     0  libshutdown2.o(.ARM.Collect$$libshutdown$$00000002)
    __rt_lib_shutdown_stdio_2                0x00000549   Thumb Code     0  libshutdown2.o(.ARM.Collect$$libshutdown$$00000004)
    __rt_entry_li                            0x0000054f   Thumb Code     0  __rtentry2.o(.ARM.Collect$$rtentry$$0000000A)
    __rt_entry_postsh_1                      0x0000054f   Thumb Code     0  __rtentry2.o(.ARM.Collect$$rtentry$$00000009)
    __rt_entry_main                          0x00000553   Thumb Code     0  __rtentry2.o(.ARM.Collect$$rtentry$$0000000D)
    __rt_entry_postli_1                      0x00000553   Thumb Code     0  __rtentry2.o(.ARM.Collect$$rtentry$$0000000C)
    $Super$$main                             0x0000055d   Thumb Code    70  main.o(.text)
    _maybe_terminate_alloc                   0x0000055d   Thumb Code     0  maybetermalloc1.o(.emb_text)
    Reset_Handler                            0x00000685   Thumb Code     8  startup_MK64F12.o(.text)
    HardFault_Handler                        0x0000068f   Thumb Code     2  startup_MK64F12.o(.text)
    MemManage_Handler                        0x00000691   Thumb Code     2  startup_MK64F12.o(.text)
    BusFault_Handler                         0x00000693   Thumb Code     2  startup_MK64F12.o(.text)
    UsageFault_Handler                       0x00000695   Thumb Code     2  startup_MK64F12.o(.text)
    SVC_Handler                              0x00000697   Thumb Code     2  startup_MK64F12.o(.text)
    DebugMon_Handler                         0x00000699   Thumb Code     2  startup_MK64F12.o(.text)
    PendSV_Handler                           0x0000069b   Thumb Code     2  startup_MK64F12.o(.text)
    SysTick_Handler                          0x0000069d   Thumb Code     2  startup_MK64F12.o(.text)
    ADC0_IRQHandler                          0x0000069f   Thumb Code     0  startup_MK64F12.o(.text)
    ADC1_IRQHandler                          0x0000069f   Thumb Code     0  startup_MK64F12.o(.text)
    CAN0_Bus_Off_IRQHandler                  0x0000069f   Thumb Code     0  startup_MK64F12.o(.text)
    CAN0_Error_IRQHandler                    0x0000069f   Thumb Code     0  startup_MK64F12.o(.text)
    CAN0_ORed_Message_buffer_IRQHandler      0x0000069f   Thumb Code     0  startup_MK64F12.o(.text)
    CAN0_Rx_Warning_IRQHandler               0x0000069f   Thumb Code     0  startup_MK64F12.o(.text)
    CAN0_Tx_Warning_IRQHandler               0x0000069f   Thumb Code     0  startup_MK64F12.o(.text)
    CAN0_Wake_Up_IRQHandler                  0x0000069f   Thumb Code     0  startup_MK64F12.o(.text)
    CMP0_IRQHandler                          0x0000069f   Thumb Code     0  startup_MK64F12.o(.text)
    CMP1_IRQHandler                          0x0000069f   Thumb Code     0  startup_MK64F12.o(.text)
    CMP2_IRQHandler                          0x0000069f   Thumb Code     0  startup_MK64F12.o(.text)
    CMT_IRQHandler                           0x0000069f   Thumb Code     0  startup_MK64F12.o(.text)
    DAC0_IRQHandler                          0x0000069f   Thumb Code     0  startup_MK64F12.o(.text)
    DAC1_IRQHandler                          0x0000069f   Thumb Code     0  startup_MK64F12.o(.text)
    DMA0_IRQHandler                          0x0000069f   Thumb Code     0  startup_MK64F12.o(.text)
    DMA10_IRQHandler                         0x0000069f   Thumb Code     0  startup_MK64F12.o(.text)
    DMA11_IRQHandler                         0x0000069f   Thumb Code     0  startup_MK64F12.o(.text)
    DMA12_IRQHandler                         0x0000069f   Thumb Code     0  startup_MK64F12.o(.text)
    DMA13_IRQHandler                         0x0000069f   Thumb Code     0  startup_MK64F12.o(.text)
    DMA14_IRQHandler                         0x0000069f   Thumb Code     0  startup_MK64F12.o(.text)
    DMA15_IRQHandler                         0x0000069f   Thumb Code     0  startup_MK64F12.o(.text)
    DMA1_IRQHandler                          0x0000069f   Thumb Code     0  startup_MK64F12.o(.text)
    DMA2_IRQHandler                          0x0000069f   Thumb Code     0  startup_MK64F12.o(.text)
    DMA3_IRQHandler                          0x0000069f   Thumb Code     0  startup_MK64F12.o(.text)
    DMA4_IRQHandler                          0x0000069f   Thumb Code     0  startup_MK64F12.o(.text)
    DMA5_IRQHandler                          0x0000069f   Thumb Code     0  startup_MK64F12.o(.text)
    DMA6_IRQHandler                          0x0000069f   Thumb Code     0  startup_MK64F12.o(.text)
    DMA7_IRQHandler                          0x0000069f   Thumb Code     0  startup_MK64F12.o(.text)
    DMA8_IRQHandler                          0x0000069f   Thumb Code     0  startup_MK64F12.o(.text)
    DMA9_IRQHandler                          0x0000069f   Thumb Code     0  startup_MK64F12.o(.text)
    DMA_Error_IRQHandler                     0x0000069f   Thumb Code     0  startup_MK64F12.o(.text)
    ENET_1588_Timer_IRQHandler               0x0000069f   Thumb Code     0  startup_MK64F12.o(.text)
    ENET_Error_IRQHandler                    0x0000069f   Thumb Code     0  startup_MK64F12.o(.text)
    ENET_Receive_IRQHandler                  0x0000069f   Thumb Code     0  startup_MK64F12.o(.text)
    ENET_Transmit_IRQHandler                 0x0000069f   Thumb Code     0  startup_MK64F12.o(.text)
    FTFE_IRQHandler                          0x0000069f   Thumb Code     0  startup_MK64F12.o(.text)
    FTM0_IRQHandler                          0x0000069f   Thumb Code     0  startup_MK64F12.o(.text)
    FTM1_IRQHandler                          0x0000069f   Thumb Code     0  startup_MK64F12.o(.text)
    FTM2_IRQHandler                          0x0000069f   Thumb Code     0  startup_MK64F12.o(.text)
    FTM3_IRQHandler                          0x0000069f   Thumb Code     0  startup_MK64F12.o(.text)
    I2C0_IRQHandler                          0x0000069f   Thumb Code     0  startup_MK64F12.o(.text)
    I2C1_IRQHandler                          0x0000069f   Thumb Code     0  startup_MK64F12.o(.text)
    I2C2_IRQHandler                          0x0000069f   Thumb Code     0  startup_MK64F12.o(.text)
    I2S0_Rx_IRQHandler                       0x0000069f   Thumb Code     0  startup_MK64F12.o(.text)
    I2S0_Tx_IRQHandler                       0x0000069f   Thumb Code     0  startup_MK64F12.o(.text)
    LLW_IRQHandler                           0x0000069f   Thumb Code     0  startup_MK64F12.o(.text)
    LPTimer_IRQHandler                       0x0000069f   Thumb Code     0  startup_MK64F12.o(.text)
    LVD_LVW_IRQHandler                       0x0000069f   Thumb Code     0  startup_MK64F12.o(.text)
    MCG_IRQHandler                           0x0000069f   Thumb Code     0  startup_MK64F12.o(.text)
    MCM_IRQHandler                           0x0000069f   Thumb Code     0  startup_MK64F12.o(.text)
    PDB0_IRQHandler                          0x0000069f   Thumb Code     0  startup_MK64F12.o(.text)
    PIT0_IRQHandler                          0x0000069f   Thumb Code     0  startup_MK64F12.o(.text)
    PIT1_IRQHandler                          0x0000069f   Thumb Code     0  startup_MK64F12.o(.text)
    PIT2_IRQHandler                          0x0000069f   Thumb Code     0  startup_MK64F12.o(.text)
    PIT3_IRQHandler                          0x0000069f   Thumb Code     0  startup_MK64F12.o(.text)
    PORTA_IRQHandler                         0x0000069f   Thumb Code     0  startup_MK64F12.o(.text)
    PORTB_IRQHandler                         0x0000069f   Thumb Code     0  startup_MK64F12.o(.text)
    PORTC_IRQHandler                         0x0000069f   Thumb Code     0  startup_MK64F12.o(.text)
    PORTD_IRQHandler                         0x0000069f   Thumb Code     0  startup_MK64F12.o(.text)
    PORTE_IRQHandler                         0x0000069f   Thumb Code     0  startup_MK64F12.o(.text)
    RNG_IRQHandler                           0x0000069f   Thumb Code     0  startup_MK64F12.o(.text)
    RTC_IRQHandler                           0x0000069f   Thumb Code     0  startup_MK64F12.o(.text)
    RTC_Seconds_IRQHandler                   0x0000069f   Thumb Code     0  startup_MK64F12.o(.text)
    Read_Collision_IRQHandler                0x0000069f   Thumb Code     0  startup_MK64F12.o(.text)
    Reserved71_IRQHandler                    0x0000069f   Thumb Code     0  startup_MK64F12.o(.text)
    SDHC_IRQHandler                          0x0000069f   Thumb Code     0  startup_MK64F12.o(.text)
    SPI0_IRQHandler                          0x0000069f   Thumb Code     0  startup_MK64F12.o(.text)
    SPI1_IRQHandler                          0x0000069f   Thumb Code     0  startup_MK64F12.o(.text)
    SPI2_IRQHandler                          0x0000069f   Thumb Code     0  startup_MK64F12.o(.text)
    SWI_IRQHandler                           0x0000069f   Thumb Code     0  startup_MK64F12.o(.text)
    UART0_ERR_IRQHandler                     0x0000069f   Thumb Code     0  startup_MK64F12.o(.text)
    UART0_LON_IRQHandler                     0x0000069f   Thumb Code     0  startup_MK64F12.o(.text)
    UART0_RX_TX_IRQHandler                   0x0000069f   Thumb Code     0  startup_MK64F12.o(.text)
    UART1_ERR_IRQHandler                     0x0000069f   Thumb Code     0  startup_MK64F12.o(.text)
    UART1_RX_TX_IRQHandler                   0x0000069f   Thumb Code     0  startup_MK64F12.o(.text)
    UART2_ERR_IRQHandler                     0x0000069f   Thumb Code     0  startup_MK64F12.o(.text)
    UART2_RX_TX_IRQHandler                   0x0000069f   Thumb Code     0  startup_MK64F12.o(.text)
    UART3_ERR_IRQHandler                     0x0000069f   Thumb Code     0  startup_MK64F12.o(.text)
    UART3_RX_TX_IRQHandler                   0x0000069f   Thumb Code     0  startup_MK64F12.o(.text)
    UART4_ERR_IRQHandler                     0x0000069f   Thumb Code     0  startup_MK64F12.o(.text)
    UART4_RX_TX_IRQHandler                   0x0000069f   Thumb Code     0  startup_MK64F12.o(.text)
    UART5_ERR_IRQHandler                     0x0000069f   Thumb Code     0  startup_MK64F12.o(.text)
    UART5_RX_TX_IRQHandler                   0x0000069f   Thumb Code     0  startup_MK64F12.o(.text)
    USB0_IRQHandler                          0x0000069f   Thumb Code     0  startup_MK64F12.o(.text)
    USBDCD_IRQHandler                        0x0000069f   Thumb Code     0  startup_MK64F12.o(.text)
    Watchdog_IRQHandler                      0x0000069f   Thumb Code     0  startup_MK64F12.o(.text)
    vfprintf                                 0x000006a9   Thumb Code    10  vfprintf.o(.text)
    __c89vfprintf                            0x000006b3   Thumb Code    10  c89vfprintf.o(.text)
    __2sprintf                               0x000006bd   Thumb Code    38  __2sprintf.o(.text)
    _printf_longlong_hex                     0x000006e9   Thumb Code    86  _printf_hex_int_ll_ptr.o(.text)
    _printf_int_hex                          0x0000073f   Thumb Code    28  _printf_hex_int_ll_ptr.o(.text)
    _printf_ll_hex                           0x0000075b   Thumb Code    12  _printf_hex_int_ll_ptr.o(.text)
    _printf_hex_ptr                          0x00000767   Thumb Code    18  _printf_hex_int_ll_ptr.o(.text)
    __printf                                 0x0000077d   Thumb Code   388  __printf_flags_ss_wp.o(.text)
    __0sscanf                                0x00000905   Thumb Code    52  __0sscanf.o(.text)
    _scanf_int                               0x00000941   Thumb Code   332  _scanf_int.o(.text)
    _do_fflush                               0x00000a8d   Thumb Code    54  fflush.o(.text)
    fflush                                   0x00000ac3   Thumb Code    42  fflush.o(.text)
    fputs                                    0x00000af1   Thumb Code    34  fputs.o(.text)
    freopen                                  0x00000b15   Thumb Code   158  fopen.o(.text)
    fopen                                    0x00000bb3   Thumb Code    74  fopen.o(.text)
    setbuf                                   0x00000c01   Thumb Code    20  setbuf.o(.text)
    _fclose_internal                         0x00000c15   Thumb Code    76  fclose.o(.text)
    fclose                                   0x00000c15   Thumb Code     0  fclose.o(.text)
    __aeabi_atexit                           0x00000c61   Thumb Code    46  aeabi_atexit.o(.text)
    __aeabi_assert                           0x00000c91   Thumb Code    86  assert.o(.text)
    __assert                                 0x00000c91   Thumb Code     0  assert.o(.text)
    strlen                                   0x00000d11   Thumb Code    62  strlen.o(.text)
    strncmp                                  0x00000d4f   Thumb Code   150  strncmp.o(.text)
    __aeabi_memcpy4                          0x00000de5   Thumb Code     0  rt_memcpy_w.o(.text)
    __aeabi_memcpy8                          0x00000de5   Thumb Code     0  rt_memcpy_w.o(.text)
    __rt_memcpy_w                            0x00000de5   Thumb Code   100  rt_memcpy_w.o(.text)
    _memcpy_lastbytes_aligned                0x00000e2d   Thumb Code     0  rt_memcpy_w.o(.text)
    __aeabi_memclr4                          0x00000e49   Thumb Code     0  rt_memclr_w.o(.text)
    __aeabi_memclr8                          0x00000e49   Thumb Code     0  rt_memclr_w.o(.text)
    __rt_memclr_w                            0x00000e49   Thumb Code    78  rt_memclr_w.o(.text)
    _memset_w                                0x00000e4d   Thumb Code     0  rt_memclr_w.o(.text)
    strcmp                                   0x00000e99   Thumb Code   128  strcmpv7m.o(.text)
    __cpp_initialize__aeabi_                 0x00000f19   Thumb Code    26  init_aeabi.o(.text)
    __rt_ddtor_pointer_addr                  0x00000f3d   Thumb Code     8  rt_ddtor_pointer_addr.o(.text)
    malloc                                   0x00000f45   Thumb Code    94  h1_alloc.o(.text)
    free                                     0x00000fa3   Thumb Code    78  h1_free.o(.text)
    _printf_pre_padding                      0x00000ff1   Thumb Code    44  _printf_pad.o(.text)
    _printf_post_padding                     0x0000101d   Thumb Code    34  _printf_pad.o(.text)
    _printf_truncate_signed                  0x0000103f   Thumb Code    18  _printf_truncate.o(.text)
    _printf_truncate_unsigned                0x00001051   Thumb Code    18  _printf_truncate.o(.text)
    _printf_str                              0x00001063   Thumb Code    82  _printf_str.o(.text)
    _printf_int_common                       0x000010b5   Thumb Code   178  _printf_intcommon.o(.text)
    _printf_int_dec                          0x00001169   Thumb Code   104  _printf_dec.o(.text)
    _printf_charcount                        0x000011e1   Thumb Code    40  _printf_charcount.o(.text)
    _printf_char_common                      0x00001213   Thumb Code    32  _printf_char_common.o(.text)
    _sputc                                   0x00001239   Thumb Code    10  _sputc.o(.text)
    _printf_char_file                        0x00001245   Thumb Code    32  _printf_char_file.o(.text)
    _printf_wctomb                           0x00001269   Thumb Code   182  _printf_wctomb.o(.text)
    _printf_longlong_dec                     0x00001325   Thumb Code   108  _printf_longlong_dec.o(.text)
    _printf_longlong_oct                     0x000013a1   Thumb Code    68  _printf_oct_int_ll.o(.text)
    _printf_int_oct                          0x000013e5   Thumb Code    24  _printf_oct_int_ll.o(.text)
    _printf_ll_oct                           0x000013fd   Thumb Code    12  _printf_oct_int_ll.o(.text)
    _chval                                   0x00001411   Thumb Code    28  _chval.o(.text)
    __vfscanf_char                           0x00001439   Thumb Code    24  scanf_char.o(.text)
    _sgetc                                   0x00001459   Thumb Code    30  _sgetc.o(.text)
    _sbackspace                              0x00001477   Thumb Code    34  _sgetc.o(.text)
    ferror                                   0x00001499   Thumb Code     8  ferror.o(.text)
    __flsbuf                                 0x000014a1   Thumb Code   470  flsbuf.o(.text)
    __flsbuf_byte                            0x000014a1   Thumb Code     0  flsbuf.o(.text)
    __flsbuf_wide                            0x000014a1   Thumb Code     0  flsbuf.o(.text)
    _fseek                                   0x00001679   Thumb Code   242  fseek.o(.text)
    fseek                                    0x00001679   Thumb Code     0  fseek.o(.text)
    setvbuf                                  0x00001771   Thumb Code    70  setvbuf.o(.text)
    _seterr                                  0x000017b9   Thumb Code    20  stdio.o(.text)
    _writebuf                                0x000017cd   Thumb Code    84  stdio.o(.text)
    _fflush                                  0x00001821   Thumb Code    70  stdio.o(.text)
    _deferredlazyseek                        0x00001867   Thumb Code    60  stdio.o(.text)
    _initio                                  0x000018a9   Thumb Code   210  initio.o(.text)
    _terminateio                             0x0000197b   Thumb Code    56  initio.o(.text)
    abort                                    0x000019e1   Thumb Code    22  abort.o(.text)
    __cxa_finalize                           0x000019f7   Thumb Code    66  cxa_finalize.o(.text)
    __rt_SIGPVFN                             0x00001a39   Thumb Code    14  defsig_pvfn_outer.o(.text)
    _ttywrch                                 0x00001a47   Thumb Code    14  sys_wrch.o(.text)
    _sys_exit                                0x00001a55   Thumb Code     8  sys_exit.o(.text)
    __rt_heap_descriptor                     0x00001a61   Thumb Code     8  rt_heap_descriptor.o(.text)
    __use_no_heap                            0x00001a69   Thumb Code     2  hguard.o(.text)
    __heap$guard                             0x00001a6b   Thumb Code     2  hguard.o(.text)
    _terminate_user_alloc                    0x00001a6d   Thumb Code     2  init_alloc.o(.text)
    _init_user_alloc                         0x00001a6f   Thumb Code     2  init_alloc.o(.text)
    __Heap_Full                              0x00001a71   Thumb Code    34  init_alloc.o(.text)
    __Heap_Broken                            0x00001a93   Thumb Code     6  init_alloc.o(.text)
    _init_alloc                              0x00001a99   Thumb Code    94  init_alloc.o(.text)
    __Heap_Initialize                        0x00001af7   Thumb Code    10  h1_init.o(.text)
    __Heap_DescSize                          0x00001b01   Thumb Code     4  h1_init.o(.text)
    _ll_udiv10                               0x00001b05   Thumb Code   138  lludiv10.o(.text)
    isspace                                  0x00001b8f   Thumb Code    18  isspace.o(.text)
    __lib_sel_fp_printf                      0x00001ba1   Thumb Code     2  _printf_fp_dec.o(.text)
    _printf_fp_dec_real                      0x00001d4f   Thumb Code   620  _printf_fp_dec.o(.text)
    _printf_fp_hex_real                      0x00001fbd   Thumb Code   754  _printf_fp_hex.o(.text)
    _printf_cs_common                        0x000022b9   Thumb Code    20  _printf_char.o(.text)
    _printf_char                             0x000022cd   Thumb Code    16  _printf_char.o(.text)
    _printf_string                           0x000022dd   Thumb Code     8  _printf_char.o(.text)
    _printf_lcs_common                       0x000022e5   Thumb Code    20  _printf_wchar.o(.text)
    _printf_wchar                            0x000022f9   Thumb Code    16  _printf_wchar.o(.text)
    _printf_wstring                          0x00002309   Thumb Code     8  _printf_wchar.o(.text)
    __vfscanf                                0x00002311   Thumb Code   878  _scanf.o(.text)
    _ftell_internal                          0x00002685   Thumb Code    66  ftell.o(.text)
    ftell                                    0x00002685   Thumb Code     0  ftell.o(.text)
    _wcrtomb                                 0x000026c7   Thumb Code    64  _wcrtomb.o(.text)
    __sig_exit                               0x00002707   Thumb Code    10  defsig_exit.o(.text)
    __rt_SIGABRT                             0x00002711   Thumb Code    14  defsig_abrt_outer.o(.text)
    __rt_SIGRTRED                            0x0000271f   Thumb Code    14  defsig_rtred_outer.o(.text)
    __rt_SIGPVFN_inner                       0x0000272d   Thumb Code    14  defsig_pvfn_inner.o(.text)
    __assert_puts                            0x0000275d   Thumb Code    18  assert_stdio.o(.text)
    __I$use$semihosting                      0x00002775   Thumb Code     0  use_no_semi.o(.text)
    __use_no_semihosting_swi                 0x00002775   Thumb Code     2  use_no_semi.o(.text)
    __semihosting_library_function           0x00002777   Thumb Code     0  indicate_semi.o(.text)
    __rt_ctype_table                         0x00002779   Thumb Code    16  rt_ctype_table.o(.text)
    __rt_locale                              0x00002789   Thumb Code     8  rt_locale.o(.text)
    __aeabi_errno_addr                       0x00002791   Thumb Code     8  rt_errno_addr.o(.text)
    __errno                                  0x00002791   Thumb Code     0  rt_errno_addr.o(.text)
    __rt_errno_addr                          0x00002791   Thumb Code     0  rt_errno_addr.o(.text)
    __Heap_ProvideMemory                     0x00002799   Thumb Code    52  h1_extend.o(.text)
    _printf_fp_infnan                        0x000027cd   Thumb Code   112  _printf_fp_infnan.o(.text)
    _btod_etento                             0x0000284d   Thumb Code   216  bigflt0.o(.text)
    __default_signal_display                 0x00002929   Thumb Code    50  defsig_general.o(.text)
    __rt_SIGABRT_inner                       0x0000295d   Thumb Code    14  defsig_abrt_inner.o(.text)
    __rt_SIGRTRED_inner                      0x0000298d   Thumb Code    14  defsig_rtred_inner.o(.text)
    __rt_SIGRTMEM                            0x000029c1   Thumb Code    14  defsig_rtmem_outer.o(.text)
    __rt_heap_escrow                         0x000029d1   Thumb Code    22  heapauxa.o(.text)
    __rt_heap_expand                         0x000029e7   Thumb Code    52  heapauxa.o(.text)
    __rt_SIGRTMEM_inner                      0x00002a21   Thumb Code    22  defsig_rtmem_inner.o(.text)
    _btod_d2e                                0x00002a71   Thumb Code    62  btod.o(CL$$btod_d2e)
    _d2e_denorm_low                          0x00002aaf   Thumb Code    70  btod.o(CL$$btod_d2e_denorm_low)
    _d2e_norm_op1                            0x00002af5   Thumb Code    96  btod.o(CL$$btod_d2e_norm_op1)
    __btod_div_common                        0x00002b55   Thumb Code   696  btod.o(CL$$btod_div_common)
    _e2e                                     0x00002e8d   Thumb Code   198  btod.o(CL$$btod_e2e)
    _btod_ediv                               0x00002f53   Thumb Code    40  btod.o(CL$$btod_ediv)
    _btod_emul                               0x00002f7b   Thumb Code    40  btod.o(CL$$btod_emul)
    __btod_mult_common                       0x00002fa3   Thumb Code   580  btod.o(CL$$btod_mult_common)
    main                                     0x000031e7   Thumb Code    18  retarget.o(i.$Sub$$main)
    CLOCK_HAL_GetDivider                     0x00003201   Thumb Code   132  fsl_sim_hal.o(i.CLOCK_HAL_GetDivider)
    CLOCK_HAL_GetFllClk                      0x000032a9   Thumb Code   220  fsl_mcg_hal.o(i.CLOCK_HAL_GetFllClk)
    CLOCK_HAL_GetFllRefClk                   0x0000338d   Thumb Code    94  fsl_mcg_hal.o(i.CLOCK_HAL_GetFllRefClk)
    CLOCK_HAL_GetInternalRefClk              0x000033f5   Thumb Code    40  fsl_mcg_hal.o(i.CLOCK_HAL_GetInternalRefClk)
    CLOCK_HAL_GetOutClk                      0x00003421   Thumb Code   180  fsl_mcg_hal.o(i.CLOCK_HAL_GetOutClk)
    CLOCK_HAL_GetPll0Clk                     0x000034e1   Thumb Code    54  fsl_mcg_hal.o(i.CLOCK_HAL_GetPll0Clk)
    CLOCK_SYS_GetFreq                        0x00003521   Thumb Code   130  fsl_clock_manager.o(i.CLOCK_SYS_GetFreq)
    CLOCK_SYS_GetSysClkFreq                  0x000035b1   Thumb Code    76  fsl_clock_manager.o(i.CLOCK_SYS_GetSysClkFreq)
    CLOCK_SYS_GetUartFreq                    0x00003609   Thumb Code    38  fsl_clock_K64F12.o(i.CLOCK_SYS_GetUartFreq)
    GPIO_HAL_SetPinDir                       0x00003631   Thumb Code    38  fsl_gpio_hal.o(i.GPIO_HAL_SetPinDir)
    GPIO_HAL_WritePinOutput                  0x00003669   Thumb Code    32  fsl_gpio_hal.o(i.GPIO_HAL_WritePinOutput)
    NMI_Handler                              0x00003699   Thumb Code    12  mbed_overrides.o(i.NMI_Handler)
    NVIC_SetVector                           0x000036a5   Thumb Code    44  cmsis_nvic.o(i.NVIC_SetVector)
    SIM_HAL_EnablePitClock                   0x000036d9   Thumb Code    18  fsl_sim_hal_K64F12.o(i.SIM_HAL_EnablePitClock)
    SIM_HAL_EnablePortClock                  0x000036eb   Thumb Code    58  fsl_sim_hal_K64F12.o(i.SIM_HAL_EnablePortClock)
    SIM_HAL_EnableUartClock                  0x00003725   Thumb Code    64  fsl_sim_hal_K64F12.o(i.SIM_HAL_EnableUartClock)
    SystemInit                               0x00003765   Thumb Code   274  system_MK64F12.o(i.SystemInit)
    UART_HAL_ClearStatusFlag                 0x000038a5   Thumb Code   100  fsl_uart_hal.o(i.UART_HAL_ClearStatusFlag)
    UART_HAL_FlushTxFifo                     0x00003909   Thumb Code    28  fsl_uart_hal.o(i.UART_HAL_FlushTxFifo)
    UART_HAL_GetStatusFlag                   0x00003925   Thumb Code    68  fsl_uart_hal.o(i.UART_HAL_GetStatusFlag)
    UART_HAL_Init                            0x00003969   Thumb Code    44  fsl_uart_hal.o(i.UART_HAL_Init)
    UART_HAL_Putchar                         0x00003995   Thumb Code     6  fsl_uart_hal.o(i.UART_HAL_Putchar)
    UART_HAL_SetBaudRate                     0x0000399b   Thumb Code    76  fsl_uart_hal.o(i.UART_HAL_SetBaudRate)
    mbed::DigitalOut::write(int)             0x000039e9   Thumb Code    74  main.o(i._ZN4mbed10DigitalOut5writeEi)
    mbed::FileHandle::flen()                 0x00003a41   Thumb Code    60  retarget.o(i._ZN4mbed10FileHandle4flenEv)
    mbed::FileHandle::~FileHandle()          0x00003a7d   Thumb Code     0  retarget.o(i._ZN4mbed10FileHandleD2Ev)
    mbed::FileHandle::~FileHandle__sub_object() 0x00003a7d   Thumb Code    38  retarget.o(i._ZN4mbed10FileHandleD2Ev)
    mbed::SerialBase::_base_putc(int)        0x00003aad   Thumb Code    14  SerialBase.o(i._ZN4mbed10SerialBase10_base_putcEi)
    mbed::SerialBase::_irq_handler(unsigned, SerialIrq) 0x00003abb   Thumb Code    42  SerialBase.o(i._ZN4mbed10SerialBase12_irq_handlerEj9SerialIrq)
    mbed::SerialBase::SerialBase(PinName, PinName) 0x00003ae5   Thumb Code    62  SerialBase.o(i._ZN4mbed10SerialBaseC1E7PinNameS1_)
    mbed::SerialBase::SerialBase__sub_object(PinName, PinName) 0x00003ae5   Thumb Code     0  SerialBase.o(i._ZN4mbed10SerialBaseC1E7PinNameS1_)
    mbed::mbed_set_unbuffered_stream(std::__FILE*) 0x00003b31   Thumb Code     6  retarget.o(i._ZN4mbed26mbed_set_unbuffered_streamEPSt6__FILE)
    mbed::Serial::Serial(PinName, PinName, const char*) 0x00003b39   Thumb Code    32  Serial.o(i._ZN4mbed6SerialC1E7PinNameS1_PKc)
    mbed::Serial::Serial__sub_object(PinName, PinName, const char*) 0x00003b39   Thumb Code     0  Serial.o(i._ZN4mbed6SerialC1E7PinNameS1_PKc)
    mbed::Serial::~Serial()                  0x00003b5d   Thumb Code    12  Serial.o(i._ZN4mbed6SerialD1Ev)
    mbed::Serial::~Serial__sub_object()      0x00003b5d   Thumb Code     0  Serial.o(i._ZN4mbed6SerialD1Ev)
    mbed::Stream::flen()                     0x00003b69   Thumb Code     4  Stream.o(i._ZN4mbed6Stream4flenEv)
    mbed::Stream::close()                    0x00003b6d   Thumb Code     4  Stream.o(i._ZN4mbed6Stream5closeEv)
    mbed::Stream::lseek(long, int)           0x00003b71   Thumb Code     4  Stream.o(i._ZN4mbed6Stream5lseekEli)
    mbed::Stream::write(const void*, unsigned) 0x00003b75   Thumb Code    44  Stream.o(i._ZN4mbed6Stream5writeEPKvj)
    mbed::Stream::isatty()                   0x00003ba1   Thumb Code     4  Stream.o(i._ZN4mbed6Stream6isattyEv)
    mbed::Stream::printf(const char*, ...)   0x00003ba5   Thumb Code    30  Stream.o(i._ZN4mbed6Stream6printfEPKcz)
    mbed::Stream::Stream__sub_object(const char*) 0x00003bc5   Thumb Code    52  Stream.o(i._ZN4mbed6StreamC2EPKc)
    mbed::Stream::~Stream()                  0x00003c05   Thumb Code     0  Stream.o(i._ZN4mbed6StreamD2Ev)
    mbed::Stream::~Stream__sub_object()      0x00003c05   Thumb Code    28  Stream.o(i._ZN4mbed6StreamD2Ev)
    mbed::FileBase::getPathType()            0x00003c25   Thumb Code     4  FileBase.o(i._ZN4mbed8FileBase11getPathTypeEv)
    mbed::FileBase::lookup(const char*, unsigned) 0x00003c29   Thumb Code    50  FileBase.o(i._ZN4mbed8FileBase6lookupEPKcj)
    mbed::FileBase::FileBase(const char*, mbed::PathType) 0x00003c61   Thumb Code    28  FileBase.o(i._ZN4mbed8FileBaseC1EPKcNS_8PathTypeE)
    mbed::FileBase::FileBase__sub_object(const char*, mbed::PathType) 0x00003c61   Thumb Code     0  FileBase.o(i._ZN4mbed8FileBaseC1EPKcNS_8PathTypeE)
    mbed::FileBase::~FileBase()              0x00003c85   Thumb Code    46  FileBase.o(i._ZN4mbed8FileBaseD1Ev)
    mbed::FileBase::~FileBase__sub_object()  0x00003c85   Thumb Code     0  FileBase.o(i._ZN4mbed8FileBaseD1Ev)
    mbed::FileLike::FileLike__sub_object(const char*) 0x00003cbd   Thumb Code    26  FileLike.o(i._ZN4mbed8FileLikeC2EPKc)
    mbed::FileLike::~FileLike()              0x00003ce1   Thumb Code     0  FileLike.o(i._ZN4mbed8FileLikeD2Ev)
    mbed::FileLike::~FileLike__sub_object()  0x00003ce1   Thumb Code    18  FileLike.o(i._ZN4mbed8FileLikeD2Ev)
    mbed::FilePath::fileSystem()             0x00003cf3   Thumb Code    24  FilePath.o(i._ZN4mbed8FilePath10fileSystemEv)
    mbed::FilePath::file()                   0x00003d0b   Thumb Code    28  FilePath.o(i._ZN4mbed8FilePath4fileEv)
    mbed::FilePath::exists()                 0x00003d27   Thumb Code    10  FilePath.o(i._ZN4mbed8FilePath6existsEv)
    mbed::FilePath::isFile()                 0x00003d31   Thumb Code    24  FilePath.o(i._ZN4mbed8FilePath6isFileEv)
    mbed::FilePath::fileName()               0x00003d49   Thumb Code     4  FilePath.o(i._ZN4mbed8FilePath8fileNameEv)
    mbed::FilePath::FilePath(const char*)    0x00003d4d   Thumb Code    64  FilePath.o(i._ZN4mbed8FilePathC1EPKc)
    mbed::FilePath::FilePath__sub_object(const char*) 0x00003d4d   Thumb Code     0  FilePath.o(i._ZN4mbed8FilePathC1EPKc)
    thunk{-60} to mbed::Serial::_putc(int)   0x00003d8d   Thumb Code     6  Serial.o(i._ZThn60_N4mbed6Serial5_putcEi)
    __ARM_fpclassify                         0x00003d93   Thumb Code    48  fpclassify.o(i.__ARM_fpclassify)
    __aeabi_vec_ctor_nocookie_nodtor         0x00003dc3   Thumb Code    36  aeabi_vec_ctor_nocookie_nodtor.o(i.__aeabi_vec_ctor_nocookie_nodtor)
    __cxa_pure_virtual                       0x00003de7   Thumb Code     6  pure_virt.o(i.__cxa_pure_virtual)
    __user_setup_stackheap                   0x00003ded   Thumb Code    10  sys.o(i.__user_setup_stackheap)
    _is_digit                                0x00003dfd   Thumb Code    14  __printf_wp.o(i._is_digit)
    _sys_close                               0x00003e0d   Thumb Code    40  retarget.o(i._sys_close)
    _sys_flen                                0x00003e39   Thumb Code    34  retarget.o(i._sys_flen)
    _sys_istty                               0x00003e61   Thumb Code    34  retarget.o(i._sys_istty)
    _sys_open                                0x00003e89   Thumb Code   288  retarget.o(i._sys_open)
    _sys_seek                                0x00003fc5   Thumb Code    36  retarget.o(i._sys_seek)
    _sys_write                               0x00003fed   Thumb Code    84  retarget.o(i._sys_write)
    error                                    0x0000404d   Thumb Code    20  error.o(i.error)
    exit                                     0x00004065   Thumb Code    24  retarget.o(i.exit)
    fputc                                    0x00004085   Thumb Code    26  fputc.o(i.fputc)
    gpio_dir                                 0x000040a1   Thumb Code    78  gpio_api.o(i.gpio_dir)
    gpio_init                                0x00004111   Thumb Code    76  gpio_api.o(i.gpio_init)
    gpio_init_in                             0x00004175   Thumb Code    40  gpio.o(i.gpio_init_in)
    gpio_init_out                            0x0000419d   Thumb Code    96  gpio.o(i.gpio_init_out)
    gpio_init_out_ex                         0x00004209   Thumb Code    96  gpio.o(i.gpio_init_out_ex)
    gpio_mode                                0x00004289   Thumb Code     6  gpio_api.o(i.gpio_mode)
    mbed_assert_internal                     0x00004291   Thumb Code    12  assert.o(i.mbed_assert_internal)
    mbed_die                                 0x000042d1   Thumb Code   130  board.o(i.mbed_die)
    mbed_main                                0x00004375   Thumb Code     2  retarget.o(i.mbed_main)
    mbed_sdk_init                            0x00004377   Thumb Code     2  retarget.o(i.mbed_sdk_init)
    pin_function                             0x00004379   Thumb Code    86  pinmap.o(i.pin_function)
    pin_mode                                 0x00004401   Thumb Code   132  pinmap.o(i.pin_mode)
    pinmap_merge                             0x000044a9   Thumb Code    38  pinmap_common.o(i.pinmap_merge)
    pinmap_peripheral                        0x000044e5   Thumb Code    58  pinmap_common.o(i.pinmap_peripheral)
    pinmap_pinout                            0x00004541   Thumb Code    66  pinmap_common.o(i.pinmap_pinout)
    serial_init                              0x00004599   Thumb Code   304  serial_api.o(i.serial_init)
    serial_irq_handler                       0x000046f9   Thumb Code    14  serial_api.o(i.serial_irq_handler)
    serial_putc                              0x00004711   Thumb Code   108  serial_api.o(i.serial_putc)
    ticker_irq_handler                       0x00004781   Thumb Code    78  ticker_api.o(i.ticker_irq_handler)
    us_ticker_clear_interrupt                0x000047d1   Thumb Code    10  us_ticker.o(i.us_ticker_clear_interrupt)
    us_ticker_disable_interrupt              0x000047e1   Thumb Code    10  us_ticker.o(i.us_ticker_disable_interrupt)
    us_ticker_init                           0x000047f1   Thumb Code   116  us_ticker.o(i.us_ticker_init)
    us_ticker_irq_handler                    0x00004895   Thumb Code     6  us_ticker_api.o(i.us_ticker_irq_handler)
    us_ticker_read                           0x000048a1   Thumb Code    24  us_ticker.o(i.us_ticker_read)
    us_ticker_set_interrupt                  0x000048c1   Thumb Code    76  us_ticker.o(i.us_ticker_set_interrupt)
    wait                                     0x00004921   Thumb Code    36  wait_api.o(i.wait)
    wait_ms                                  0x00004949   Thumb Code    28  wait_api.o(i.wait_ms)
    _get_lc_numeric                          0x00004965   Thumb Code    44  lc_numeric_c.o(locale$$code)
    _get_lc_ctype                            0x00004991   Thumb Code    44  lc_ctype_c.o(locale$$code)
    _fp_init                                 0x000049bd   Thumb Code    10  fpinit.o(x$fpl$fpinit)
    __fplib_config_fpu_vfp                   0x000049c5   Thumb Code     0  fpinit.o(x$fpl$fpinit)
    __fplib_config_pureend_doubles           0x000049c5   Thumb Code     0  fpinit.o(x$fpl$fpinit)
    _printf_fp_dec                           0x000049c7   Thumb Code     4  printf1.o(x$fpl$printf1)
    _printf_fp_hex                           0x000049cb   Thumb Code     4  printf2.o(x$fpl$printf2)
    __I$use$fp                               0x000049ce   Number         0  usenofp.o(x$fpl$usenofp)
    __stdin_name                             0x00004a0c   Data           7  retarget.o(.constdata)
    __stdout_name                            0x00004a13   Data           8  retarget.o(.constdata)
    __stderr_name                            0x00004a1b   Data           8  retarget.o(.constdata)
    g_simBaseAddr                            0x00004b28   Data           4  fsl_clock_manager.o(.constdata)
    PinMap_UART_TX                           0x00004b2c   Data         144  PeripheralPins.o(.constdata)
    PinMap_UART_RX                           0x00004bbc   Data         144  PeripheralPins.o(.constdata)
    kClockNameConfigTable                    0x00004c4c   Data          18  fsl_sim_hal_K64F12.o(.constdata)
    vtable for mbed::FileHandle              0x00004dcc   Data          44  retarget.o(.constdata__ZTVN4mbed10FileHandleE)
    vtable for mbed::SerialBase              0x00004df8   Data          16  SerialBase.o(.constdata__ZTVN4mbed10SerialBaseE)
    vtable for mbed::Serial                  0x00004e08   Data          92  Serial.o(.constdata__ZTVN4mbed6SerialE)
    vtable for mbed::Stream                  0x00004e64   Data          68  Stream.o(.constdata__ZTVN4mbed6StreamE)
    vtable for mbed::FileBase                0x00004ea8   Data          16  FileBase.o(.constdata__ZTVN4mbed8FileBaseE)
    vtable for mbed::FileLike                0x00004eb8   Data          60  FileLike.o(.constdata__ZTVN4mbed8FileLikeE)
    Region$$Table$$Base                      0x00005308   Number         0  anon$$obj.o(Region$$Table)
    Region$$Table$$Limit                     0x00005328   Number         0  anon$$obj.o(Region$$Table)
    __ctype                                  0x00005351   Data           0  lc_ctype_c.o(locale$$data)
    SHT$$INIT_ARRAY$$Base                    0x00005454   Number         0  main.o(.init_array)
    SHT$$INIT_ARRAY$$Limit                   0x00005458   Number         0  init_aeabi.o(.init_array)
    myled                                    0x1fff0198   Data           4  main.o(.data)
    stdio_uart_inited                        0x1fff019c   Data           4  serial_api.o(.data)
    stdio_uart                               0x1fff01a4   Data           4  serial_api.o(.data)
    mbed::FileBase::_head                    0x1fff01ac   Data           4  FileBase.o(.data)
    __aeabi_stdin                            0x1fff01b8   Data           4  stdio_streams.o(.data)
    __aeabi_stdout                           0x1fff01bc   Data           4  stdio_streams.o(.data)
    __aeabi_stderr                           0x1fff01c0   Data           4  stdio_streams.o(.data)
    pc                                       0x1fff01c8   Data          84  main.o(.bss)
    __stdin                                  0x1fff0270   Data          84  stdio_streams.o(.bss)
    __stdout                                 0x1fff02c4   Data          84  stdio_streams.o(.bss)
    __stderr                                 0x1fff0318   Data          84  stdio_streams.o(.bss)
    Image$$RW_IRAM1$$ZI$$Limit               0x1fff038c   Number         0  anon$$obj.o ABSOLUTE



==============================================================================

Memory Map of the image

  Image Entry point : 0x00000411

  Load Region LR_IROM1 (Base: 0x00000000, Size: 0x00005488, Max: 0x00100000, ABSOLUTE)

    Execution Region ER_IROM1 (Base: 0x00000000, Size: 0x00005458, Max: 0x00100000, ABSOLUTE)

    Base Addr    Size         Type   Attr      Idx    E Section Name        Object

    0x00000000   0x00000400   Data   RO          476    RESET               startup_MK64F12.o
    0x00000400   0x00000010   Code   RO          477    .ARM.__at_0x400     startup_MK64F12.o
    0x00000410   0x00000008   Code   RO         1585  * !!!main             c_w.l(__main.o)
    0x00000418   0x00000034   Code   RO         2381    !!!scatter          c_w.l(__scatter.o)
    0x0000044c   0x0000001a   Code   RO         2383    !!handler_copy      c_w.l(__scatter_copy.o)
    0x00000466   0x00000002   PAD
    0x00000468   0x0000001c   Code   RO         2385    !!handler_zi        c_w.l(__scatter_zi.o)
    0x00000484   0x00000000   Code   RO         1522    .ARM.Collect$$_printf_percent$$00000000  c_w.l(_printf_percent.o)
    0x00000484   0x00000006   Code   RO         1818    .ARM.Collect$$_printf_percent$$00000001  c_w.l(_printf_n.o)
    0x0000048a   0x00000006   Code   RO         1521    .ARM.Collect$$_printf_percent$$00000002  c_w.l(_printf_p.o)
    0x00000490   0x00000006   Code   RO         1824    .ARM.Collect$$_printf_percent$$00000003  c_w.l(_printf_f.o)
    0x00000496   0x00000006   Code   RO         1825    .ARM.Collect$$_printf_percent$$00000004  c_w.l(_printf_e.o)
    0x0000049c   0x00000006   Code   RO         1826    .ARM.Collect$$_printf_percent$$00000005  c_w.l(_printf_g.o)
    0x000004a2   0x00000006   Code   RO         1827    .ARM.Collect$$_printf_percent$$00000006  c_w.l(_printf_a.o)
    0x000004a8   0x0000000a   Code   RO         1832    .ARM.Collect$$_printf_percent$$00000007  c_w.l(_printf_ll.o)
    0x000004b2   0x00000006   Code   RO         1821    .ARM.Collect$$_printf_percent$$00000008  c_w.l(_printf_i.o)
    0x000004b8   0x00000006   Code   RO         1822    .ARM.Collect$$_printf_percent$$00000009  c_w.l(_printf_d.o)
    0x000004be   0x00000006   Code   RO         1823    .ARM.Collect$$_printf_percent$$0000000A  c_w.l(_printf_u.o)
    0x000004c4   0x00000006   Code   RO         1820    .ARM.Collect$$_printf_percent$$0000000B  c_w.l(_printf_o.o)
    0x000004ca   0x00000006   Code   RO         1819    .ARM.Collect$$_printf_percent$$0000000C  c_w.l(_printf_x.o)
    0x000004d0   0x00000006   Code   RO         1829    .ARM.Collect$$_printf_percent$$0000000D  c_w.l(_printf_lli.o)
    0x000004d6   0x00000006   Code   RO         1830    .ARM.Collect$$_printf_percent$$0000000E  c_w.l(_printf_lld.o)
    0x000004dc   0x00000006   Code   RO         1831    .ARM.Collect$$_printf_percent$$0000000F  c_w.l(_printf_llu.o)
    0x000004e2   0x00000006   Code   RO         1836    .ARM.Collect$$_printf_percent$$00000010  c_w.l(_printf_llo.o)
    0x000004e8   0x00000006   Code   RO         1837    .ARM.Collect$$_printf_percent$$00000011  c_w.l(_printf_llx.o)
    0x000004ee   0x0000000a   Code   RO         1833    .ARM.Collect$$_printf_percent$$00000012  c_w.l(_printf_l.o)
    0x000004f8   0x00000006   Code   RO         1816    .ARM.Collect$$_printf_percent$$00000013  c_w.l(_printf_c.o)
    0x000004fe   0x00000006   Code   RO         1817    .ARM.Collect$$_printf_percent$$00000014  c_w.l(_printf_s.o)
    0x00000504   0x00000006   Code   RO         1834    .ARM.Collect$$_printf_percent$$00000015  c_w.l(_printf_lc.o)
    0x0000050a   0x00000006   Code   RO         1835    .ARM.Collect$$_printf_percent$$00000016  c_w.l(_printf_ls.o)
    0x00000510   0x00000004   Code   RO         1828    .ARM.Collect$$_printf_percent$$00000017  c_w.l(_printf_percent_end.o)
    0x00000514   0x00000002   Code   RO         2238    .ARM.Collect$$libinit$$00000000  c_w.l(libinit.o)
    0x00000516   0x00000004   Code   RO         1890    .ARM.Collect$$libinit$$00000001  c_w.l(libinit2.o)
    0x0000051a   0x00000000   Code   RO         1893    .ARM.Collect$$libinit$$00000004  c_w.l(libinit2.o)
    0x0000051a   0x00000008   Code   RO         1894    .ARM.Collect$$libinit$$00000005  c_w.l(libinit2.o)
    0x00000522   0x00000000   Code   RO         1896    .ARM.Collect$$libinit$$0000000A  c_w.l(libinit2.o)
    0x00000522   0x00000000   Code   RO         1898    .ARM.Collect$$libinit$$0000000C  c_w.l(libinit2.o)
    0x00000522   0x00000000   Code   RO         1900    .ARM.Collect$$libinit$$0000000E  c_w.l(libinit2.o)
    0x00000522   0x00000006   Code   RO         1901    .ARM.Collect$$libinit$$0000000F  c_w.l(libinit2.o)
    0x00000528   0x00000000   Code   RO         1903    .ARM.Collect$$libinit$$00000011  c_w.l(libinit2.o)
    0x00000528   0x0000000c   Code   RO         1904    .ARM.Collect$$libinit$$00000012  c_w.l(libinit2.o)
    0x00000534   0x00000000   Code   RO         1905    .ARM.Collect$$libinit$$00000013  c_w.l(libinit2.o)
    0x00000534   0x00000000   Code   RO         1907    .ARM.Collect$$libinit$$00000015  c_w.l(libinit2.o)
    0x00000534   0x0000000a   Code   RO         1908    .ARM.Collect$$libinit$$00000016  c_w.l(libinit2.o)
    0x0000053e   0x00000000   Code   RO         1909    .ARM.Collect$$libinit$$00000017  c_w.l(libinit2.o)
    0x0000053e   0x00000000   Code   RO         1911    .ARM.Collect$$libinit$$00000019  c_w.l(libinit2.o)
    0x0000053e   0x00000000   Code   RO         1913    .ARM.Collect$$libinit$$0000001B  c_w.l(libinit2.o)
    0x0000053e   0x00000000   Code   RO         1915    .ARM.Collect$$libinit$$0000001D  c_w.l(libinit2.o)
    0x0000053e   0x00000000   Code   RO         1917    .ARM.Collect$$libinit$$0000001F  c_w.l(libinit2.o)
    0x0000053e   0x00000000   Code   RO         1919    .ARM.Collect$$libinit$$00000021  c_w.l(libinit2.o)
    0x0000053e   0x00000000   Code   RO         1921    .ARM.Collect$$libinit$$00000023  c_w.l(libinit2.o)
    0x0000053e   0x00000004   Code   RO         1922    .ARM.Collect$$libinit$$00000024  c_w.l(libinit2.o)
    0x00000542   0x00000000   Code   RO         1923    .ARM.Collect$$libinit$$00000025  c_w.l(libinit2.o)
    0x00000542   0x00000000   Code   RO         1927    .ARM.Collect$$libinit$$0000002C  c_w.l(libinit2.o)
    0x00000542   0x00000000   Code   RO         1929    .ARM.Collect$$libinit$$0000002E  c_w.l(libinit2.o)
    0x00000542   0x00000000   Code   RO         1931    .ARM.Collect$$libinit$$00000030  c_w.l(libinit2.o)
    0x00000542   0x00000004   Code   RO         1932    .ARM.Collect$$libinit$$00000031  c_w.l(libinit2.o)
    0x00000546   0x00000000   Code   RO         1933    .ARM.Collect$$libinit$$00000032  c_w.l(libinit2.o)
    0x00000546   0x00000002   Code   RO         1934    .ARM.Collect$$libinit$$00000033  c_w.l(libinit2.o)
    0x00000548   0x00000000   Code   RO         2104    .ARM.Collect$$libshutdown$$00000002  c_w.l(libshutdown2.o)
    0x00000548   0x00000000   Code   RO         2106    .ARM.Collect$$libshutdown$$00000004  c_w.l(libshutdown2.o)
    0x00000548   0x00000000   Code   RO         1714    .ARM.Collect$$rtentry$$00000000  c_w.l(__rtentry.o)
    0x00000548   0x00000000   Code   RO         1989    .ARM.Collect$$rtentry$$00000002  c_w.l(__rtentry2.o)
    0x00000548   0x00000006   Code   RO         2001    .ARM.Collect$$rtentry$$00000004  c_w.l(__rtentry4.o)
    0x0000054e   0x00000000   Code   RO         1991    .ARM.Collect$$rtentry$$00000009  c_w.l(__rtentry2.o)
    0x0000054e   0x00000004   Code   RO         1992    .ARM.Collect$$rtentry$$0000000A  c_w.l(__rtentry2.o)
    0x00000552   0x00000000   Code   RO         1994    .ARM.Collect$$rtentry$$0000000C  c_w.l(__rtentry2.o)
    0x00000552   0x00000008   Code   RO         1995    .ARM.Collect$$rtentry$$0000000D  c_w.l(__rtentry2.o)
    0x0000055a   0x00000002   PAD
    0x0000055c   0x00000000   Code   RO         2172    .emb_text           c_w.l(maybetermalloc1.o)
    0x0000055c   0x00000128   Code   RO            3    .text               main.o
    0x00000684   0x00000024   Code   RO          478    .text               startup_MK64F12.o
    0x000006a8   0x0000000a   Code   RO         1470    .text               c_w.l(vfprintf.o)
    0x000006b2   0x0000000a   Code   RO         1472    .text               c_w.l(c89vfprintf.o)
    0x000006bc   0x0000002c   Code   RO         1474    .text               c_w.l(__2sprintf.o)
    0x000006e8   0x00000094   Code   RO         1498    .text               c_w.l(_printf_hex_int_ll_ptr.o)
    0x0000077c   0x00000188   Code   RO         1518    .text               c_w.l(__printf_flags_ss_wp.o)
    0x00000904   0x0000003c   Code   RO         1525    .text               c_w.l(__0sscanf.o)
    0x00000940   0x0000014c   Code   RO         1527    .text               c_w.l(_scanf_int.o)
    0x00000a8c   0x00000064   Code   RO         1529    .text               c_w.l(fflush.o)
    0x00000af0   0x00000022   Code   RO         1541    .text               c_w.l(fputs.o)
    0x00000b12   0x00000002   PAD
    0x00000b14   0x000000ec   Code   RO         1543    .text               c_w.l(fopen.o)
    0x00000c00   0x00000014   Code   RO         1545    .text               c_w.l(setbuf.o)
    0x00000c14   0x0000004c   Code   RO         1553    .text               c_w.l(fclose.o)
    0x00000c60   0x0000002e   Code   RO         1568    .text               c_w.l(aeabi_atexit.o)
    0x00000c8e   0x00000002   PAD
    0x00000c90   0x00000080   Code   RO         1571    .text               c_w.l(assert.o)
    0x00000d10   0x0000003e   Code   RO         1573    .text               c_w.l(strlen.o)
    0x00000d4e   0x00000096   Code   RO         1575    .text               c_w.l(strncmp.o)
    0x00000de4   0x00000064   Code   RO         1577    .text               c_w.l(rt_memcpy_w.o)
    0x00000e48   0x0000004e   Code   RO         1579    .text               c_w.l(rt_memclr_w.o)
    0x00000e96   0x00000002   PAD
    0x00000e98   0x00000080   Code   RO         1583    .text               c_w.l(strcmpv7m.o)
    0x00000f18   0x00000024   Code   RO         1590    .text               c_w.l(init_aeabi.o)
    0x00000f3c   0x00000008   Code   RO         1720    .text               c_w.l(rt_ddtor_pointer_addr.o)
    0x00000f44   0x0000005e   Code   RO         1729    .text               c_w.l(h1_alloc.o)
    0x00000fa2   0x0000004e   Code   RO         1731    .text               c_w.l(h1_free.o)
    0x00000ff0   0x0000004e   Code   RO         1787    .text               c_w.l(_printf_pad.o)
    0x0000103e   0x00000024   Code   RO         1789    .text               c_w.l(_printf_truncate.o)
    0x00001062   0x00000052   Code   RO         1791    .text               c_w.l(_printf_str.o)
    0x000010b4   0x000000b2   Code   RO         1793    .text               c_w.l(_printf_intcommon.o)
    0x00001166   0x00000002   PAD
    0x00001168   0x00000078   Code   RO         1795    .text               c_w.l(_printf_dec.o)
    0x000011e0   0x00000028   Code   RO         1797    .text               c_w.l(_printf_charcount.o)
    0x00001208   0x00000030   Code   RO         1799    .text               c_w.l(_printf_char_common.o)
    0x00001238   0x0000000a   Code   RO         1801    .text               c_w.l(_sputc.o)
    0x00001242   0x00000002   PAD
    0x00001244   0x00000024   Code   RO         1803    .text               c_w.l(_printf_char_file.o)
    0x00001268   0x000000bc   Code   RO         1805    .text               c_w.l(_printf_wctomb.o)
    0x00001324   0x0000007c   Code   RO         1808    .text               c_w.l(_printf_longlong_dec.o)
    0x000013a0   0x00000070   Code   RO         1814    .text               c_w.l(_printf_oct_int_ll.o)
    0x00001410   0x0000001c   Code   RO         1838    .text               c_w.l(_chval.o)
    0x0000142c   0x0000002c   Code   RO         1844    .text               c_w.l(scanf_char.o)
    0x00001458   0x00000040   Code   RO         1846    .text               c_w.l(_sgetc.o)
    0x00001498   0x00000008   Code   RO         1856    .text               c_w.l(ferror.o)
    0x000014a0   0x000001d6   Code   RO         1860    .text               c_w.l(flsbuf.o)
    0x00001676   0x00000002   PAD
    0x00001678   0x000000f8   Code   RO         1862    .text               c_w.l(fseek.o)
    0x00001770   0x00000046   Code   RO         1864    .text               c_w.l(setvbuf.o)
    0x000017b6   0x00000002   PAD
    0x000017b8   0x000000f0   Code   RO         1866    .text               c_w.l(stdio.o)
    0x000018a8   0x00000138   Code   RO         1869    .text               c_w.l(initio.o)
    0x000019e0   0x00000016   Code   RO         1877    .text               c_w.l(abort.o)
    0x000019f6   0x00000042   Code   RO         1879    .text               c_w.l(cxa_finalize.o)
    0x00001a38   0x0000000e   Code   RO         1882    .text               c_w.l(defsig_pvfn_outer.o)
    0x00001a46   0x0000000e   Code   RO         1981    .text               c_w.l(sys_wrch.o)
    0x00001a54   0x0000000c   Code   RO         1983    .text               c_w.l(sys_exit.o)
    0x00001a60   0x00000008   Code   RO         2005    .text               c_w.l(rt_heap_descriptor.o)
    0x00001a68   0x00000004   Code   RO         2010    .text               c_w.l(hguard.o)
    0x00001a6c   0x0000008a   Code   RO         2012    .text               c_w.l(init_alloc.o)
    0x00001af6   0x0000000e   Code   RO         2016    .text               c_w.l(h1_init.o)
    0x00001b04   0x0000008a   Code   RO         2030    .text               c_w.l(lludiv10.o)
    0x00001b8e   0x00000012   Code   RO         2032    .text               c_w.l(isspace.o)
    0x00001ba0   0x0000041a   Code   RO         2034    .text               c_w.l(_printf_fp_dec.o)
    0x00001fba   0x00000002   PAD
    0x00001fbc   0x000002fc   Code   RO         2036    .text               c_w.l(_printf_fp_hex.o)
    0x000022b8   0x0000002c   Code   RO         2041    .text               c_w.l(_printf_char.o)
    0x000022e4   0x0000002c   Code   RO         2045    .text               c_w.l(_printf_wchar.o)
    0x00002310   0x00000374   Code   RO         2047    .text               c_w.l(_scanf.o)
    0x00002684   0x00000042   Code   RO         2057    .text               c_w.l(ftell.o)
    0x000026c6   0x00000040   Code   RO         2083    .text               c_w.l(_wcrtomb.o)
    0x00002706   0x0000000a   Code   RO         2085    .text               c_w.l(defsig_exit.o)
    0x00002710   0x0000000e   Code   RO         2087    .text               c_w.l(defsig_abrt_outer.o)
    0x0000271e   0x0000000e   Code   RO         2091    .text               c_w.l(defsig_rtred_outer.o)
    0x0000272c   0x00000030   Code   RO         2095    .text               c_w.l(defsig_pvfn_inner.o)
    0x0000275c   0x00000018   Code   RO         2097    .text               c_w.l(assert_stdio.o)
    0x00002774   0x00000002   Code   RO         2150    .text               c_w.l(use_no_semi.o)
    0x00002776   0x00000000   Code   RO         2152    .text               c_w.l(indicate_semi.o)
    0x00002776   0x00000002   PAD
    0x00002778   0x00000010   Code   RO         2153    .text               c_w.l(rt_ctype_table.o)
    0x00002788   0x00000008   Code   RO         2155    .text               c_w.l(rt_locale.o)
    0x00002790   0x00000008   Code   RO         2165    .text               c_w.l(rt_errno_addr.o)
    0x00002798   0x00000034   Code   RO         2174    .text               c_w.l(h1_extend.o)
    0x000027cc   0x00000080   Code   RO         2178    .text               c_w.l(_printf_fp_infnan.o)
    0x0000284c   0x000000dc   Code   RO         2180    .text               c_w.l(bigflt0.o)
    0x00002928   0x00000032   Code   RO         2212    .text               c_w.l(defsig_general.o)
    0x0000295a   0x00000002   PAD
    0x0000295c   0x00000030   Code   RO         2214    .text               c_w.l(defsig_abrt_inner.o)
    0x0000298c   0x00000034   Code   RO         2216    .text               c_w.l(defsig_rtred_inner.o)
    0x000029c0   0x0000000e   Code   RO         2218    .text               c_w.l(defsig_rtmem_outer.o)
    0x000029ce   0x00000002   PAD
    0x000029d0   0x00000050   Code   RO         2224    .text               c_w.l(heapauxa.o)
    0x00002a20   0x00000050   Code   RO         2287    .text               c_w.l(defsig_rtmem_inner.o)
    0x00002a70   0x0000003e   Code   RO         2183    CL$$btod_d2e        c_w.l(btod.o)
    0x00002aae   0x00000046   Code   RO         2185    CL$$btod_d2e_denorm_low  c_w.l(btod.o)
    0x00002af4   0x00000060   Code   RO         2184    CL$$btod_d2e_norm_op1  c_w.l(btod.o)
    0x00002b54   0x00000338   Code   RO         2193    CL$$btod_div_common  c_w.l(btod.o)
    0x00002e8c   0x000000c6   Code   RO         2190    CL$$btod_e2e        c_w.l(btod.o)
    0x00002f52   0x00000028   Code   RO         2187    CL$$btod_ediv       c_w.l(btod.o)
    0x00002f7a   0x00000028   Code   RO         2186    CL$$btod_emul       c_w.l(btod.o)
    0x00002fa2   0x00000244   Code   RO         2192    CL$$btod_mult_common  c_w.l(btod.o)
    0x000031e6   0x00000012   Code   RO          498    i.$Sub$$main        retarget.o
    0x000031f8   0x00000008   Code   RO         1311    i.<Func1>           mbed.ar(SerialBase.o)
    0x00003200   0x000000a8   Code   RO         1392    i.CLOCK_HAL_GetDivider  mbed.ar(fsl_sim_hal.o)
    0x000032a8   0x000000e4   Code   RO         1378    i.CLOCK_HAL_GetFllClk  mbed.ar(fsl_mcg_hal.o)
    0x0000338c   0x00000068   Code   RO         1379    i.CLOCK_HAL_GetFllRefClk  mbed.ar(fsl_mcg_hal.o)
    0x000033f4   0x0000002c   Code   RO         1380    i.CLOCK_HAL_GetInternalRefClk  mbed.ar(fsl_mcg_hal.o)
    0x00003420   0x000000c0   Code   RO         1381    i.CLOCK_HAL_GetOutClk  mbed.ar(fsl_mcg_hal.o)
    0x000034e0   0x00000040   Code   RO         1382    i.CLOCK_HAL_GetPll0Clk  mbed.ar(fsl_mcg_hal.o)
    0x00003520   0x00000090   Code   RO          900    i.CLOCK_SYS_GetFreq  mbed.ar(fsl_clock_manager.o)
    0x000035b0   0x00000058   Code   RO          902    i.CLOCK_SYS_GetSysClkFreq  mbed.ar(fsl_clock_manager.o)
    0x00003608   0x00000026   Code   RO          996    i.CLOCK_SYS_GetUartFreq  mbed.ar(fsl_clock_K64F12.o)
    0x0000362e   0x00000002   PAD
    0x00003630   0x00000038   Code   RO          616    i.GPIO_HAL_SetPinDir  mbed.ar(fsl_gpio_hal.o)
    0x00003668   0x00000030   Code   RO          617    i.GPIO_HAL_WritePinOutput  mbed.ar(fsl_gpio_hal.o)
    0x00003698   0x0000000c   Code   RO          461    i.NMI_Handler       mbed_overrides.o
    0x000036a4   0x00000034   Code   RO          491    i.NVIC_SetVector    cmsis_nvic.o
    0x000036d8   0x00000012   Code   RO         1091    i.SIM_HAL_EnablePitClock  mbed.ar(fsl_sim_hal_K64F12.o)
    0x000036ea   0x0000003a   Code   RO         1092    i.SIM_HAL_EnablePortClock  mbed.ar(fsl_sim_hal_K64F12.o)
    0x00003724   0x00000040   Code   RO         1098    i.SIM_HAL_EnableUartClock  mbed.ar(fsl_sim_hal_K64F12.o)
    0x00003764   0x00000140   Code   RO          470    i.SystemInit        system_MK64F12.o
    0x000038a4   0x00000064   Code   RO          918    i.UART_HAL_ClearStatusFlag  mbed.ar(fsl_uart_hal.o)
    0x00003908   0x0000001c   Code   RO          922    i.UART_HAL_FlushTxFifo  mbed.ar(fsl_uart_hal.o)
    0x00003924   0x00000044   Code   RO          924    i.UART_HAL_GetStatusFlag  mbed.ar(fsl_uart_hal.o)
    0x00003968   0x0000002c   Code   RO          927    i.UART_HAL_Init     mbed.ar(fsl_uart_hal.o)
    0x00003994   0x00000006   Code   RO          931    i.UART_HAL_Putchar  mbed.ar(fsl_uart_hal.o)
    0x0000399a   0x0000004c   Code   RO          933    i.UART_HAL_SetBaudRate  mbed.ar(fsl_uart_hal.o)
    0x000039e6   0x00000002   PAD
    0x000039e8   0x00000058   Code   RO           27    i._ZN4mbed10DigitalOut5writeEi  main.o
    0x00003a40   0x0000003c   Code   RO          608    i._ZN4mbed10FileHandle4flenEv  retarget.o
    0x00003a7c   0x00000030   Code   RO          500    i._ZN4mbed10FileHandleD2Ev  retarget.o
    0x00003aac   0x0000000e   Code   RO         1313    i._ZN4mbed10SerialBase10_base_putcEi  mbed.ar(SerialBase.o)
    0x00003aba   0x0000002a   Code   RO         1315    i._ZN4mbed10SerialBase12_irq_handlerEj9SerialIrq  mbed.ar(SerialBase.o)
    0x00003ae4   0x0000004c   Code   RO         1321    i._ZN4mbed10SerialBaseC1E7PinNameS1_  mbed.ar(SerialBase.o)
    0x00003b30   0x00000006   Code   RO          501    i._ZN4mbed26mbed_set_unbuffered_streamEPSt6__FILE  retarget.o
    0x00003b36   0x00000002   PAD
    0x00003b38   0x00000024   Code   RO          765    i._ZN4mbed6SerialC1E7PinNameS1_PKc  mbed.ar(Serial.o)
    0x00003b5c   0x0000000c   Code   RO          783    i._ZN4mbed6SerialD1Ev  mbed.ar(Serial.o)
    0x00003b68   0x00000004   Code   RO          807    i._ZN4mbed6Stream4flenEv  mbed.ar(Stream.o)
    0x00003b6c   0x00000004   Code   RO          813    i._ZN4mbed6Stream5closeEv  mbed.ar(Stream.o)
    0x00003b70   0x00000004   Code   RO          815    i._ZN4mbed6Stream5lseekEli  mbed.ar(Stream.o)
    0x00003b74   0x0000002c   Code   RO          817    i._ZN4mbed6Stream5writeEPKvj  mbed.ar(Stream.o)
    0x00003ba0   0x00000004   Code   RO          818    i._ZN4mbed6Stream6isattyEv  mbed.ar(Stream.o)
    0x00003ba4   0x0000001e   Code   RO          819    i._ZN4mbed6Stream6printfEPKcz  mbed.ar(Stream.o)
    0x00003bc2   0x00000002   PAD
    0x00003bc4   0x00000040   Code   RO          820    i._ZN4mbed6StreamC2EPKc  mbed.ar(Stream.o)
    0x00003c04   0x00000020   Code   RO          822    i._ZN4mbed6StreamD2Ev  mbed.ar(Stream.o)
    0x00003c24   0x00000004   Code   RO         1258    i._ZN4mbed8FileBase11getPathTypeEv  mbed.ar(FileBase.o)
    0x00003c28   0x00000038   Code   RO         1260    i._ZN4mbed8FileBase6lookupEPKcj  mbed.ar(FileBase.o)
    0x00003c60   0x00000024   Code   RO         1262    i._ZN4mbed8FileBaseC1EPKcNS_8PathTypeE  mbed.ar(FileBase.o)
    0x00003c84   0x00000038   Code   RO         1264    i._ZN4mbed8FileBaseD1Ev  mbed.ar(FileBase.o)
    0x00003cbc   0x00000024   Code   RO         1288    i._ZN4mbed8FileLikeC2EPKc  mbed.ar(FileLike.o)
    0x00003ce0   0x00000012   Code   RO         1290    i._ZN4mbed8FileLikeD2Ev  mbed.ar(FileLike.o)
    0x00003cf2   0x00000018   Code   RO          678    i._ZN4mbed8FilePath10fileSystemEv  mbed.ar(FilePath.o)
    0x00003d0a   0x0000001c   Code   RO          680    i._ZN4mbed8FilePath4fileEv  mbed.ar(FilePath.o)
    0x00003d26   0x0000000a   Code   RO          681    i._ZN4mbed8FilePath6existsEv  mbed.ar(FilePath.o)
    0x00003d30   0x00000018   Code   RO          682    i._ZN4mbed8FilePath6isFileEv  mbed.ar(FilePath.o)
    0x00003d48   0x00000004   Code   RO          683    i._ZN4mbed8FilePath8fileNameEv  mbed.ar(FilePath.o)
    0x00003d4c   0x00000040   Code   RO          684    i._ZN4mbed8FilePathC1EPKc  mbed.ar(FilePath.o)
    0x00003d8c   0x00000006   Code   RO          767    i._ZThn60_N4mbed6Serial5_putcEi  mbed.ar(Serial.o)
    0x00003d92   0x00000030   Code   RO         2264    i.__ARM_fpclassify  m_wm.l(fpclassify.o)
    0x00003dc2   0x00000024   Code   RO         1709    i.__aeabi_vec_ctor_nocookie_nodtor  cpprt_w.l(aeabi_vec_ctor_nocookie_nodtor.o)
    0x00003de6   0x00000006   Code   RO         1600    i.__cxa_pure_virtual  cpprt_w.l(pure_virt.o)
    0x00003dec   0x00000010   Code   RO          456    i.__user_setup_stackheap  sys.o
    0x00003dfc   0x0000000e   Code   RO         1511    i._is_digit         c_w.l(__printf_wp.o)
    0x00003e0a   0x00000002   PAD
    0x00003e0c   0x0000002c   Code   RO          504    i._sys_close        retarget.o
    0x00003e38   0x00000028   Code   RO          507    i._sys_flen         retarget.o
    0x00003e60   0x00000028   Code   RO          508    i._sys_istty        retarget.o
    0x00003e88   0x0000013c   Code   RO          509    i._sys_open         retarget.o
    0x00003fc4   0x00000028   Code   RO          511    i._sys_seek         retarget.o
    0x00003fec   0x00000060   Code   RO          512    i._sys_write        retarget.o
    0x0000404c   0x00000018   Code   RO         1356    i.error             mbed.ar(error.o)
    0x00004064   0x00000020   Code   RO          514    i.exit              retarget.o
    0x00004084   0x0000001a   Code   RO         1538    i.fputc             c_w.l(fputc.o)
    0x0000409e   0x00000002   PAD
    0x000040a0   0x00000070   Code   RO         1219    i.gpio_dir          mbed.ar(gpio_api.o)
    0x00004110   0x00000064   Code   RO         1220    i.gpio_init         mbed.ar(gpio_api.o)
    0x00004174   0x00000028   Code   RO          873    i.gpio_init_in      mbed.ar(gpio.o)
    0x0000419c   0x0000006c   Code   RO          876    i.gpio_init_out     mbed.ar(gpio.o)
    0x00004208   0x00000080   Code   RO          877    i.gpio_init_out_ex  mbed.ar(gpio.o)
    0x00004288   0x00000006   Code   RO         1221    i.gpio_mode         mbed.ar(gpio_api.o)
    0x0000428e   0x00000002   PAD
    0x00004290   0x00000040   Code   RO          869    i.mbed_assert_internal  mbed.ar(assert.o)
    0x000042d0   0x000000a4   Code   RO          482    i.mbed_die          board.o
    0x00004374   0x00000002   Code   RO          515    i.mbed_main         retarget.o
    0x00004376   0x00000002   Code   RO          516    i.mbed_sdk_init     retarget.o
    0x00004378   0x00000088   Code   RO         1233    i.pin_function      mbed.ar(pinmap.o)
    0x00004400   0x000000a8   Code   RO         1234    i.pin_mode          mbed.ar(pinmap.o)
    0x000044a8   0x0000003c   Code   RO         1365    i.pinmap_merge      mbed.ar(pinmap_common.o)
    0x000044e4   0x0000005c   Code   RO         1366    i.pinmap_peripheral  mbed.ar(pinmap_common.o)
    0x00004540   0x00000058   Code   RO         1367    i.pinmap_pinout     mbed.ar(pinmap_common.o)
    0x00004598   0x00000160   Code   RO          639    i.serial_init       mbed.ar(serial_api.o)
    0x000046f8   0x00000018   Code   RO          640    i.serial_irq_handler  mbed.ar(serial_api.o)
    0x00004710   0x00000070   Code   RO          643    i.serial_putc       mbed.ar(serial_api.o)
    0x00004780   0x0000004e   Code   RO         1456    i.ticker_irq_handler  mbed.ar(ticker_api.o)
    0x000047ce   0x00000002   PAD
    0x000047d0   0x00000010   Code   RO         1243    i.us_ticker_clear_interrupt  mbed.ar(us_ticker.o)
    0x000047e0   0x00000010   Code   RO         1244    i.us_ticker_disable_interrupt  mbed.ar(us_ticker.o)
    0x000047f0   0x000000a4   Code   RO         1245    i.us_ticker_init    mbed.ar(us_ticker.o)
    0x00004894   0x0000000c   Code   RO         1444    i.us_ticker_irq_handler  mbed.ar(us_ticker_api.o)
    0x000048a0   0x00000020   Code   RO         1246    i.us_ticker_read    mbed.ar(us_ticker.o)
    0x000048c0   0x00000060   Code   RO         1247    i.us_ticker_set_interrupt  mbed.ar(us_ticker.o)
    0x00004920   0x00000028   Code   RO          889    i.wait              mbed.ar(wait_api.o)
    0x00004948   0x0000001c   Code   RO          890    i.wait_ms           mbed.ar(wait_api.o)
    0x00004964   0x0000002c   Code   RO         2208    locale$$code        c_w.l(lc_numeric_c.o)
    0x00004990   0x0000002c   Code   RO         2283    locale$$code        c_w.l(lc_ctype_c.o)
    0x000049bc   0x0000000a   Code   RO         2148    x$fpl$fpinit        fz_wm.l(fpinit.o)
    0x000049c6   0x00000004   Code   RO         1971    x$fpl$printf1       fz_wm.l(printf1.o)
    0x000049ca   0x00000004   Code   RO         1973    x$fpl$printf2       fz_wm.l(printf2.o)
    0x000049ce   0x00000000   Code   RO         2263    x$fpl$usenofp       fz_wm.l(usenofp.o)
    0x000049ce   0x00000002   PAD
    0x000049d0   0x00000028   Data   RO            6    .constdata          main.o
    0x000049f8   0x00000014   Data   RO          483    .constdata          board.o
    0x00004a0c   0x00000017   Data   RO          557    .constdata          retarget.o
    0x00004a23   0x00000001   PAD
    0x00004a24   0x000000f0   Data   RO          652    .constdata          mbed.ar(serial_api.o)
    0x00004b14   0x00000014   Data   RO          878    .constdata          mbed.ar(gpio.o)
    0x00004b28   0x00000004   Data   RO          905    .constdata          mbed.ar(fsl_clock_manager.o)
    0x00004b2c   0x00000090   Data   RO         1035    .constdata          mbed.ar(PeripheralPins.o)
    0x00004bbc   0x00000090   Data   RO         1036    .constdata          mbed.ar(PeripheralPins.o)
    0x00004c4c   0x00000012   Data   RO         1130    .constdata          mbed.ar(fsl_sim_hal_K64F12.o)
    0x00004c5e   0x00000002   PAD
    0x00004c60   0x00000028   Data   RO         1223    .constdata          mbed.ar(gpio_api.o)
    0x00004c88   0x00000028   Data   RO         1235    .constdata          mbed.ar(pinmap.o)
    0x00004cb0   0x00000014   Data   RO         1445    .constdata          mbed.ar(us_ticker_api.o)
    0x00004cc4   0x00000008   Data   RO         1446    .constdata          mbed.ar(us_ticker_api.o)
    0x00004ccc   0x00000028   Data   RO         1499    .constdata          c_w.l(_printf_hex_int_ll_ptr.o)
    0x00004cf4   0x00000011   Data   RO         1519    .constdata          c_w.l(__printf_flags_ss_wp.o)
    0x00004d05   0x00000003   PAD
    0x00004d08   0x00000008   Data   RO         1806    .constdata          c_w.l(_printf_wctomb.o)
    0x00004d10   0x00000026   Data   RO         2037    .constdata          c_w.l(_printf_fp_hex.o)
    0x00004d36   0x00000002   PAD
    0x00004d38   0x00000094   Data   RO         2181    .constdata          c_w.l(bigflt0.o)
    0x00004dcc   0x0000002c   Data   RO          607    .constdata__ZTVN4mbed10FileHandleE  retarget.o
    0x00004df8   0x00000010   Data   RO         1347    .constdata__ZTVN4mbed10SerialBaseE  mbed.ar(SerialBase.o)
    0x00004e08   0x0000005c   Data   RO          781    .constdata__ZTVN4mbed6SerialE  mbed.ar(Serial.o)
    0x00004e64   0x00000044   Data   RO          866    .constdata__ZTVN4mbed6StreamE  mbed.ar(Stream.o)
    0x00004ea8   0x00000010   Data   RO         1283    .constdata__ZTVN4mbed8FileBaseE  mbed.ar(FileBase.o)
    0x00004eb8   0x0000003c   Data   RO         1306    .constdata__ZTVN4mbed8FileLikeE  mbed.ar(FileLike.o)
    0x00004ef4   0x000000a2   Data   RO            7    .conststring        main.o
    0x00004f96   0x00000002   PAD
    0x00004f98   0x0000006e   Data   RO          484    .conststring        board.o
    0x00005006   0x00000002   PAD
    0x00005008   0x0000008e   Data   RO          618    .conststring        mbed.ar(fsl_gpio_hal.o)
    0x00005096   0x00000002   PAD
    0x00005098   0x00000071   Data   RO          653    .conststring        mbed.ar(serial_api.o)
    0x00005109   0x00000003   PAD
    0x0000510c   0x000000fe   Data   RO         1224    .conststring        mbed.ar(gpio_api.o)
    0x0000520a   0x00000002   PAD
    0x0000520c   0x0000006d   Data   RO         1236    .conststring        mbed.ar(pinmap.o)
    0x00005279   0x00000003   PAD
    0x0000527c   0x0000008c   Data   RO         1415    .conststring        mbed.ar(fsl_sim_hal.o)
    0x00005308   0x00000020   Data   RO         2380    Region$$Table       anon$$obj.o
    0x00005328   0x0000001c   Data   RO         2207    locale$$data        c_w.l(lc_numeric_c.o)
    0x00005344   0x00000110   Data   RO         2282    locale$$data        c_w.l(lc_ctype_c.o)
    0x00005454   0x00000004   Data   RO            9    .init_array         main.o
    0x00005458   0x00000000   Data   RO         1588    .init_array         c_w.l(init_aeabi.o)


    Execution Region RW_IRAM1 (Base: 0x1fff0198, Size: 0x000001f4, Max: 0x0003fe68, ABSOLUTE)

    Base Addr    Size         Type   Attr      Idx    E Section Name        Object

    0x1fff0198   0x00000004   Data   RW            8    .data               main.o
    0x1fff019c   0x0000000c   Data   RW          654    .data               mbed.ar(serial_api.o)
    0x1fff01a8   0x00000004   Data   RW         1248    .data               mbed.ar(us_ticker.o)
    0x1fff01ac   0x00000004   Data   RW         1272    .data               mbed.ar(FileBase.o)
    0x1fff01b0   0x00000008   Data   RW         1447    .data               mbed.ar(us_ticker_api.o)
    0x1fff01b8   0x00000004   Data   RW         1550    .data               c_w.l(stdio_streams.o)
    0x1fff01bc   0x00000004   Data   RW         1551    .data               c_w.l(stdio_streams.o)
    0x1fff01c0   0x00000004   Data   RW         1552    .data               c_w.l(stdio_streams.o)
    0x1fff01c4   0x00000004   Data   RW         2225    .data               c_w.l(heapauxa.o)
    0x1fff01c8   0x00000054   Zero   RW            5    .bss                main.o
    0x1fff021c   0x00000040   Zero   RW          556    .bss                retarget.o
    0x1fff025c   0x00000014   Zero   RW          651    .bss                mbed.ar(serial_api.o)
    0x1fff0270   0x00000054   Zero   RW         1547    .bss                c_w.l(stdio_streams.o)
    0x1fff02c4   0x00000054   Zero   RW         1548    .bss                c_w.l(stdio_streams.o)
    0x1fff0318   0x00000054   Zero   RW         1549    .bss                c_w.l(stdio_streams.o)
    0x1fff036c   0x00000004   Zero   RW         1721    .bss                c_w.l(rt_ddtor_pointer_addr.o)
    0x1fff0370   0x00000004   Zero   RW         2006    .bss                c_w.l(rt_heap_descriptor.o)
    0x1fff0374   0x00000014   Zero   RW         2156    .bss                c_w.l(rt_locale.o)
    0x1fff0388   0x00000004   Zero   RW         2166    .bss                c_w.l(rt_errno_addr.o)


==============================================================================

Image component sizes


      Code (inc. data)   RO Data    RW Data    ZI Data      Debug   Object Name

       164         34        130          0          0        124   board.o
        52          8          0          0          0        132   cmsis_nvic.o
       384        104        206          4         84      26567   main.o
        12          0          0          0          0        124   mbed_overrides.o
       744         78         67          0         64       1608   retarget.o
        52         24       1024          0          0        276   startup_MK64F12.o
        16          6          0          0          0        116   sys.o
       320         46          0          0          0        116   system_MK64F12.o

    ----------------------------------------------------------------------
      1746        300       1464          4        148      29063   Object Totals
         0          0         32          0          0          0   (incl. Generated)
         2          0          5          0          0          0   (incl. Padding)

    ----------------------------------------------------------------------

      Code (inc. data)   RO Data    RW Data    ZI Data      Debug   Library Member Name

        60          8          0          0          0         84   __0sscanf.o
        44          6          0          0          0         84   __2sprintf.o
         8          0          0          0          0         68   __main.o
       392          4         17          0          0         92   __printf_flags_ss_wp.o
        14          0          0          0          0         68   __printf_wp.o
         0          0          0          0          0          0   __rtentry.o
        12          0          0          0          0          0   __rtentry2.o
         6          0          0          0          0          0   __rtentry4.o
        52          8          0          0          0          0   __scatter.o
        26          0          0          0          0          0   __scatter_copy.o
        28          0          0          0          0          0   __scatter_zi.o
        28          0          0          0          0         68   _chval.o
         6          0          0          0          0          0   _printf_a.o
         6          0          0          0          0          0   _printf_c.o
        44          0          0          0          0        108   _printf_char.o
        48          6          0          0          0         96   _printf_char_common.o
        36          4          0          0          0         80   _printf_char_file.o
        40          0          0          0          0         68   _printf_charcount.o
         6          0          0          0          0          0   _printf_d.o
       120         16          0          0          0         92   _printf_dec.o
         6          0          0          0          0          0   _printf_e.o
         6          0          0          0          0          0   _printf_f.o
      1050          0          0          0          0        216   _printf_fp_dec.o
       764         10         38          0          0        100   _printf_fp_hex.o
       128         16          0          0          0         84   _printf_fp_infnan.o
         6          0          0          0          0          0   _printf_g.o
       148          4         40          0          0        160   _printf_hex_int_ll_ptr.o
         6          0          0          0          0          0   _printf_i.o
       178          0          0          0          0         88   _printf_intcommon.o
        10          0          0          0          0          0   _printf_l.o
         6          0          0          0          0          0   _printf_lc.o
        10          0          0          0          0          0   _printf_ll.o
         6          0          0          0          0          0   _printf_lld.o
         6          0          0          0          0          0   _printf_lli.o
         6          0          0          0          0          0   _printf_llo.o
         6          0          0          0          0          0   _printf_llu.o
         6          0          0          0          0          0   _printf_llx.o
       124         16          0          0          0         92   _printf_longlong_dec.o
         6          0          0          0          0          0   _printf_ls.o
         6          0          0          0          0          0   _printf_n.o
         6          0          0          0          0          0   _printf_o.o
       112          8          0          0          0        124   _printf_oct_int_ll.o
         6          0          0          0          0          0   _printf_p.o
        78          0          0          0          0        108   _printf_pad.o
         0          0          0          0          0          0   _printf_percent.o
         4          0          0          0          0          0   _printf_percent_end.o
         6          0          0          0          0          0   _printf_s.o
        82          0          0          0          0         80   _printf_str.o
        36          0          0          0          0         84   _printf_truncate.o
         6          0          0          0          0          0   _printf_u.o
        44          0          0          0          0        108   _printf_wchar.o
       188          6          8          0          0         92   _printf_wctomb.o
         6          0          0          0          0          0   _printf_x.o
       884          6          0          0          0        100   _scanf.o
       332          0          0          0          0         96   _scanf_int.o
        64          0          0          0          0         84   _sgetc.o
        10          0          0          0          0         68   _sputc.o
        64          0          0          0          0         92   _wcrtomb.o
        22          0          0          0          0         80   abort.o
        46          0          0          0          0         84   aeabi_atexit.o
       128         42          0          0          0         76   assert.o
        24          6          0          0          0         80   assert_stdio.o
       220          4        148          0          0         96   bigflt0.o
      1910        128          0          0          0        672   btod.o
        10          0          0          0          0         68   c89vfprintf.o
        66          0          0          0          0         84   cxa_finalize.o
        48         34          0          0          0         76   defsig_abrt_inner.o
        14          0          0          0          0         80   defsig_abrt_outer.o
        10          0          0          0          0         68   defsig_exit.o
        50          0          0          0          0         88   defsig_general.o
        48         34          0          0          0         76   defsig_pvfn_inner.o
        14          0          0          0          0         80   defsig_pvfn_outer.o
        80         58          0          0          0         76   defsig_rtmem_inner.o
        14          0          0          0          0         80   defsig_rtmem_outer.o
        52         38          0          0          0         76   defsig_rtred_inner.o
        14          0          0          0          0         80   defsig_rtred_outer.o
        76          0          0          0          0         88   fclose.o
         8          0          0          0          0         68   ferror.o
       100          4          0          0          0        120   fflush.o
       470          0          0          0          0         88   flsbuf.o
       236          4          0          0          0        128   fopen.o
        26          0          0          0          0         68   fputc.o
        34          0          0          0          0         80   fputs.o
       248          6          0          0          0         84   fseek.o
        66          0          0          0          0         76   ftell.o
        94          0          0          0          0         80   h1_alloc.o
        52          0          0          0          0         68   h1_extend.o
        78          0          0          0          0         80   h1_free.o
        14          0          0          0          0         84   h1_init.o
        80          6          0          4          0         96   heapauxa.o
         4          0          0          0          0        136   hguard.o
         0          0          0          0          0          0   indicate_semi.o
        36         10          0          0          0         80   init_aeabi.o
       138          0          0          0          0        168   init_alloc.o
       312         46          0          0          0        112   initio.o
        18          0          0          0          0         76   isspace.o
        44         10        272          0          0         76   lc_ctype_c.o
        44         10         28          0          0         76   lc_numeric_c.o
         2          0          0          0          0          0   libinit.o
        50          0          0          0          0          0   libinit2.o
         0          0          0          0          0          0   libshutdown2.o
       138          0          0          0          0         80   lludiv10.o
         0          0          0          0          0          0   maybetermalloc1.o
        16          4          0          0          0         76   rt_ctype_table.o
         8          4          0          0          4         68   rt_ddtor_pointer_addr.o
         8          4          0          0          4         68   rt_errno_addr.o
         8          4          0          0          4         68   rt_heap_descriptor.o
         8          4          0          0         20         68   rt_locale.o
        78          0          0          0          0         80   rt_memclr_w.o
       100          0          0          0          0         80   rt_memcpy_w.o
        44          8          0          0          0         84   scanf_char.o
        20          0          0          0          0         68   setbuf.o
        70          0          0          0          0         80   setvbuf.o
       240          6          0          0          0        156   stdio.o
         0          0          0         12        252          0   stdio_streams.o
       128          0          0          0          0         68   strcmpv7m.o
        62          0          0          0          0         76   strlen.o
       150          0          0          0          0         80   strncmp.o
        12          4          0          0          0         68   sys_exit.o
        14          0          0          0          0         76   sys_wrch.o
         2          0          0          0          0         68   use_no_semi.o
        10          0          0          0          0         68   vfprintf.o
        36          0          0          0          0         84   aeabi_vec_ctor_nocookie_nodtor.o
         6          0          0          0          0         68   pure_virt.o
        10          0          0          0          0        116   fpinit.o
         4          0          0          0          0        116   printf1.o
         4          0          0          0          0        116   printf2.o
         0          0          0          0          0          0   usenofp.o
        48          0          0          0          0        124   fpclassify.o
       152         24         16          4          0        476   FileBase.o
        54         10         60          0          0        252   FileLike.o
       154          0          0          0          0        728   FilePath.o
         0          0        288          0          0          0   PeripheralPins.o
        54          4         92          0          0        364   Serial.o
       140         14         16          0          0        484   SerialBase.o
       186         16         68          0          0        992   Stream.o
        64         52          0          0          0        116   assert.o
        24          4          0          0          0        128   error.o
        38          6          0          0          0        124   fsl_clock_K64F12.o
       232         50          4          0          0        256   fsl_clock_manager.o
       104         34        142          0          0        248   fsl_gpio_hal.o
       632         44          0          0          0        632   fsl_mcg_hal.o
       168         36        140          0          0        124   fsl_sim_hal.o
       140         12         18          0          0        348   fsl_sim_hal_K64F12.o
       322          0          0          0          0        712   fsl_uart_hal.o
       276         44         20          0          0        440   gpio.o
       218         58        294          0          0        396   gpio_api.o
       304         86        149          0          0        272   pinmap.o
       240         78          0          0          0        384   pinmap_common.o
       488         62        353         12         20        400   serial_api.o
        78          0          0          0          0        136   ticker_api.o
       324         88          0          4          0        616   us_ticker.o
        12          6         28          8          0        116   us_ticker_api.o
        68          4          0          0          0        256   wait_api.o

    ----------------------------------------------------------------------
     16126       1328       2256         44        304      17740   Library Totals
        42          0         17          0          0          0   (incl. Padding)

    ----------------------------------------------------------------------

      Code (inc. data)   RO Data    RW Data    ZI Data      Debug   Library Name

     11504        596        551         16        284       8116   c_w.l
        42          0          0          0          0        152   cpprt_w.l
        18          0          0          0          0        348   fz_wm.l
        48          0          0          0          0        124   m_wm.l
      4472        732       1688         28         20       9000   mbed.ar

    ----------------------------------------------------------------------
     16126       1328       2256         44        304      17740   Library Totals

    ----------------------------------------------------------------------

==============================================================================


      Code (inc. data)   RO Data    RW Data    ZI Data      Debug   

     17872       1628       3720         48        452      33119   Grand Totals
     17872       1628       3720         48        452      33119   ELF Image Totals
     17872       1628       3720         48          0          0   ROM Totals

==============================================================================

    Total RO  Size (Code + RO Data)                21592 (  21.09kB)
    Total RW  Size (RW Data + ZI Data)               500 (   0.49kB)
    Total ROM Size (Code + RO Data + RW Data)      21640 (  21.13kB)

==============================================================================

