<html>
<body>
<pre>
<h1>µVision Build Log</h1>
<h2>Tool Versions:</h2>
IDE-Version: µVision V5.16a
Copyright (C) 2015 ARM Ltd and ARM Germany GmbH. All rights reserved.
License Information: Arunkumar Mourougappane, Cyient, LIC=GE745-GVX0P-04ESQ-NX5E6-IHFE2-ZU8LM
 
Tool Versions:
Toolchain:       MDK-ARM Professional  Version: 5.16a
Toolchain Path:  C:\Keil_v5\ARM\ARMCC\Bin
C Compiler:      Armcc.exe V5.06 (build 20)
Assembler:       Armasm.exe V5.06 (build 20)
Linker/Locator:  ArmLink.exe V5.06 (build 20)
Library Manager: ArmAr.exe V5.06 (build 20)
Hex Converter:   FromElf.exe V5.06 (build 20)
CPU DLL:         SARMCM3.DLL V5.16a
Dialog DLL:      DCM.DLL V1.13.2.0
Target DLL:      CMSIS_AGDI.dll V1.21.20.0
Dialog DLL:      TCM.DLL V1.14.5.0
 
<h2>Project:</h2>
C:\Users\Arunkumar\OneDrive\Gyro-mag-FRDM\9250_frdmk64f.uvprojx
Project File Date:  10/03/2015

<h2>Output:</h2>
*** Using Compiler 'V5.06 (build 20)', folder: 'C:\Keil_v5\ARM\ARMCC\Bin'
Rebuild target 'mbed FRDM-K64F'
compiling main.cpp...
"main.cpp": using precompiled header file "build\main.pch"
linking...
Program Size: Code=17872 RO-data=3720 RW-data=48 ZI-data=452  
After Build - User command #1: fromelf --bin -o E:\9250_frdmk64f_K64F.bin build\9250_frdmk64f.axf
".\build\9250_frdmk64f.axf" - 0 Error(s), 0 Warning(s).

<h2>Collection of Component include folders:</h2>
  C:\Users\Arunkumar\OneDrive\Gyro-mag-FRDM\RTE
  C:\Keil_v5\ARM\PACK\Keil\Kinetis_K60_DFP\1.4.0\Device\Include

<h2>Collection of Component Files used:</h2>
Build Time Elapsed:  00:00:02
</pre>
</body>
</html>
