Component: ARM Compiler 5.06 (build 20) Tool: armlink [4d35a3]

==============================================================================

Section Cross References

    main.o(.text) refers to SerialBase.o(i._ZN4mbed10SerialBase4baudEi) for mbed::SerialBase::baud(int)
    main.o(.text) refers to I2C.o(i._ZN4mbed3I2C9frequencyEi) for mbed::I2C::frequency(int)
    main.o(.text) refers to Timer.o(i._ZN4mbed5Timer5startEv) for mbed::Timer::start()
    main.o(.text) refers to main.o(i._ZN7MPU92508readByteEhh) for MPU9250::readByte(unsigned char, unsigned char)
    main.o(.text) refers to wait_api.o(i.wait) for wait
    main.o(.text) refers to main.o(i._ZN7MPU92509writeByteEhhh) for MPU9250::writeByte(unsigned char, unsigned char, unsigned char)
    main.o(.text) refers to main.o(i._ZN7MPU925015MPU9250SelfTestEPf) for MPU9250::MPU9250SelfTest(float*)
    main.o(.text) refers to main.o(i._ZN7MPU925016calibrateMPU9250EPfS0_) for MPU9250::calibrateMPU9250(float*, float*)
    main.o(.text) refers to main.o(i._ZN7MPU925011initMPU9250Ev) for MPU9250::initMPU9250()
    main.o(.text) refers to main.o(i._ZN7MPU925010initAK8963EPf) for MPU9250::initAK8963(float*)
    main.o(.text) refers to Stream.o(i._ZN4mbed6Stream6printfEPKcz) for mbed::Stream::printf(const char*, ...)
    main.o(.text) refers to main.o(i._ZN4mbed10DigitalOutcviEv) for mbed::DigitalOut::operator int()
    main.o(.text) refers to main.o(i._ZN4mbed10DigitalOutaSEi) for mbed::DigitalOut::operator =(int)
    main.o(.text) refers to main.o(i._ZN7MPU92509readBytesEhhhPh) for MPU9250::readBytes(unsigned char, unsigned char, unsigned char, unsigned char*)
    main.o(.text) refers to main.o(.bss) for pc
    main.o(.text) refers to main.o(.data) for i2c
    main.o(.text) refers to Timer.o(i._ZN4mbed5Timer7read_usEv) for mbed::Timer::read_us()
    main.o(.text) refers to main.o(i._ZN7MPU925022MahonyQuaternionUpdateEfffffffff) for MPU9250::MahonyQuaternionUpdate(float, float, float, float, float, float, float, float, float)
    main.o(.text) refers to Timer.o(i._ZN4mbed5Timer7read_msEv) for mbed::Timer::read_ms()
    main.o(.text) refers to main.o(i._ZSt5atan2ff) for std::atan2(float, float)
    main.o(.text) refers to asinf.o(i.__hardfp_asinf) for __hardfp_asinf
    main.o(.text) refers to f2d.o(x$fpl$f2d) for __aeabi_f2d
    main.o(.text) refers to I2C.o(i._ZN4mbed3I2CC1E7PinNameS1_) for mbed::I2C::I2C(PinName, PinName)
    main.o(.text) refers to main.o(i._ZN4mbed10DigitalOutC1E7PinName) for mbed::DigitalOut::DigitalOut(PinName)
    main.o(.text) refers to main.o(i._ZSt4sqrtf) for std::sqrt(float)
    main.o(.text) refers to Timer.o(i._ZN4mbed5TimerC1Ev) for mbed::Timer::Timer()
    main.o(.text) refers to Serial.o(i._ZN4mbed6SerialC1E7PinNameS1_PKc) for mbed::Serial::Serial(PinName, PinName, const char*)
    main.o(.text) refers to aeabi_atexit.o(.text) for __aeabi_atexit
    main.o(.text) refers to Serial.o(i._ZN4mbed6SerialD1Ev) for mbed::Serial::~Serial()
    main.o(.text) refers to assert.o(i.mbed_assert_internal) for mbed_assert_internal
    main.o(.text) refers to rt_memcpy_w.o(.text) for __aeabi_memcpy4
    main.o(.text) refers to assert.o(.text) for __aeabi_assert
    main.o(.text) refers to main.o(.conststring) for .conststring
    main.o(.text) refers to main.o(.constdata) for .constdata
    main.o(.ARM.exidx) refers to main.o(.text) for .text
    main.o(.init_array) refers to main.o(.text) for __sti___8_main_cpp_Ascale
    main.o(.init_array) refers to init_aeabi.o(.text) for __cpp_initialize__aeabi_
    board.o(i.mbed_die) refers to gpio.o(i.gpio_init_out) for gpio_init_out
    board.o(i.mbed_die) refers to assert.o(i.mbed_assert_internal) for mbed_assert_internal
    board.o(i.mbed_die) refers to fsl_gpio_hal.o(i.GPIO_HAL_WritePinOutput) for GPIO_HAL_WritePinOutput
    board.o(i.mbed_die) refers to wait_api.o(i.wait_ms) for wait_ms
    board.o(i.mbed_die) refers to board.o(.constdata) for .constdata
    board.o(i.mbed_die) refers to board.o(.conststring) for .conststring
    cmsis_nvic.o(i.NVIC_SetVector) refers to rt_memcpy_w.o(.text) for __aeabi_memcpy4
    mbed_overrides.o(i.NMI_Handler) refers to gpio.o(i.gpio_init_in) for gpio_init_in
    mbed_overrides.o(i.mbed_mac_address) refers to crc.o(i.crcSlow) for crcSlow
    retarget.o(i.$Sub$$main) refers to retarget.o(i.mbed_sdk_init) for mbed_sdk_init
    retarget.o(i.$Sub$$main) refers to retarget.o(i.mbed_main) for mbed_main
    retarget.o(i.$Sub$$main) refers to main.o(.text) for $Super$$main
    retarget.o(i._ZN4mbed10FileHandleD0Ev) refers to delete.o(i._ZdlPv) for operator delete (void*)
    retarget.o(i._ZN4mbed10FileHandleD0Ev) refers to retarget.o(.constdata__ZTVN4mbed10FileHandleE) for vtable for mbed::FileHandle
    retarget.o(i._ZN4mbed10FileHandleD0Ev) refers to retarget.o(.bss) for .bss
    retarget.o(i._ZN4mbed10FileHandleD2Ev) refers to retarget.o(.constdata__ZTVN4mbed10FileHandleE) for vtable for mbed::FileHandle
[...]
    _printf_fp_dec_real                      0x00002657   Thumb Code   620  _printf_fp_dec.o(.text)
    _printf_fp_hex_real                      0x000028c5   Thumb Code   754  _printf_fp_hex.o(.text)
    _printf_cs_common                        0x00002bc1   Thumb Code    20  _printf_char.o(.text)
    _printf_char                             0x00002bd5   Thumb Code    16  _printf_char.o(.text)
    _printf_string                           0x00002be5   Thumb Code     8  _printf_char.o(.text)
    _printf_lcs_common                       0x00002bed   Thumb Code    20  _printf_wchar.o(.text)
    _printf_wchar                            0x00002c01   Thumb Code    16  _printf_wchar.o(.text)
    _printf_wstring                          0x00002c11   Thumb Code     8  _printf_wchar.o(.text)
    __vfscanf                                0x00002c19   Thumb Code   878  _scanf.o(.text)
    _ftell_internal                          0x00002f8d   Thumb Code    66  ftell.o(.text)
    ftell                                    0x00002f8d   Thumb Code     0  ftell.o(.text)
    _wcrtomb                                 0x00002fcf   Thumb Code    64  _wcrtomb.o(.text)
    __sig_exit                               0x0000300f   Thumb Code    10  defsig_exit.o(.text)
    __rt_SIGABRT                             0x00003019   Thumb Code    14  defsig_abrt_outer.o(.text)
    __rt_SIGRTRED                            0x00003027   Thumb Code    14  defsig_rtred_outer.o(.text)
    __rt_SIGPVFN_inner                       0x00003035   Thumb Code    14  defsig_pvfn_inner.o(.text)
    __assert_puts                            0x00003065   Thumb Code    18  assert_stdio.o(.text)
    __I$use$semihosting                      0x0000307d   Thumb Code     0  use_no_semi.o(.text)
    __use_no_semihosting_swi                 0x0000307d   Thumb Code     2  use_no_semi.o(.text)
    __semihosting_library_function           0x0000307f   Thumb Code     0  indicate_semi.o(.text)
    __rt_ctype_table                         0x00003081   Thumb Code    16  rt_ctype_table.o(.text)
    __rt_locale                              0x00003091   Thumb Code     8  rt_locale.o(.text)
    __Heap_ProvideMemory                     0x00003099   Thumb Code    52  h1_extend.o(.text)
    _printf_fp_infnan                        0x000030cd   Thumb Code   112  _printf_fp_infnan.o(.text)
    _btod_etento                             0x0000314d   Thumb Code   216  bigflt0.o(.text)
    __default_signal_display                 0x00003229   Thumb Code    50  defsig_general.o(.text)
    __rt_SIGABRT_inner                       0x0000325d   Thumb Code    14  defsig_abrt_inner.o(.text)
    __rt_SIGRTRED_inner                      0x0000328d   Thumb Code    14  defsig_rtred_inner.o(.text)
    __rt_SIGRTMEM                            0x000032c1   Thumb Code    14  defsig_rtmem_outer.o(.text)
    __rt_heap_escrow                         0x000032d1   Thumb Code    22  heapauxa.o(.text)
    __rt_heap_expand                         0x000032e7   Thumb Code    52  heapauxa.o(.text)
    __rt_SIGRTMEM_inner                      0x00003321   Thumb Code    22  defsig_rtmem_inner.o(.text)
    _btod_d2e                                0x00003371   Thumb Code    62  btod.o(CL$$btod_d2e)
    _d2e_denorm_low                          0x000033af   Thumb Code    70  btod.o(CL$$btod_d2e_denorm_low)
    _d2e_norm_op1                            0x000033f5   Thumb Code    96  btod.o(CL$$btod_d2e_norm_op1)
    __btod_div_common                        0x00003455   Thumb Code   696  btod.o(CL$$btod_div_common)
    _e2e                                     0x0000378d   Thumb Code   198  btod.o(CL$$btod_e2e)
    _btod_ediv                               0x00003853   Thumb Code    40  btod.o(CL$$btod_ediv)
    _btod_emul                               0x0000387b   Thumb Code    40  btod.o(CL$$btod_emul)
    __btod_mult_common                       0x000038a3   Thumb Code   580  btod.o(CL$$btod_mult_common)
    main                                     0x00003ae7   Thumb Code    18  retarget.o(i.$Sub$$main)
    CLOCK_HAL_GetDivider                     0x00003b01   Thumb Code   132  fsl_sim_hal.o(i.CLOCK_HAL_GetDivider)
    CLOCK_HAL_GetFllClk                      0x00003ba9   Thumb Code   220  fsl_mcg_hal.o(i.CLOCK_HAL_GetFllClk)
    CLOCK_HAL_GetFllRefClk                   0x00003c8d   Thumb Code    94  fsl_mcg_hal.o(i.CLOCK_HAL_GetFllRefClk)
    CLOCK_HAL_GetInternalRefClk              0x00003cf5   Thumb Code    40  fsl_mcg_hal.o(i.CLOCK_HAL_GetInternalRefClk)
    CLOCK_HAL_GetOutClk                      0x00003d21   Thumb Code   180  fsl_mcg_hal.o(i.CLOCK_HAL_GetOutClk)
    CLOCK_HAL_GetPll0Clk                     0x00003de1   Thumb Code    54  fsl_mcg_hal.o(i.CLOCK_HAL_GetPll0Clk)
    CLOCK_SYS_GetFreq                        0x00003e21   Thumb Code   130  fsl_clock_manager.o(i.CLOCK_SYS_GetFreq)
    CLOCK_SYS_GetSysClkFreq                  0x00003eb1   Thumb Code    76  fsl_clock_manager.o(i.CLOCK_SYS_GetSysClkFreq)
    CLOCK_SYS_GetUartFreq                    0x00003f09   Thumb Code    38  fsl_clock_K64F12.o(i.CLOCK_SYS_GetUartFreq)
    GPIO_HAL_SetPinDir                       0x00003f31   Thumb Code    38  fsl_gpio_hal.o(i.GPIO_HAL_SetPinDir)
    GPIO_HAL_WritePinOutput                  0x00003f69   Thumb Code    32  fsl_gpio_hal.o(i.GPIO_HAL_WritePinOutput)
    I2C_HAL_Init                             0x00003f99   Thumb Code    30  fsl_i2c_hal.o(i.I2C_HAL_Init)
    I2C_HAL_SendStart                        0x00003fb7   Thumb Code    32  fsl_i2c_hal.o(i.I2C_HAL_SendStart)
    I2C_HAL_SetBaudRate                      0x00003fd9   Thumb Code   160  fsl_i2c_hal.o(i.I2C_HAL_SetBaudRate)
    NMI_Handler                              0x00004081   Thumb Code    12  mbed_overrides.o(i.NMI_Handler)
    NVIC_SetVector                           0x0000408d   Thumb Code    44  cmsis_nvic.o(i.NVIC_SetVector)
    SIM_HAL_EnableI2cClock                   0x000040c1   Thumb Code    42  fsl_sim_hal_K64F12.o(i.SIM_HAL_EnableI2cClock)
    SIM_HAL_EnablePitClock                   0x000040eb   Thumb Code    18  fsl_sim_hal_K64F12.o(i.SIM_HAL_EnablePitClock)
    SIM_HAL_EnablePortClock                  0x000040fd   Thumb Code    58  fsl_sim_hal_K64F12.o(i.SIM_HAL_EnablePortClock)
    SIM_HAL_EnableUartClock                  0x00004137   Thumb Code    64  fsl_sim_hal_K64F12.o(i.SIM_HAL_EnableUartClock)
    SystemInit                               0x00004179   Thumb Code   274  system_MK64F12.o(i.SystemInit)
    UART_HAL_ClearStatusFlag                 0x000042b9   Thumb Code   100  fsl_uart_hal.o(i.UART_HAL_ClearStatusFlag)
    UART_HAL_FlushTxFifo                     0x0000431d   Thumb Code    28  fsl_uart_hal.o(i.UART_HAL_FlushTxFifo)
    UART_HAL_GetStatusFlag                   0x00004339   Thumb Code    68  fsl_uart_hal.o(i.UART_HAL_GetStatusFlag)
    UART_HAL_Init                            0x0000437d   Thumb Code    44  fsl_uart_hal.o(i.UART_HAL_Init)
    UART_HAL_Putchar                         0x000043a9   Thumb Code     6  fsl_uart_hal.o(i.UART_HAL_Putchar)
    UART_HAL_SetBaudRate                     0x000043af   Thumb Code    76  fsl_uart_hal.o(i.UART_HAL_SetBaudRate)
    mbed::DigitalOut::write(int)             0x000043fd   Thumb Code    74  main.o(i._ZN4mbed10DigitalOut5writeEi)
    mbed::DigitalOut::DigitalOut(PinName)    0x00004469   Thumb Code    22  main.o(i._ZN4mbed10DigitalOutC1E7PinName)
    mbed::DigitalOut::DigitalOut__sub_object(PinName) 0x00004469   Thumb Code     0  main.o(i._ZN4mbed10DigitalOutC1E7PinName)
    mbed::DigitalOut::operator =(int)        0x0000447f   Thumb Code    18  main.o(i._ZN4mbed10DigitalOutaSEi)
    mbed::DigitalOut::operator int()         0x00004491   Thumb Code    14  main.o(i._ZN4mbed10DigitalOutcviEv)
    mbed::FileHandle::flen()                 0x0000449f   Thumb Code    60  retarget.o(i._ZN4mbed10FileHandle4flenEv)
    mbed::FileHandle::~FileHandle()          0x000044dd   Thumb Code     0  retarget.o(i._ZN4mbed10FileHandleD2Ev)
    mbed::FileHandle::~FileHandle__sub_object() 0x000044dd   Thumb Code    38  retarget.o(i._ZN4mbed10FileHandleD2Ev)
    mbed::SerialBase::_base_putc(int)        0x0000450d   Thumb Code    14  SerialBase.o(i._ZN4mbed10SerialBase10_base_putcEi)
    mbed::SerialBase::_irq_handler(unsigned, SerialIrq) 0x0000451b   Thumb Code    42  SerialBase.o(i._ZN4mbed10SerialBase12_irq_handlerEj9SerialIrq)
    mbed::SerialBase::baud(int)              0x00004545   Thumb Code    16  SerialBase.o(i._ZN4mbed10SerialBase4baudEi)
    mbed::SerialBase::SerialBase(PinName, PinName) 0x00004555   Thumb Code    62  SerialBase.o(i._ZN4mbed10SerialBaseC1E7PinNameS1_)
    mbed::SerialBase::SerialBase__sub_object(PinName, PinName) 0x00004555   Thumb Code     0  SerialBase.o(i._ZN4mbed10SerialBaseC1E7PinNameS1_)
    mbed::mbed_set_unbuffered_stream(std::__FILE*) 0x000045a1   Thumb Code     6  retarget.o(i._ZN4mbed26mbed_set_unbuffered_streamEPSt6__FILE)
    mbed::I2C::read(int, char*, int, bool)   0x000045a9   Thumb Code    68  I2C.o(i._ZN4mbed3I2C4readEiPcib)
    mbed::I2C::write(int, const char*, int, bool) 0x000045f1   Thumb Code    68  I2C.o(i._ZN4mbed3I2C5writeEiPKcib)
    mbed::I2C::frequency(int)                0x00004639   Thumb Code    16  I2C.o(i._ZN4mbed3I2C9frequencyEi)
    mbed::I2C::I2C(PinName, PinName)         0x0000464d   Thumb Code    26  I2C.o(i._ZN4mbed3I2CC1E7PinNameS1_)
    mbed::I2C::I2C__sub_object(PinName, PinName) 0x0000464d   Thumb Code     0  I2C.o(i._ZN4mbed3I2CC1E7PinNameS1_)
    mbed::Timer::start()                     0x00004671   Thumb Code    26  Timer.o(i._ZN4mbed5Timer5startEv)
    mbed::Timer::read_ms()                   0x0000468b   Thumb Code    32  Timer.o(i._ZN4mbed5Timer7read_msEv)
    mbed::Timer::read_us()                   0x000046ab   Thumb Code    24  Timer.o(i._ZN4mbed5Timer7read_usEv)
    mbed::Timer::Timer()                     0x000046c3   Thumb Code    30  Timer.o(i._ZN4mbed5TimerC1Ev)
    mbed::Timer::Timer__sub_object()         0x000046c3   Thumb Code     0  Timer.o(i._ZN4mbed5TimerC1Ev)
    mbed::Serial::Serial(PinName, PinName, const char*) 0x000046e1   Thumb Code    32  Serial.o(i._ZN4mbed6SerialC1E7PinNameS1_PKc)
    mbed::Serial::Serial__sub_object(PinName, PinName, const char*) 0x000046e1   Thumb Code     0  Serial.o(i._ZN4mbed6SerialC1E7PinNameS1_PKc)
    mbed::Serial::~Serial()                  0x00004705   Thumb Code    12  Serial.o(i._ZN4mbed6SerialD1Ev)
    mbed::Serial::~Serial__sub_object()      0x00004705   Thumb Code     0  Serial.o(i._ZN4mbed6SerialD1Ev)
    mbed::Stream::flen()                     0x00004711   Thumb Code     4  Stream.o(i._ZN4mbed6Stream4flenEv)
    mbed::Stream::close()                    0x00004715   Thumb Code     4  Stream.o(i._ZN4mbed6Stream5closeEv)
    mbed::Stream::lseek(long, int)           0x00004719   Thumb Code     4  Stream.o(i._ZN4mbed6Stream5lseekEli)
    mbed::Stream::write(const void*, unsigned) 0x0000471d   Thumb Code    44  Stream.o(i._ZN4mbed6Stream5writeEPKvj)
    mbed::Stream::isatty()                   0x00004749   Thumb Code     4  Stream.o(i._ZN4mbed6Stream6isattyEv)
    mbed::Stream::printf(const char*, ...)   0x0000474d   Thumb Code    30  Stream.o(i._ZN4mbed6Stream6printfEPKcz)
    mbed::Stream::Stream__sub_object(const char*) 0x0000476d   Thumb Code    52  Stream.o(i._ZN4mbed6StreamC2EPKc)
    mbed::Stream::~Stream()                  0x000047ad   Thumb Code     0  Stream.o(i._ZN4mbed6StreamD2Ev)
    mbed::Stream::~Stream__sub_object()      0x000047ad   Thumb Code    28  Stream.o(i._ZN4mbed6StreamD2Ev)
    mbed::FileBase::getPathType()            0x000047cd   Thumb Code     4  FileBase.o(i._ZN4mbed8FileBase11getPathTypeEv)
    mbed::FileBase::lookup(const char*, unsigned) 0x000047d1   Thumb Code    50  FileBase.o(i._ZN4mbed8FileBase6lookupEPKcj)
    mbed::FileBase::FileBase(const char*, mbed::PathType) 0x00004809   Thumb Code    28  FileBase.o(i._ZN4mbed8FileBaseC1EPKcNS_8PathTypeE)
    mbed::FileBase::FileBase__sub_object(const char*, mbed::PathType) 0x00004809   Thumb Code     0  FileBase.o(i._ZN4mbed8FileBaseC1EPKcNS_8PathTypeE)
    mbed::FileBase::~FileBase()              0x0000482d   Thumb Code    46  FileBase.o(i._ZN4mbed8FileBaseD1Ev)
    mbed::FileBase::~FileBase__sub_object()  0x0000482d   Thumb Code     0  FileBase.o(i._ZN4mbed8FileBaseD1Ev)
    mbed::FileLike::FileLike__sub_object(const char*) 0x00004865   Thumb Code    26  FileLike.o(i._ZN4mbed8FileLikeC2EPKc)
    mbed::FileLike::~FileLike()              0x00004889   Thumb Code     0  FileLike.o(i._ZN4mbed8FileLikeD2Ev)
    mbed::FileLike::~FileLike__sub_object()  0x00004889   Thumb Code    18  FileLike.o(i._ZN4mbed8FileLikeD2Ev)
    mbed::FilePath::fileSystem()             0x0000489b   Thumb Code    24  FilePath.o(i._ZN4mbed8FilePath10fileSystemEv)
    mbed::FilePath::file()                   0x000048b3   Thumb Code    28  FilePath.o(i._ZN4mbed8FilePath4fileEv)
    mbed::FilePath::exists()                 0x000048cf   Thumb Code    10  FilePath.o(i._ZN4mbed8FilePath6existsEv)
    mbed::FilePath::isFile()                 0x000048d9   Thumb Code    24  FilePath.o(i._ZN4mbed8FilePath6isFileEv)
    mbed::FilePath::fileName()               0x000048f1   Thumb Code     4  FilePath.o(i._ZN4mbed8FilePath8fileNameEv)
    mbed::FilePath::FilePath(const char*)    0x000048f5   Thumb Code    64  FilePath.o(i._ZN4mbed8FilePathC1EPKc)
    mbed::FilePath::FilePath__sub_object(const char*) 0x000048f5   Thumb Code     0  FilePath.o(i._ZN4mbed8FilePathC1EPKc)
    MPU9250::initAK8963(float*)              0x00004935   Thumb Code   218  main.o(i._ZN7MPU925010initAK8963EPf)
    MPU9250::initMPU9250()                   0x00004a21   Thumb Code   246  main.o(i._ZN7MPU925011initMPU9250Ev)
    MPU9250::MPU9250SelfTest(float*)         0x00004b25   Thumb Code  1590  main.o(i._ZN7MPU925015MPU9250SelfTestEPf)
    MPU9250::calibrateMPU9250(float*, float*) 0x00005175   Thumb Code  1122  main.o(i._ZN7MPU925016calibrateMPU9250EPfS0_)
    MPU9250::MahonyQuaternionUpdate(float, float, float, float, float, float, float, float, float) 0x000055d9   Thumb Code  1404  main.o(i._ZN7MPU925022MahonyQuaternionUpdateEfffffffff)
    MPU9250::readByte(unsigned char, unsigned char) 0x00005b5d   Thumb Code    48  main.o(i._ZN7MPU92508readByteEhh)
    MPU9250::readBytes(unsigned char, unsigned char, unsigned char, unsigned char*) 0x00005b91   Thumb Code    72  main.o(i._ZN7MPU92509readBytesEhhhPh)
    MPU9250::writeByte(unsigned char, unsigned char, unsigned char) 0x00005bdd   Thumb Code    40  main.o(i._ZN7MPU92509writeByteEhhh)
    std::sqrt(float)                         0x00005c09   Thumb Code    24  main.o(i._ZSt4sqrtf)
    std::atan2(float, float)                 0x00005c21   Thumb Code    32  main.o(i._ZSt5atan2ff)
    thunk{-60} to mbed::Serial::_putc(int)   0x00005c41   Thumb Code     6  Serial.o(i._ZThn60_N4mbed6Serial5_putcEi)
    __ARM_fpclassify                         0x00005c47   Thumb Code    48  fpclassify.o(i.__ARM_fpclassify)
    __ARM_fpclassifyf                        0x00005c77   Thumb Code    38  fpclassifyf.o(i.__ARM_fpclassifyf)
    __aeabi_vec_ctor_nocookie_nodtor         0x00005c9d   Thumb Code    36  aeabi_vec_ctor_nocookie_nodtor.o(i.__aeabi_vec_ctor_nocookie_nodtor)
    __cxa_pure_virtual                       0x00005cc1   Thumb Code     6  pure_virt.o(i.__cxa_pure_virtual)
    __hardfp_asinf                           0x00005cc9   Thumb Code   258  asinf.o(i.__hardfp_asinf)
    __hardfp_atan2f                          0x00005df5   Thumb Code   502  atan2f.o(i.__hardfp_atan2f)
    __hardfp_pow                             0x00006049   Thumb Code  3072  pow.o(i.__hardfp_pow)
    __hardfp_sqrtf                           0x00006c99   Thumb Code    58  sqrtf.o(i.__hardfp_sqrtf)
    __kernel_poly                            0x00006cd3   Thumb Code   248  poly.o(i.__kernel_poly)
    __mathlib_dbl_divzero                    0x00006dd1   Thumb Code    28  dunder.o(i.__mathlib_dbl_divzero)
    __mathlib_dbl_infnan2                    0x00006e01   Thumb Code    20  dunder.o(i.__mathlib_dbl_infnan2)
    __mathlib_dbl_invalid                    0x00006e19   Thumb Code    24  dunder.o(i.__mathlib_dbl_invalid)
    __mathlib_dbl_overflow                   0x00006e39   Thumb Code    24  dunder.o(i.__mathlib_dbl_overflow)
    __mathlib_dbl_underflow                  0x00006e59   Thumb Code    24  dunder.o(i.__mathlib_dbl_underflow)
    __mathlib_flt_infnan                     0x00006e79   Thumb Code     6  funder.o(i.__mathlib_flt_infnan)
    __mathlib_flt_infnan2                    0x00006e7f   Thumb Code     6  funder.o(i.__mathlib_flt_infnan2)
    __mathlib_flt_invalid                    0x00006e85   Thumb Code    10  funder.o(i.__mathlib_flt_invalid)
    __mathlib_flt_underflow                  0x00006e95   Thumb Code    10  funder.o(i.__mathlib_flt_underflow)
    __user_setup_stackheap                   0x00006ea5   Thumb Code    10  sys.o(i.__user_setup_stackheap)
    _is_digit                                0x00006eb5   Thumb Code    14  __printf_wp.o(i._is_digit)
    _sys_close                               0x00006ec5   Thumb Code    40  retarget.o(i._sys_close)
    _sys_flen                                0x00006ef1   Thumb Code    34  retarget.o(i._sys_flen)
    _sys_istty                               0x00006f19   Thumb Code    34  retarget.o(i._sys_istty)
    _sys_open                                0x00006f41   Thumb Code   288  retarget.o(i._sys_open)
    _sys_seek                                0x0000707d   Thumb Code    36  retarget.o(i._sys_seek)
    _sys_write                               0x000070a5   Thumb Code    84  retarget.o(i._sys_write)
    error                                    0x00007105   Thumb Code    20  error.o(i.error)
    exit                                     0x0000711d   Thumb Code    24  retarget.o(i.exit)
    fabs                                     0x0000713d   Thumb Code    24  fabs.o(i.fabs)
    fputc                                    0x00007155   Thumb Code    26  fputc.o(i.fputc)
    get_us_ticker_data                       0x00007171   Thumb Code     4  us_ticker_api.o(i.get_us_ticker_data)
    gpio_dir                                 0x00007179   Thumb Code    78  gpio_api.o(i.gpio_dir)
    gpio_init                                0x000071e9   Thumb Code    76  gpio_api.o(i.gpio_init)
    gpio_init_in                             0x0000724d   Thumb Code    40  gpio.o(i.gpio_init_in)
    gpio_init_out                            0x00007275   Thumb Code    96  gpio.o(i.gpio_init_out)
    gpio_init_out_ex                         0x000072e1   Thumb Code    96  gpio.o(i.gpio_init_out_ex)
    gpio_mode                                0x00007361   Thumb Code     6  gpio_api.o(i.gpio_mode)
    i2c_frequency                            0x00007439   Thumb Code    66  i2c_api.o(i.i2c_frequency)
    i2c_init                                 0x00007481   Thumb Code   274  i2c_api.o(i.i2c_init)
    i2c_read                                 0x000075d9   Thumb Code   256  i2c_api.o(i.i2c_read)
    i2c_stop                                 0x000076dd   Thumb Code    88  i2c_api.o(i.i2c_stop)
    i2c_write                                0x000077c9   Thumb Code   126  i2c_api.o(i.i2c_write)
    mbed_assert_internal                     0x0000784d   Thumb Code    12  assert.o(i.mbed_assert_internal)
    mbed_die                                 0x0000788d   Thumb Code   130  board.o(i.mbed_die)
    mbed_main                                0x00007931   Thumb Code     2  retarget.o(i.mbed_main)
    mbed_sdk_init                            0x00007933   Thumb Code     2  retarget.o(i.mbed_sdk_init)
    pin_function                             0x00007935   Thumb Code    86  pinmap.o(i.pin_function)
    pin_mode                                 0x000079bd   Thumb Code   132  pinmap.o(i.pin_mode)
    pinmap_merge                             0x00007a65   Thumb Code    38  pinmap_common.o(i.pinmap_merge)
    pinmap_peripheral                        0x00007aa1   Thumb Code    58  pinmap_common.o(i.pinmap_peripheral)
    pinmap_pinout                            0x00007afd   Thumb Code    66  pinmap_common.o(i.pinmap_pinout)
    serial_baud                              0x00007b55   Thumb Code    44  serial_api.o(i.serial_baud)
    serial_init                              0x00007b85   Thumb Code   304  serial_api.o(i.serial_init)
    serial_irq_handler                       0x00007ce5   Thumb Code    14  serial_api.o(i.serial_irq_handler)
    serial_putc                              0x00007cfd   Thumb Code   108  serial_api.o(i.serial_putc)
    sqrt                                     0x00007d6d   Thumb Code   110  sqrt.o(i.sqrt)
    sqrtf                                    0x00007ddb   Thumb Code    62  sqrtf.o(i.sqrtf)
    ticker_irq_handler                       0x00007e19   Thumb Code    78  ticker_api.o(i.ticker_irq_handler)
    ticker_read                              0x00007e67   Thumb Code     6  ticker_api.o(i.ticker_read)
    us_ticker_clear_interrupt                0x00007e6d   Thumb Code    10  us_ticker.o(i.us_ticker_clear_interrupt)
    us_ticker_disable_interrupt              0x00007e7d   Thumb Code    10  us_ticker.o(i.us_ticker_disable_interrupt)
    us_ticker_init                           0x00007e8d   Thumb Code   116  us_ticker.o(i.us_ticker_init)
    us_ticker_irq_handler                    0x00007f31   Thumb Code     6  us_ticker_api.o(i.us_ticker_irq_handler)
    us_ticker_read                           0x00007f3d   Thumb Code    24  us_ticker.o(i.us_ticker_read)
    us_ticker_set_interrupt                  0x00007f5d   Thumb Code    76  us_ticker.o(i.us_ticker_set_interrupt)
    wait                                     0x00007fbd   Thumb Code    36  wait_api.o(i.wait)
    wait_ms                                  0x00007fe5   Thumb Code    28  wait_api.o(i.wait_ms)
    wait_us                                  0x00008001   Thumb Code    24  wait_api.o(i.wait_us)
    _get_lc_numeric                          0x00008019   Thumb Code    44  lc_numeric_c.o(locale$$code)
    _get_lc_ctype                            0x00008045   Thumb Code    44  lc_ctype_c.o(locale$$code)
    __aeabi_dneg                             0x00008071   Thumb Code     0  basic.o(x$fpl$basic)
    _dneg                                    0x00008071   Thumb Code     6  basic.o(x$fpl$basic)
    __aeabi_fneg                             0x00008077   Thumb Code     0  basic.o(x$fpl$basic)
    _fneg                                    0x00008077   Thumb Code     6  basic.o(x$fpl$basic)
    _dabs                                    0x0000807d   Thumb Code     6  basic.o(x$fpl$basic)
    _fabs                                    0x00008083   Thumb Code     6  basic.o(x$fpl$basic)
    __aeabi_d2f                              0x00008089   Thumb Code     0  d2f.o(x$fpl$d2f)
    _d2f                                     0x00008089   Thumb Code    98  d2f.o(x$fpl$d2f)
    __aeabi_dadd                             0x000080ed   Thumb Code     0  daddsub_clz.o(x$fpl$dadd)
    _dadd                                    0x000080ed   Thumb Code   332  daddsub_clz.o(x$fpl$dadd)
    __fpl_dcheck_NaN1                        0x0000823d   Thumb Code    10  dcheck1.o(x$fpl$dcheck1)
    __fpl_dcmp_Inf                           0x0000824d   Thumb Code    24  dcmpi.o(x$fpl$dcmpinf)
    __aeabi_ddiv                             0x00008265   Thumb Code     0  ddiv.o(x$fpl$ddiv)
    _ddiv                                    0x00008265   Thumb Code   552  ddiv.o(x$fpl$ddiv)
    __aeabi_i2d                              0x00008515   Thumb Code     0  dflt_clz.o(x$fpl$dflt)
    _dflt                                    0x00008515   Thumb Code    46  dflt_clz.o(x$fpl$dflt)
    __aeabi_cdcmple                          0x00008545   Thumb Code     0  dleqf.o(x$fpl$dleqf)
    _dcmple                                  0x00008545   Thumb Code   120  dleqf.o(x$fpl$dleqf)
    __fpl_dcmple_InfNaN                      0x000085a7   Thumb Code     0  dleqf.o(x$fpl$dleqf)
    __aeabi_dmul                             0x000085bd   Thumb Code     0  dmul.o(x$fpl$dmul)
    _dmul                                    0x000085bd   Thumb Code   332  dmul.o(x$fpl$dmul)
    __fpl_dnaninf                            0x00008711   Thumb Code   156  dnaninf.o(x$fpl$dnaninf)
    __fpl_dretinf                            0x000087ad   Thumb Code    12  dretinf.o(x$fpl$dretinf)
    __aeabi_cdrcmple                         0x000087b9   Thumb Code     0  drleqf.o(x$fpl$drleqf)
    _drcmple                                 0x000087b9   Thumb Code   108  drleqf.o(x$fpl$drleqf)
    __aeabi_drsub                            0x00008825   Thumb Code     0  daddsub_clz.o(x$fpl$drsb)
    _drsb                                    0x00008825   Thumb Code    22  daddsub_clz.o(x$fpl$drsb)
    _dsqrt                                   0x0000883d   Thumb Code   404  dsqrt_umaal.o(x$fpl$dsqrt)
    __aeabi_dsub                             0x000089d5   Thumb Code     0  daddsub_clz.o(x$fpl$dsub)
    _dsub                                    0x000089d5   Thumb Code   464  daddsub_clz.o(x$fpl$dsub)
    __aeabi_f2d                              0x00008ba9   Thumb Code     0  f2d.o(x$fpl$f2d)
    _f2d                                     0x00008ba9   Thumb Code    86  f2d.o(x$fpl$f2d)
    __fpl_fnaninf                            0x00008bff   Thumb Code   140  fnaninf.o(x$fpl$fnaninf)
    _fp_init                                 0x00008c8b   Thumb Code    10  fpinit.o(x$fpl$fpinit)
    __fplib_config_fpu_vfp                   0x00008c93   Thumb Code     0  fpinit.o(x$fpl$fpinit)
    __fplib_config_pureend_doubles           0x00008c93   Thumb Code     0  fpinit.o(x$fpl$fpinit)
    __fpl_fretinf                            0x00008c95   Thumb Code    10  fretinf.o(x$fpl$fretinf)
    _printf_fp_dec                           0x00008c9f   Thumb Code     4  printf1.o(x$fpl$printf1)
    _printf_fp_hex                           0x00008ca3   Thumb Code     4  printf2.o(x$fpl$printf2)
    __fpl_return_NaN                         0x00008ca7   Thumb Code   100  retnan.o(x$fpl$retnan)
    __ARM_scalbn                             0x00008d0b   Thumb Code    92  scalbn.o(x$fpl$scalbn)
    __fpl_cmpreturn                          0x00008d67   Thumb Code    48  trapv.o(x$fpl$trapveneer)
    __I$use$fp                               0x00008d96   Number         0  usenofp.o(x$fpl$usenofp)
    __stdin_name                             0x00008dd4   Data           7  retarget.o(.constdata)
    __stdout_name                            0x00008ddb   Data           8  retarget.o(.constdata)
    __stderr_name                            0x00008de3   Data           8  retarget.o(.constdata)
    g_simBaseAddr                            0x00008ef0   Data           4  fsl_clock_manager.o(.constdata)
    PinMap_I2C_SDA                           0x00008ef4   Data          96  PeripheralPins.o(.constdata)
    PinMap_I2C_SCL                           0x00008f54   Data         108  PeripheralPins.o(.constdata)
    PinMap_UART_TX                           0x00008fc0   Data         144  PeripheralPins.o(.constdata)
    PinMap_UART_RX                           0x00009050   Data         144  PeripheralPins.o(.constdata)
    kClockNameConfigTable                    0x000090e0   Data          18  fsl_sim_hal_K64F12.o(.constdata)
    kI2CDividerTable                         0x00009240   Data         200  fsl_i2c_hal.o(.constdata)
    __mathlib_zero                           0x000093d8   Data           8  qnan.o(.constdata)
    vtable for mbed::FileHandle              0x0000949c   Data          44  retarget.o(.constdata__ZTVN4mbed10FileHandleE)
    vtable for mbed::SerialBase              0x000094c8   Data          16  SerialBase.o(.constdata__ZTVN4mbed10SerialBaseE)
    vtable for mbed::Serial                  0x000094d8   Data          92  Serial.o(.constdata__ZTVN4mbed6SerialE)
    vtable for mbed::Stream                  0x00009534   Data          68  Stream.o(.constdata__ZTVN4mbed6StreamE)
    vtable for mbed::FileBase                0x00009578   Data          16  FileBase.o(.constdata__ZTVN4mbed8FileBaseE)
    vtable for mbed::FileLike                0x00009588   Data          60  FileLike.o(.constdata__ZTVN4mbed8FileLikeE)
    Region$$Table$$Base                      0x00009ad4   Number         0  anon$$obj.o(Region$$Table)
    Region$$Table$$Limit                     0x00009af4   Number         0  anon$$obj.o(Region$$Table)
    __ctype                                  0x00009b1d   Data           0  lc_ctype_c.o(locale$$data)
    SHT$$INIT_ARRAY$$Base                    0x00009c20   Number         0  main.o(.init_array)
    SHT$$INIT_ARRAY$$Limit                   0x00009c24   Number         0  init_aeabi.o(.init_array)
    Ascale                                   0x1fff0198   Data           1  main.o(.data)
    Gscale                                   0x1fff0199   Data           1  main.o(.data)
    Mscale                                   0x1fff019a   Data           1  main.o(.data)
    Mmode                                    0x1fff019b   Data           1  main.o(.data)
    aRes                                     0x1fff019c   Data           4  main.o(.data)
    gRes                                     0x1fff01a0   Data           4  main.o(.data)
    mRes                                     0x1fff01a4   Data           4  main.o(.data)
    i2c                                      0x1fff01a8   Data           8  main.o(.data)
    myled                                    0x1fff01b0   Data           4  main.o(.data)
    myled2                                   0x1fff01b4   Data           4  main.o(.data)
    intPin                                   0x1fff01b8   Data           4  main.o(.data)
    accelCount                               0x1fff01bc   Data           6  main.o(.data)
    gyroCount                                0x1fff01c2   Data           6  main.o(.data)
    magCount                                 0x1fff01c8   Data           6  main.o(.data)
    ax                                       0x1fff01d0   Data           4  main.o(.data)
    ay                                       0x1fff01d4   Data           4  main.o(.data)
    az                                       0x1fff01d8   Data           4  main.o(.data)
    gx                                       0x1fff01dc   Data           4  main.o(.data)
    gy                                       0x1fff01e0   Data           4  main.o(.data)
    gz                                       0x1fff01e4   Data           4  main.o(.data)
    mx                                       0x1fff01e8   Data           4  main.o(.data)
    my                                       0x1fff01ec   Data           4  main.o(.data)
    mz                                       0x1fff01f0   Data           4  main.o(.data)
    tempCount                                0x1fff01f4   Data           2  main.o(.data)
    temperature                              0x1fff01f8   Data           4  main.o(.data)
    delt_t                                   0x1fff01fc   Data           4  main.o(.data)
    count                                    0x1fff0200   Data           4  main.o(.data)
    PI                                       0x1fff0204   Data           4  main.o(.data)
    GyroMeasError                            0x1fff0208   Data           4  main.o(.data)
    beta                                     0x1fff020c   Data           4  main.o(.data)
    GyroMeasDrift                            0x1fff0210   Data           4  main.o(.data)
    zeta                                     0x1fff0214   Data           4  main.o(.data)
    pitch                                    0x1fff0218   Data           4  main.o(.data)
    yaw                                      0x1fff021c   Data           4  main.o(.data)
    roll                                     0x1fff0220   Data           4  main.o(.data)
    deltat                                   0x1fff0224   Data           4  main.o(.data)
    lastUpdate                               0x1fff0228   Data           4  main.o(.data)
    firstUpdate                              0x1fff022c   Data           4  main.o(.data)
    Now                                      0x1fff0230   Data           4  main.o(.data)
    q                                        0x1fff0234   Data          16  main.o(.data)
    sum                                      0x1fff0244   Data           4  main.o(.data)
    sumCount                                 0x1fff0248   Data           4  main.o(.data)
    mpu9250                                  0x1fff024c   Data           1  main.o(.data)
    stdio_uart_inited                        0x1fff0250   Data           4  serial_api.o(.data)
    stdio_uart                               0x1fff0258   Data           4  serial_api.o(.data)
    mbed::I2C::_owner                        0x1fff025c   Data           4  I2C.o(.data)
    mbed::FileBase::_head                    0x1fff0264   Data           4  FileBase.o(.data)
    __aeabi_stdin                            0x1fff0270   Data           4  stdio_streams.o(.data)
    __aeabi_stdout                           0x1fff0274   Data           4  stdio_streams.o(.data)
    __aeabi_stderr                           0x1fff0278   Data           4  stdio_streams.o(.data)
    magCalibration                           0x1fff0280   Data          12  main.o(.bss)
    magbias                                  0x1fff028c   Data          12  main.o(.bss)
    gyroBias                                 0x1fff0298   Data          12  main.o(.bss)
    accelBias                                0x1fff02a4   Data          12  main.o(.bss)
    SelfTest                                 0x1fff02b0   Data          24  main.o(.bss)
    eInt                                     0x1fff02c8   Data          12  main.o(.bss)
    buffer                                   0x1fff02d4   Data          14  main.o(.bss)
    t                                        0x1fff02e4   Data          16  main.o(.bss)
    pc                                       0x1fff02f4   Data          84  main.o(.bss)
    __stdin                                  0x1fff039c   Data          84  stdio_streams.o(.bss)
    __stdout                                 0x1fff03f0   Data          84  stdio_streams.o(.bss)
    __stderr                                 0x1fff0444   Data          84  stdio_streams.o(.bss)
    Image$$RW_IRAM1$$ZI$$Limit               0x1fff04b8   Number         0  anon$$obj.o ABSOLUTE



==============================================================================

Memory Map of the image

  Image Entry point : 0x00000411

  Load Region LR_IROM1 (Base: 0x00000000, Size: 0x00009d0c, Max: 0x00100000, ABSOLUTE)

    Execution Region ER_IROM1 (Base: 0x00000000, Size: 0x00009c24, Max: 0x00100000, ABSOLUTE)

    Base Addr    Size         Type   Attr      Idx    E Section Name        Object

    0x00000000   0x00000400   Data   RO          706    RESET               startup_MK64F12.o
    0x00000400   0x00000010   Code   RO          707    .ARM.__at_0x400     startup_MK64F12.o
    0x00000410   0x00000008   Code   RO         1812  * !!!main             c_w.l(__main.o)
    0x00000418   0x00000034   Code   RO         2708    !!!scatter          c_w.l(__scatter.o)
    0x0000044c   0x0000001a   Code   RO         2710    !!handler_copy      c_w.l(__scatter_copy.o)
    0x00000466   0x00000002   PAD
    0x00000468   0x0000001c   Code   RO         2712    !!handler_zi        c_w.l(__scatter_zi.o)
    0x00000484   0x00000000   Code   RO         1749    .ARM.Collect$$_printf_percent$$00000000  c_w.l(_printf_percent.o)
    0x00000484   0x00000006   Code   RO         2113    .ARM.Collect$$_printf_percent$$00000001  c_w.l(_printf_n.o)
    0x0000048a   0x00000006   Code   RO         1748    .ARM.Collect$$_printf_percent$$00000002  c_w.l(_printf_p.o)
    0x00000490   0x00000006   Code   RO         2119    .ARM.Collect$$_printf_percent$$00000003  c_w.l(_printf_f.o)
    0x00000496   0x00000006   Code   RO         2120    .ARM.Collect$$_printf_percent$$00000004  c_w.l(_printf_e.o)
    0x0000049c   0x00000006   Code   RO         2121    .ARM.Collect$$_printf_percent$$00000005  c_w.l(_printf_g.o)
    0x000004a2   0x00000006   Code   RO         2122    .ARM.Collect$$_printf_percent$$00000006  c_w.l(_printf_a.o)
    0x000004a8   0x0000000a   Code   RO         2127    .ARM.Collect$$_printf_percent$$00000007  c_w.l(_printf_ll.o)
    0x000004b2   0x00000006   Code   RO         2116    .ARM.Collect$$_printf_percent$$00000008  c_w.l(_printf_i.o)
    0x000004b8   0x00000006   Code   RO         2117    .ARM.Collect$$_printf_percent$$00000009  c_w.l(_printf_d.o)
    0x000004be   0x00000006   Code   RO         2118    .ARM.Collect$$_printf_percent$$0000000A  c_w.l(_printf_u.o)
    0x000004c4   0x00000006   Code   RO         2115    .ARM.Collect$$_printf_percent$$0000000B  c_w.l(_printf_o.o)
    0x000004ca   0x00000006   Code   RO         2114    .ARM.Collect$$_printf_percent$$0000000C  c_w.l(_printf_x.o)
    0x000004d0   0x00000006   Code   RO         2124    .ARM.Collect$$_printf_percent$$0000000D  c_w.l(_printf_lli.o)
    0x000004d6   0x00000006   Code   RO         2125    .ARM.Collect$$_printf_percent$$0000000E  c_w.l(_printf_lld.o)
    0x000004dc   0x00000006   Code   RO         2126    .ARM.Collect$$_printf_percent$$0000000F  c_w.l(_printf_llu.o)
    0x000004e2   0x00000006   Code   RO         2131    .ARM.Collect$$_printf_percent$$00000010  c_w.l(_printf_llo.o)
    0x000004e8   0x00000006   Code   RO         2132    .ARM.Collect$$_printf_percent$$00000011  c_w.l(_printf_llx.o)
    0x000004ee   0x0000000a   Code   RO         2128    .ARM.Collect$$_printf_percent$$00000012  c_w.l(_printf_l.o)
    0x000004f8   0x00000006   Code   RO         2111    .ARM.Collect$$_printf_percent$$00000013  c_w.l(_printf_c.o)
    0x000004fe   0x00000006   Code   RO         2112    .ARM.Collect$$_printf_percent$$00000014  c_w.l(_printf_s.o)
    0x00000504   0x00000006   Code   RO         2129    .ARM.Collect$$_printf_percent$$00000015  c_w.l(_printf_lc.o)
    0x0000050a   0x00000006   Code   RO         2130    .ARM.Collect$$_printf_percent$$00000016  c_w.l(_printf_ls.o)
    0x00000510   0x00000004   Code   RO         2123    .ARM.Collect$$_printf_percent$$00000017  c_w.l(_printf_percent_end.o)
    0x00000514   0x00000002   Code   RO         2613    .ARM.Collect$$libinit$$00000000  c_w.l(libinit.o)
    0x00000516   0x00000004   Code   RO         2185    .ARM.Collect$$libinit$$00000001  c_w.l(libinit2.o)
    0x0000051a   0x00000000   Code   RO         2188    .ARM.Collect$$libinit$$00000004  c_w.l(libinit2.o)
    0x0000051a   0x00000008   Code   RO         2189    .ARM.Collect$$libinit$$00000005  c_w.l(libinit2.o)
    0x00000522   0x00000000   Code   RO         2191    .ARM.Collect$$libinit$$0000000A  c_w.l(libinit2.o)
    0x00000522   0x00000000   Code   RO         2193    .ARM.Collect$$libinit$$0000000C  c_w.l(libinit2.o)
    0x00000522   0x00000000   Code   RO         2195    .ARM.Collect$$libinit$$0000000E  c_w.l(libinit2.o)
    0x00000522   0x00000006   Code   RO         2196    .ARM.Collect$$libinit$$0000000F  c_w.l(libinit2.o)
    0x00000528   0x00000000   Code   RO         2198    .ARM.Collect$$libinit$$00000011  c_w.l(libinit2.o)
    0x00000528   0x0000000c   Code   RO         2199    .ARM.Collect$$libinit$$00000012  c_w.l(libinit2.o)
    0x00000534   0x00000000   Code   RO         2200    .ARM.Collect$$libinit$$00000013  c_w.l(libinit2.o)
    0x00000534   0x00000000   Code   RO         2202    .ARM.Collect$$libinit$$00000015  c_w.l(libinit2.o)
    0x00000534   0x0000000a   Code   RO         2203    .ARM.Collect$$libinit$$00000016  c_w.l(libinit2.o)
    0x0000053e   0x00000000   Code   RO         2204    .ARM.Collect$$libinit$$00000017  c_w.l(libinit2.o)
    0x0000053e   0x00000000   Code   RO         2206    .ARM.Collect$$libinit$$00000019  c_w.l(libinit2.o)
    0x0000053e   0x00000000   Code   RO         2208    .ARM.Collect$$libinit$$0000001B  c_w.l(libinit2.o)
    0x0000053e   0x00000000   Code   RO         2210    .ARM.Collect$$libinit$$0000001D  c_w.l(libinit2.o)
    0x0000053e   0x00000000   Code   RO         2212    .ARM.Collect$$libinit$$0000001F  c_w.l(libinit2.o)
    0x0000053e   0x00000000   Code   RO         2214    .ARM.Collect$$libinit$$00000021  c_w.l(libinit2.o)
    0x0000053e   0x00000000   Code   RO         2216    .ARM.Collect$$libinit$$00000023  c_w.l(libinit2.o)
    0x0000053e   0x00000004   Code   RO         2217    .ARM.Collect$$libinit$$00000024  c_w.l(libinit2.o)
    0x00000542   0x00000000   Code   RO         2218    .ARM.Collect$$libinit$$00000025  c_w.l(libinit2.o)
    0x00000542   0x00000000   Code   RO         2222    .ARM.Collect$$libinit$$0000002C  c_w.l(libinit2.o)
    0x00000542   0x00000000   Code   RO         2224    .ARM.Collect$$libinit$$0000002E  c_w.l(libinit2.o)
    0x00000542   0x00000000   Code   RO         2226    .ARM.Collect$$libinit$$00000030  c_w.l(libinit2.o)
    0x00000542   0x00000004   Code   RO         2227    .ARM.Collect$$libinit$$00000031  c_w.l(libinit2.o)
    0x00000546   0x00000000   Code   RO         2228    .ARM.Collect$$libinit$$00000032  c_w.l(libinit2.o)
    0x00000546   0x00000002   Code   RO         2229    .ARM.Collect$$libinit$$00000033  c_w.l(libinit2.o)
    0x00000548   0x00000000   Code   RO         2478    .ARM.Collect$$libshutdown$$00000002  c_w.l(libshutdown2.o)
    0x00000548   0x00000000   Code   RO         2480    .ARM.Collect$$libshutdown$$00000004  c_w.l(libshutdown2.o)
    0x00000548   0x00000000   Code   RO         2007    .ARM.Collect$$rtentry$$00000000  c_w.l(__rtentry.o)
    0x00000548   0x00000000   Code   RO         2358    .ARM.Collect$$rtentry$$00000002  c_w.l(__rtentry2.o)
    0x00000548   0x00000006   Code   RO         2370    .ARM.Collect$$rtentry$$00000004  c_w.l(__rtentry4.o)
    0x0000054e   0x00000000   Code   RO         2360    .ARM.Collect$$rtentry$$00000009  c_w.l(__rtentry2.o)
    0x0000054e   0x00000004   Code   RO         2361    .ARM.Collect$$rtentry$$0000000A  c_w.l(__rtentry2.o)
    0x00000552   0x00000000   Code   RO         2363    .ARM.Collect$$rtentry$$0000000C  c_w.l(__rtentry2.o)
    0x00000552   0x00000008   Code   RO         2364    .ARM.Collect$$rtentry$$0000000D  c_w.l(__rtentry2.o)
    0x0000055a   0x00000002   PAD
    0x0000055c   0x00000000   Code   RO         2547    .emb_text           c_w.l(maybetermalloc1.o)
    0x0000055c   0x00000a14   Code   RO            3    .text               main.o
    0x00000f70   0x00000024   Code   RO          708    .text               startup_MK64F12.o
    0x00000f94   0x0000000a   Code   RO         1697    .text               c_w.l(vfprintf.o)
    0x00000f9e   0x0000000a   Code   RO         1699    .text               c_w.l(c89vfprintf.o)
    0x00000fa8   0x0000002c   Code   RO         1701    .text               c_w.l(__2sprintf.o)
    0x00000fd4   0x00000094   Code   RO         1725    .text               c_w.l(_printf_hex_int_ll_ptr.o)
    0x00001068   0x00000188   Code   RO         1745    .text               c_w.l(__printf_flags_ss_wp.o)
    0x000011f0   0x0000003c   Code   RO         1752    .text               c_w.l(__0sscanf.o)
    0x0000122c   0x0000014c   Code   RO         1754    .text               c_w.l(_scanf_int.o)
    0x00001378   0x00000064   Code   RO         1756    .text               c_w.l(fflush.o)
    0x000013dc   0x00000022   Code   RO         1768    .text               c_w.l(fputs.o)
    0x000013fe   0x00000002   PAD
    0x00001400   0x000000ec   Code   RO         1770    .text               c_w.l(fopen.o)
    0x000014ec   0x00000014   Code   RO         1772    .text               c_w.l(setbuf.o)
    0x00001500   0x0000004c   Code   RO         1780    .text               c_w.l(fclose.o)
    0x0000154c   0x0000002e   Code   RO         1795    .text               c_w.l(aeabi_atexit.o)
    0x0000157a   0x00000002   PAD
    0x0000157c   0x00000080   Code   RO         1798    .text               c_w.l(assert.o)
    0x000015fc   0x0000003e   Code   RO         1800    .text               c_w.l(strlen.o)
    0x0000163a   0x00000096   Code   RO         1802    .text               c_w.l(strncmp.o)
    0x000016d0   0x00000064   Code   RO         1804    .text               c_w.l(rt_memcpy_w.o)
    0x00001734   0x0000004e   Code   RO         1806    .text               c_w.l(rt_memclr_w.o)
    0x00001782   0x00000002   PAD
    0x00001784   0x00000080   Code   RO         1810    .text               c_w.l(strcmpv7m.o)
    0x00001804   0x00000024   Code   RO         1817    .text               c_w.l(init_aeabi.o)
    0x00001828   0x00000008   Code   RO         2013    .text               c_w.l(rt_ddtor_pointer_addr.o)
    0x00001830   0x0000005e   Code   RO         2022    .text               c_w.l(h1_alloc.o)
    0x0000188e   0x0000004e   Code   RO         2024    .text               c_w.l(h1_free.o)
    0x000018dc   0x00000016   Code   RO         2080    .text               c_w.l(_rserrno.o)
    0x000018f2   0x0000004e   Code   RO         2082    .text               c_w.l(_printf_pad.o)
    0x00001940   0x00000024   Code   RO         2084    .text               c_w.l(_printf_truncate.o)
    0x00001964   0x00000052   Code   RO         2086    .text               c_w.l(_printf_str.o)
    0x000019b6   0x000000b2   Code   RO         2088    .text               c_w.l(_printf_intcommon.o)
    0x00001a68   0x00000078   Code   RO         2090    .text               c_w.l(_printf_dec.o)
    0x00001ae0   0x00000028   Code   RO         2092    .text               c_w.l(_printf_charcount.o)
    0x00001b08   0x00000030   Code   RO         2094    .text               c_w.l(_printf_char_common.o)
    0x00001b38   0x0000000a   Code   RO         2096    .text               c_w.l(_sputc.o)
    0x00001b42   0x00000002   PAD
    0x00001b44   0x00000024   Code   RO         2098    .text               c_w.l(_printf_char_file.o)
    0x00001b68   0x000000bc   Code   RO         2100    .text               c_w.l(_printf_wctomb.o)
    0x00001c24   0x0000007c   Code   RO         2103    .text               c_w.l(_printf_longlong_dec.o)
    0x00001ca0   0x00000070   Code   RO         2109    .text               c_w.l(_printf_oct_int_ll.o)
    0x00001d10   0x0000001c   Code   RO         2133    .text               c_w.l(_chval.o)
    0x00001d2c   0x0000002c   Code   RO         2139    .text               c_w.l(scanf_char.o)
    0x00001d58   0x00000040   Code   RO         2141    .text               c_w.l(_sgetc.o)
    0x00001d98   0x00000008   Code   RO         2151    .text               c_w.l(ferror.o)
    0x00001da0   0x000001d6   Code   RO         2155    .text               c_w.l(flsbuf.o)
    0x00001f76   0x00000002   PAD
    0x00001f78   0x000000f8   Code   RO         2157    .text               c_w.l(fseek.o)
    0x00002070   0x00000046   Code   RO         2159    .text               c_w.l(setvbuf.o)
    0x000020b6   0x00000002   PAD
    0x000020b8   0x000000f0   Code   RO         2161    .text               c_w.l(stdio.o)
    0x000021a8   0x00000138   Code   RO         2164    .text               c_w.l(initio.o)
    0x000022e0   0x00000016   Code   RO         2172    .text               c_w.l(abort.o)
    0x000022f6   0x00000042   Code   RO         2174    .text               c_w.l(cxa_finalize.o)
    0x00002338   0x0000000e   Code   RO         2177    .text               c_w.l(defsig_pvfn_outer.o)
    0x00002346   0x0000000e   Code   RO         2350    .text               c_w.l(sys_wrch.o)
    0x00002354   0x0000000c   Code   RO         2352    .text               c_w.l(sys_exit.o)
    0x00002360   0x00000008   Code   RO         2374    .text               c_w.l(rt_heap_descriptor.o)
    0x00002368   0x00000008   Code   RO         2379    .text               c_w.l(rt_errno_addr.o)
    0x00002370   0x00000004   Code   RO         2384    .text               c_w.l(hguard.o)
    0x00002374   0x0000008a   Code   RO         2386    .text               c_w.l(init_alloc.o)
    0x000023fe   0x0000000e   Code   RO         2390    .text               c_w.l(h1_init.o)
    0x0000240c   0x0000008a   Code   RO         2404    .text               c_w.l(lludiv10.o)
    0x00002496   0x00000012   Code   RO         2406    .text               c_w.l(isspace.o)
    0x000024a8   0x0000041a   Code   RO         2408    .text               c_w.l(_printf_fp_dec.o)
    0x000028c2   0x00000002   PAD
    0x000028c4   0x000002fc   Code   RO         2410    .text               c_w.l(_printf_fp_hex.o)
    0x00002bc0   0x0000002c   Code   RO         2415    .text               c_w.l(_printf_char.o)
    0x00002bec   0x0000002c   Code   RO         2419    .text               c_w.l(_printf_wchar.o)
    0x00002c18   0x00000374   Code   RO         2421    .text               c_w.l(_scanf.o)
    0x00002f8c   0x00000042   Code   RO         2431    .text               c_w.l(ftell.o)
    0x00002fce   0x00000040   Code   RO         2457    .text               c_w.l(_wcrtomb.o)
    0x0000300e   0x0000000a   Code   RO         2459    .text               c_w.l(defsig_exit.o)
    0x00003018   0x0000000e   Code   RO         2461    .text               c_w.l(defsig_abrt_outer.o)
    0x00003026   0x0000000e   Code   RO         2465    .text               c_w.l(defsig_rtred_outer.o)
    0x00003034   0x00000030   Code   RO         2469    .text               c_w.l(defsig_pvfn_inner.o)
    0x00003064   0x00000018   Code   RO         2471    .text               c_w.l(assert_stdio.o)
    0x0000307c   0x00000002   Code   RO         2530    .text               c_w.l(use_no_semi.o)
    0x0000307e   0x00000000   Code   RO         2532    .text               c_w.l(indicate_semi.o)
    0x0000307e   0x00000002   PAD
    0x00003080   0x00000010   Code   RO         2533    .text               c_w.l(rt_ctype_table.o)
    0x00003090   0x00000008   Code   RO         2535    .text               c_w.l(rt_locale.o)
    0x00003098   0x00000034   Code   RO         2549    .text               c_w.l(h1_extend.o)
    0x000030cc   0x00000080   Code   RO         2553    .text               c_w.l(_printf_fp_infnan.o)
    0x0000314c   0x000000dc   Code   RO         2555    .text               c_w.l(bigflt0.o)
    0x00003228   0x00000032   Code   RO         2587    .text               c_w.l(defsig_general.o)
    0x0000325a   0x00000002   PAD
    0x0000325c   0x00000030   Code   RO         2589    .text               c_w.l(defsig_abrt_inner.o)
    0x0000328c   0x00000034   Code   RO         2591    .text               c_w.l(defsig_rtred_inner.o)
    0x000032c0   0x0000000e   Code   RO         2593    .text               c_w.l(defsig_rtmem_outer.o)
    0x000032ce   0x00000002   PAD
    0x000032d0   0x00000050   Code   RO         2599    .text               c_w.l(heapauxa.o)
    0x00003320   0x00000050   Code   RO         2661    .text               c_w.l(defsig_rtmem_inner.o)
    0x00003370   0x0000003e   Code   RO         2558    CL$$btod_d2e        c_w.l(btod.o)
    0x000033ae   0x00000046   Code   RO         2560    CL$$btod_d2e_denorm_low  c_w.l(btod.o)
    0x000033f4   0x00000060   Code   RO         2559    CL$$btod_d2e_norm_op1  c_w.l(btod.o)
    0x00003454   0x00000338   Code   RO         2568    CL$$btod_div_common  c_w.l(btod.o)
    0x0000378c   0x000000c6   Code   RO         2565    CL$$btod_e2e        c_w.l(btod.o)
    0x00003852   0x00000028   Code   RO         2562    CL$$btod_ediv       c_w.l(btod.o)
    0x0000387a   0x00000028   Code   RO         2561    CL$$btod_emul       c_w.l(btod.o)
    0x000038a2   0x00000244   Code   RO         2567    CL$$btod_mult_common  c_w.l(btod.o)
    0x00003ae6   0x00000012   Code   RO          590    i.$Sub$$main        retarget.o
    0x00003af8   0x00000008   Code   RO          947    i.<Func1>           mbed.ar(SerialBase.o)
    0x00003b00   0x000000a8   Code   RO         1646    i.CLOCK_HAL_GetDivider  mbed.ar(fsl_sim_hal.o)
    0x00003ba8   0x000000e4   Code   RO         1632    i.CLOCK_HAL_GetFllClk  mbed.ar(fsl_mcg_hal.o)
    0x00003c8c   0x00000068   Code   RO         1633    i.CLOCK_HAL_GetFllRefClk  mbed.ar(fsl_mcg_hal.o)
    0x00003cf4   0x0000002c   Code   RO         1634    i.CLOCK_HAL_GetInternalRefClk  mbed.ar(fsl_mcg_hal.o)
    0x00003d20   0x000000c0   Code   RO         1635    i.CLOCK_HAL_GetOutClk  mbed.ar(fsl_mcg_hal.o)
    0x00003de0   0x00000040   Code   RO         1636    i.CLOCK_HAL_GetPll0Clk  mbed.ar(fsl_mcg_hal.o)
    0x00003e20   0x00000090   Code   RO         1119    i.CLOCK_SYS_GetFreq  mbed.ar(fsl_clock_manager.o)
    0x00003eb0   0x00000058   Code   RO         1121    i.CLOCK_SYS_GetSysClkFreq  mbed.ar(fsl_clock_manager.o)
    0x00003f08   0x00000026   Code   RO         1215    i.CLOCK_SYS_GetUartFreq  mbed.ar(fsl_clock_K64F12.o)
    0x00003f2e   0x00000002   PAD
    0x00003f30   0x00000038   Code   RO          724    i.GPIO_HAL_SetPinDir  mbed.ar(fsl_gpio_hal.o)
    0x00003f68   0x00000030   Code   RO          725    i.GPIO_HAL_WritePinOutput  mbed.ar(fsl_gpio_hal.o)
    0x00003f98   0x0000001e   Code   RO         1617    i.I2C_HAL_Init      mbed.ar(fsl_i2c_hal.o)
    0x00003fb6   0x00000020   Code   RO         1618    i.I2C_HAL_SendStart  mbed.ar(fsl_i2c_hal.o)
    0x00003fd6   0x00000002   PAD
    0x00003fd8   0x000000a8   Code   RO         1621    i.I2C_HAL_SetBaudRate  mbed.ar(fsl_i2c_hal.o)
    0x00004080   0x0000000c   Code   RO          582    i.NMI_Handler       mbed_overrides.o
    0x0000408c   0x00000034   Code   RO          575    i.NVIC_SetVector    cmsis_nvic.o
    0x000040c0   0x0000002a   Code   RO         1306    i.SIM_HAL_EnableI2cClock  mbed.ar(fsl_sim_hal_K64F12.o)
    0x000040ea   0x00000012   Code   RO         1310    i.SIM_HAL_EnablePitClock  mbed.ar(fsl_sim_hal_K64F12.o)
    0x000040fc   0x0000003a   Code   RO         1311    i.SIM_HAL_EnablePortClock  mbed.ar(fsl_sim_hal_K64F12.o)
    0x00004136   0x00000040   Code   RO         1317    i.SIM_HAL_EnableUartClock  mbed.ar(fsl_sim_hal_K64F12.o)
    0x00004176   0x00000002   PAD
    0x00004178   0x00000140   Code   RO          716    i.SystemInit        system_MK64F12.o
    0x000042b8   0x00000064   Code   RO         1137    i.UART_HAL_ClearStatusFlag  mbed.ar(fsl_uart_hal.o)
    0x0000431c   0x0000001c   Code   RO         1141    i.UART_HAL_FlushTxFifo  mbed.ar(fsl_uart_hal.o)
    0x00004338   0x00000044   Code   RO         1143    i.UART_HAL_GetStatusFlag  mbed.ar(fsl_uart_hal.o)
    0x0000437c   0x0000002c   Code   RO         1146    i.UART_HAL_Init     mbed.ar(fsl_uart_hal.o)
    0x000043a8   0x00000006   Code   RO         1150    i.UART_HAL_Putchar  mbed.ar(fsl_uart_hal.o)
    0x000043ae   0x0000004c   Code   RO         1152    i.UART_HAL_SetBaudRate  mbed.ar(fsl_uart_hal.o)
    0x000043fa   0x00000002   PAD
    0x000043fc   0x0000006c   Code   RO          108    i._ZN4mbed10DigitalOut5writeEi  main.o
    0x00004468   0x00000016   Code   RO           99    i._ZN4mbed10DigitalOutC1E7PinName  main.o
    0x0000447e   0x00000012   Code   RO           75    i._ZN4mbed10DigitalOutaSEi  main.o
    0x00004490   0x0000000e   Code   RO           69    i._ZN4mbed10DigitalOutcviEv  main.o
    0x0000449e   0x0000003c   Code   RO          700    i._ZN4mbed10FileHandle4flenEv  retarget.o
    0x000044da   0x00000002   PAD
    0x000044dc   0x00000030   Code   RO          592    i._ZN4mbed10FileHandleD2Ev  retarget.o
    0x0000450c   0x0000000e   Code   RO          949    i._ZN4mbed10SerialBase10_base_putcEi  mbed.ar(SerialBase.o)
    0x0000451a   0x0000002a   Code   RO          951    i._ZN4mbed10SerialBase12_irq_handlerEj9SerialIrq  mbed.ar(SerialBase.o)
    0x00004544   0x00000010   Code   RO          952    i._ZN4mbed10SerialBase4baudEi  mbed.ar(SerialBase.o)
    0x00004554   0x0000004c   Code   RO          957    i._ZN4mbed10SerialBaseC1E7PinNameS1_  mbed.ar(SerialBase.o)
    0x000045a0   0x00000006   Code   RO          593    i._ZN4mbed26mbed_set_unbuffered_streamEPSt6__FILE  retarget.o
    0x000045a6   0x00000002   PAD
    0x000045a8   0x00000048   Code   RO          872    i._ZN4mbed3I2C4readEiPcib  mbed.ar(I2C.o)
    0x000045f0   0x00000048   Code   RO          876    i._ZN4mbed3I2C5writeEiPKcib  mbed.ar(I2C.o)
    0x00004638   0x00000014   Code   RO          878    i._ZN4mbed3I2C9frequencyEi  mbed.ar(I2C.o)
    0x0000464c   0x00000024   Code   RO          879    i._ZN4mbed3I2CC1E7PinNameS1_  mbed.ar(I2C.o)
    0x00004670   0x0000001a   Code   RO         1061    i._ZN4mbed5Timer5startEv  mbed.ar(Timer.o)
    0x0000468a   0x00000020   Code   RO         1062    i._ZN4mbed5Timer7read_msEv  mbed.ar(Timer.o)
    0x000046aa   0x00000018   Code   RO         1063    i._ZN4mbed5Timer7read_usEv  mbed.ar(Timer.o)
    0x000046c2   0x0000001e   Code   RO         1066    i._ZN4mbed5TimerC1Ev  mbed.ar(Timer.o)
    0x000046e0   0x00000024   Code   RO          905    i._ZN4mbed6SerialC1E7PinNameS1_PKc  mbed.ar(Serial.o)
    0x00004704   0x0000000c   Code   RO          923    i._ZN4mbed6SerialD1Ev  mbed.ar(Serial.o)
    0x00004710   0x00000004   Code   RO          992    i._ZN4mbed6Stream4flenEv  mbed.ar(Stream.o)
    0x00004714   0x00000004   Code   RO          998    i._ZN4mbed6Stream5closeEv  mbed.ar(Stream.o)
    0x00004718   0x00000004   Code   RO         1000    i._ZN4mbed6Stream5lseekEli  mbed.ar(Stream.o)
    0x0000471c   0x0000002c   Code   RO         1002    i._ZN4mbed6Stream5writeEPKvj  mbed.ar(Stream.o)
    0x00004748   0x00000004   Code   RO         1003    i._ZN4mbed6Stream6isattyEv  mbed.ar(Stream.o)
    0x0000474c   0x0000001e   Code   RO         1004    i._ZN4mbed6Stream6printfEPKcz  mbed.ar(Stream.o)
    0x0000476a   0x00000002   PAD
    0x0000476c   0x00000040   Code   RO         1005    i._ZN4mbed6StreamC2EPKc  mbed.ar(Stream.o)
    0x000047ac   0x00000020   Code   RO         1007    i._ZN4mbed6StreamD2Ev  mbed.ar(Stream.o)
    0x000047cc   0x00000004   Code   RO         1515    i._ZN4mbed8FileBase11getPathTypeEv  mbed.ar(FileBase.o)
    0x000047d0   0x00000038   Code   RO         1517    i._ZN4mbed8FileBase6lookupEPKcj  mbed.ar(FileBase.o)
    0x00004808   0x00000024   Code   RO         1519    i._ZN4mbed8FileBaseC1EPKcNS_8PathTypeE  mbed.ar(FileBase.o)
    0x0000482c   0x00000038   Code   RO         1521    i._ZN4mbed8FileBaseD1Ev  mbed.ar(FileBase.o)
    0x00004864   0x00000024   Code   RO         1545    i._ZN4mbed8FileLikeC2EPKc  mbed.ar(FileLike.o)
    0x00004888   0x00000012   Code   RO         1547    i._ZN4mbed8FileLikeD2Ev  mbed.ar(FileLike.o)
    0x0000489a   0x00000018   Code   RO          786    i._ZN4mbed8FilePath10fileSystemEv  mbed.ar(FilePath.o)
    0x000048b2   0x0000001c   Code   RO          788    i._ZN4mbed8FilePath4fileEv  mbed.ar(FilePath.o)
    0x000048ce   0x0000000a   Code   RO          789    i._ZN4mbed8FilePath6existsEv  mbed.ar(FilePath.o)
    0x000048d8   0x00000018   Code   RO          790    i._ZN4mbed8FilePath6isFileEv  mbed.ar(FilePath.o)
    0x000048f0   0x00000004   Code   RO          791    i._ZN4mbed8FilePath8fileNameEv  mbed.ar(FilePath.o)
    0x000048f4   0x00000040   Code   RO          792    i._ZN4mbed8FilePathC1EPKc  mbed.ar(FilePath.o)
    0x00004934   0x000000ec   Code   RO           93    i._ZN7MPU925010initAK8963EPf  main.o
    0x00004a20   0x00000104   Code   RO           51    i._ZN7MPU925011initMPU9250Ev  main.o
    0x00004b24   0x00000650   Code   RO           63    i._ZN7MPU925015MPU9250SelfTestEPf  main.o
    0x00005174   0x00000462   Code   RO           57    i._ZN7MPU925016calibrateMPU9250EPfS0_  main.o
    0x000055d6   0x00000002   PAD
    0x000055d8   0x00000584   Code   RO           33    i._ZN7MPU925022MahonyQuaternionUpdateEfffffffff  main.o
    0x00005b5c   0x00000034   Code   RO           39    i._ZN7MPU92508readByteEhh  main.o
    0x00005b90   0x0000004c   Code   RO           27    i._ZN7MPU92509readBytesEhhhPh  main.o
    0x00005bdc   0x0000002c   Code   RO           45    i._ZN7MPU92509writeByteEhhh  main.o
    0x00005c08   0x00000018   Code   RO           87    i._ZSt4sqrtf        main.o
    0x00005c20   0x00000020   Code   RO           81    i._ZSt5atan2ff      main.o
    0x00005c40   0x00000006   Code   RO          907    i._ZThn60_N4mbed6Serial5_putcEi  mbed.ar(Serial.o)
    0x00005c46   0x00000030   Code   RO         2317    i.__ARM_fpclassify  m_wm.l(fpclassify.o)
    0x00005c76   0x00000026   Code   RO         2319    i.__ARM_fpclassifyf  m_wm.l(fpclassifyf.o)
    0x00005c9c   0x00000024   Code   RO         1936    i.__aeabi_vec_ctor_nocookie_nodtor  cpprt_w.l(aeabi_vec_ctor_nocookie_nodtor.o)
    0x00005cc0   0x00000006   Code   RO         1827    i.__cxa_pure_virtual  cpprt_w.l(pure_virt.o)
    0x00005cc6   0x00000002   PAD
    0x00005cc8   0x0000012c   Code   RO         1955    i.__hardfp_asinf    m_wm.l(asinf.o)
    0x00005df4   0x00000250   Code   RO         1967    i.__hardfp_atan2f   m_wm.l(atan2f.o)
    0x00006044   0x00000004   PAD
    0x00006048   0x00000c50   Code   RO         1979    i.__hardfp_pow      m_wm.l(pow.o)
    0x00006c98   0x0000003a   Code   RO         1993    i.__hardfp_sqrtf    m_wm.l(sqrtf.o)
    0x00006cd2   0x000000f8   Code   RO         2335    i.__kernel_poly     m_wm.l(poly.o)
    0x00006dca   0x00000006   PAD
    0x00006dd0   0x00000030   Code   RO         2297    i.__mathlib_dbl_divzero  m_wm.l(dunder.o)
    0x00006e00   0x00000014   Code   RO         2299    i.__mathlib_dbl_infnan2  m_wm.l(dunder.o)
    0x00006e14   0x00000004   PAD
    0x00006e18   0x00000020   Code   RO         2300    i.__mathlib_dbl_invalid  m_wm.l(dunder.o)
    0x00006e38   0x00000020   Code   RO         2301    i.__mathlib_dbl_overflow  m_wm.l(dunder.o)
    0x00006e58   0x00000020   Code   RO         2303    i.__mathlib_dbl_underflow  m_wm.l(dunder.o)
    0x00006e78   0x00000006   Code   RO         2322    i.__mathlib_flt_infnan  m_wm.l(funder.o)
    0x00006e7e   0x00000006   Code   RO         2323    i.__mathlib_flt_infnan2  m_wm.l(funder.o)
    0x00006e84   0x00000010   Code   RO         2324    i.__mathlib_flt_invalid  m_wm.l(funder.o)
    0x00006e94   0x00000010   Code   RO         2327    i.__mathlib_flt_underflow  m_wm.l(funder.o)
    0x00006ea4   0x00000010   Code   RO          710    i.__user_setup_stackheap  sys.o
    0x00006eb4   0x0000000e   Code   RO         1738    i._is_digit         c_w.l(__printf_wp.o)
    0x00006ec2   0x00000002   PAD
    0x00006ec4   0x0000002c   Code   RO          596    i._sys_close        retarget.o
    0x00006ef0   0x00000028   Code   RO          599    i._sys_flen         retarget.o
    0x00006f18   0x00000028   Code   RO          600    i._sys_istty        retarget.o
    0x00006f40   0x0000013c   Code   RO          601    i._sys_open         retarget.o
    0x0000707c   0x00000028   Code   RO          603    i._sys_seek         retarget.o
    0x000070a4   0x00000060   Code   RO          604    i._sys_write        retarget.o
    0x00007104   0x00000018   Code   RO         1568    i.error             mbed.ar(error.o)
    0x0000711c   0x00000020   Code   RO          606    i.exit              retarget.o
    0x0000713c   0x00000018   Code   RO         2313    i.fabs              m_wm.l(fabs.o)
    0x00007154   0x0000001a   Code   RO         1765    i.fputc             c_w.l(fputc.o)
    0x0000716e   0x00000002   PAD
    0x00007170   0x00000008   Code   RO         1606    i.get_us_ticker_data  mbed.ar(us_ticker_api.o)
    0x00007178   0x00000070   Code   RO         1438    i.gpio_dir          mbed.ar(gpio_api.o)
    0x000071e8   0x00000064   Code   RO         1439    i.gpio_init         mbed.ar(gpio_api.o)
    0x0000724c   0x00000028   Code   RO         1092    i.gpio_init_in      mbed.ar(gpio.o)
    0x00007274   0x0000006c   Code   RO         1095    i.gpio_init_out     mbed.ar(gpio.o)
    0x000072e0   0x00000080   Code   RO         1096    i.gpio_init_out_ex  mbed.ar(gpio.o)
    0x00007360   0x00000006   Code   RO         1440    i.gpio_mode         mbed.ar(gpio_api.o)
    0x00007366   0x00000002   PAD
    0x00007368   0x000000d0   Code   RO         1454    i.i2c_do_write      mbed.ar(i2c_api.o)
    0x00007438   0x00000048   Code   RO         1455    i.i2c_frequency     mbed.ar(i2c_api.o)
    0x00007480   0x00000158   Code   RO         1456    i.i2c_init          mbed.ar(i2c_api.o)
    0x000075d8   0x00000104   Code   RO         1457    i.i2c_read          mbed.ar(i2c_api.o)
    0x000076dc   0x00000080   Code   RO         1465    i.i2c_stop          mbed.ar(i2c_api.o)
    0x0000775c   0x0000006c   Code   RO         1466    i.i2c_wait_end_rx_transfer  mbed.ar(i2c_api.o)
    0x000077c8   0x00000084   Code   RO         1467    i.i2c_write         mbed.ar(i2c_api.o)
    0x0000784c   0x00000040   Code   RO         1054    i.mbed_assert_internal  mbed.ar(assert.o)
    0x0000788c   0x000000a4   Code   RO          566    i.mbed_die          board.o
    0x00007930   0x00000002   Code   RO          607    i.mbed_main         retarget.o
    0x00007932   0x00000002   Code   RO          608    i.mbed_sdk_init     retarget.o
    0x00007934   0x00000088   Code   RO         1490    i.pin_function      mbed.ar(pinmap.o)
    0x000079bc   0x000000a8   Code   RO         1491    i.pin_mode          mbed.ar(pinmap.o)
    0x00007a64   0x0000003c   Code   RO         1577    i.pinmap_merge      mbed.ar(pinmap_common.o)
    0x00007aa0   0x0000005c   Code   RO         1578    i.pinmap_peripheral  mbed.ar(pinmap_common.o)
    0x00007afc   0x00000058   Code   RO         1579    i.pinmap_pinout     mbed.ar(pinmap_common.o)
    0x00007b54   0x00000030   Code   RO          740    i.serial_baud       mbed.ar(serial_api.o)
    0x00007b84   0x00000160   Code   RO          747    i.serial_init       mbed.ar(serial_api.o)
    0x00007ce4   0x00000018   Code   RO          748    i.serial_irq_handler  mbed.ar(serial_api.o)
    0x00007cfc   0x00000070   Code   RO          751    i.serial_putc       mbed.ar(serial_api.o)
    0x00007d6c   0x0000006e   Code   RO         2340    i.sqrt              m_wm.l(sqrt.o)
    0x00007dda   0x0000003e   Code   RO         1995    i.sqrtf             m_wm.l(sqrtf.o)
    0x00007e18   0x0000004e   Code   RO         1592    i.ticker_irq_handler  mbed.ar(ticker_api.o)
    0x00007e66   0x00000006   Code   RO         1593    i.ticker_read       mbed.ar(ticker_api.o)
    0x00007e6c   0x00000010   Code   RO         1500    i.us_ticker_clear_interrupt  mbed.ar(us_ticker.o)
    0x00007e7c   0x00000010   Code   RO         1501    i.us_ticker_disable_interrupt  mbed.ar(us_ticker.o)
    0x00007e8c   0x000000a4   Code   RO         1502    i.us_ticker_init    mbed.ar(us_ticker.o)
    0x00007f30   0x0000000c   Code   RO         1607    i.us_ticker_irq_handler  mbed.ar(us_ticker_api.o)
    0x00007f3c   0x00000020   Code   RO         1503    i.us_ticker_read    mbed.ar(us_ticker.o)
    0x00007f5c   0x00000060   Code   RO         1504    i.us_ticker_set_interrupt  mbed.ar(us_ticker.o)
    0x00007fbc   0x00000028   Code   RO         1108    i.wait              mbed.ar(wait_api.o)
    0x00007fe4   0x0000001c   Code   RO         1109    i.wait_ms           mbed.ar(wait_api.o)
    0x00008000   0x00000018   Code   RO         1110    i.wait_us           mbed.ar(wait_api.o)
    0x00008018   0x0000002c   Code   RO         2583    locale$$code        c_w.l(lc_numeric_c.o)
    0x00008044   0x0000002c   Code   RO         2657    locale$$code        c_w.l(lc_ctype_c.o)
    0x00008070   0x00000018   Code   RO         2266    x$fpl$basic         fz_wm.l(basic.o)
    0x00008088   0x00000062   Code   RO         1939    x$fpl$d2f           fz_wm.l(d2f.o)
    0x000080ea   0x00000002   PAD
    0x000080ec   0x00000150   Code   RO         1941    x$fpl$dadd          fz_wm.l(daddsub_clz.o)
    0x0000823c   0x00000010   Code   RO         2522    x$fpl$dcheck1       fz_wm.l(dcheck1.o)
    0x0000824c   0x00000018   Code   RO         2627    x$fpl$dcmpinf       fz_wm.l(dcmpi.o)
    0x00008264   0x000002b0   Code   RO         1948    x$fpl$ddiv          fz_wm.l(ddiv.o)
    0x00008514   0x0000002e   Code   RO         2269    x$fpl$dflt          fz_wm.l(dflt_clz.o)
    0x00008542   0x00000002   PAD
    0x00008544   0x00000078   Code   RO         2524    x$fpl$dleqf         fz_wm.l(dleqf.o)
    0x000085bc   0x00000154   Code   RO         1951    x$fpl$dmul          fz_wm.l(dmul.o)
    0x00008710   0x0000009c   Code   RO         2274    x$fpl$dnaninf       fz_wm.l(dnaninf.o)
    0x000087ac   0x0000000c   Code   RO         2276    x$fpl$dretinf       fz_wm.l(dretinf.o)
    0x000087b8   0x0000006c   Code   RO         2278    x$fpl$drleqf        fz_wm.l(drleqf.o)
    0x00008824   0x00000016   Code   RO         1942    x$fpl$drsb          fz_wm.l(daddsub_clz.o)
    0x0000883a   0x00000002   PAD
    0x0000883c   0x00000198   Code   RO         2526    x$fpl$dsqrt         fz_wm.l(dsqrt_umaal.o)
    0x000089d4   0x000001d4   Code   RO         1943    x$fpl$dsub          fz_wm.l(daddsub_clz.o)
    0x00008ba8   0x00000056   Code   RO         1953    x$fpl$f2d           fz_wm.l(f2d.o)
    0x00008bfe   0x0000008c   Code   RO         2280    x$fpl$fnaninf       fz_wm.l(fnaninf.o)
    0x00008c8a   0x0000000a   Code   RO         2528    x$fpl$fpinit        fz_wm.l(fpinit.o)
    0x00008c94   0x0000000a   Code   RO         2282    x$fpl$fretinf       fz_wm.l(fretinf.o)
    0x00008c9e   0x00000004   Code   RO         2284    x$fpl$printf1       fz_wm.l(printf1.o)
    0x00008ca2   0x00000004   Code   RO         2286    x$fpl$printf2       fz_wm.l(printf2.o)
    0x00008ca6   0x00000064   Code   RO         2634    x$fpl$retnan        fz_wm.l(retnan.o)
    0x00008d0a   0x0000005c   Code   RO         2292    x$fpl$scalbn        fz_wm.l(scalbn.o)
    0x00008d66   0x00000030   Code   RO         2667    x$fpl$trapveneer    fz_wm.l(trapv.o)
    0x00008d96   0x00000000   Code   RO         2296    x$fpl$usenofp       fz_wm.l(usenofp.o)
    0x00008d96   0x00000002   PAD
    0x00008d98   0x00000028   Data   RO            6    .constdata          main.o
    0x00008dc0   0x00000014   Data   RO          567    .constdata          board.o
    0x00008dd4   0x00000017   Data   RO          649    .constdata          retarget.o
    0x00008deb   0x00000001   PAD
    0x00008dec   0x000000f0   Data   RO          760    .constdata          mbed.ar(serial_api.o)
    0x00008edc   0x00000014   Data   RO         1097    .constdata          mbed.ar(gpio.o)
    0x00008ef0   0x00000004   Data   RO         1124    .constdata          mbed.ar(fsl_clock_manager.o)
    0x00008ef4   0x00000060   Data   RO         1252    .constdata          mbed.ar(PeripheralPins.o)
    0x00008f54   0x0000006c   Data   RO         1253    .constdata          mbed.ar(PeripheralPins.o)
    0x00008fc0   0x00000090   Data   RO         1254    .constdata          mbed.ar(PeripheralPins.o)
    0x00009050   0x00000090   Data   RO         1255    .constdata          mbed.ar(PeripheralPins.o)
    0x000090e0   0x00000012   Data   RO         1349    .constdata          mbed.ar(fsl_sim_hal_K64F12.o)
    0x000090f2   0x00000002   PAD
    0x000090f4   0x00000028   Data   RO         1442    .constdata          mbed.ar(gpio_api.o)
    0x0000911c   0x000000e0   Data   RO         1468    .constdata          mbed.ar(i2c_api.o)
    0x000091fc   0x00000028   Data   RO         1492    .constdata          mbed.ar(pinmap.o)
    0x00009224   0x00000014   Data   RO         1608    .constdata          mbed.ar(us_ticker_api.o)
    0x00009238   0x00000008   Data   RO         1609    .constdata          mbed.ar(us_ticker_api.o)
    0x00009240   0x000000c8   Data   RO         1622    .constdata          mbed.ar(fsl_i2c_hal.o)
    0x00009308   0x00000028   Data   RO         1726    .constdata          c_w.l(_printf_hex_int_ll_ptr.o)
    0x00009330   0x00000011   Data   RO         1746    .constdata          c_w.l(__printf_flags_ss_wp.o)
    0x00009341   0x00000007   PAD
    0x00009348   0x00000088   Data   RO         1982    .constdata          m_wm.l(pow.o)
    0x000093d0   0x00000008   Data   RO         2101    .constdata          c_w.l(_printf_wctomb.o)
    0x000093d8   0x00000008   Data   RO         2337    .constdata          m_wm.l(qnan.o)
    0x000093e0   0x00000026   Data   RO         2411    .constdata          c_w.l(_printf_fp_hex.o)
    0x00009406   0x00000002   PAD
    0x00009408   0x00000094   Data   RO         2556    .constdata          c_w.l(bigflt0.o)
    0x0000949c   0x0000002c   Data   RO          699    .constdata__ZTVN4mbed10FileHandleE  retarget.o
    0x000094c8   0x00000010   Data   RO          983    .constdata__ZTVN4mbed10SerialBaseE  mbed.ar(SerialBase.o)
    0x000094d8   0x0000005c   Data   RO          921    .constdata__ZTVN4mbed6SerialE  mbed.ar(Serial.o)
    0x00009534   0x00000044   Data   RO         1051    .constdata__ZTVN4mbed6StreamE  mbed.ar(Stream.o)
    0x00009578   0x00000010   Data   RO         1540    .constdata__ZTVN4mbed8FileBaseE  mbed.ar(FileBase.o)
    0x00009588   0x0000003c   Data   RO         1563    .constdata__ZTVN4mbed8FileLikeE  mbed.ar(FileLike.o)
    0x000095c4   0x000000a2   Data   RO            7    .conststring        main.o
    0x00009666   0x00000002   PAD
    0x00009668   0x0000006e   Data   RO          568    .conststring        board.o
    0x000096d6   0x00000002   PAD
    0x000096d8   0x0000008e   Data   RO          726    .conststring        mbed.ar(fsl_gpio_hal.o)
    0x00009766   0x00000002   PAD
    0x00009768   0x00000071   Data   RO          761    .conststring        mbed.ar(serial_api.o)
    0x000097d9   0x00000003   PAD
    0x000097dc   0x000000fe   Data   RO         1443    .conststring        mbed.ar(gpio_api.o)
    0x000098da   0x00000002   PAD
    0x000098dc   0x000000fc   Data   RO         1469    .conststring        mbed.ar(i2c_api.o)
    0x000099d8   0x0000006d   Data   RO         1493    .conststring        mbed.ar(pinmap.o)
    0x00009a45   0x00000003   PAD
    0x00009a48   0x0000008c   Data   RO         1669    .conststring        mbed.ar(fsl_sim_hal.o)
    0x00009ad4   0x00000020   Data   RO         2707    Region$$Table       anon$$obj.o
    0x00009af4   0x0000001c   Data   RO         2582    locale$$data        c_w.l(lc_numeric_c.o)
    0x00009b10   0x00000110   Data   RO         2656    locale$$data        c_w.l(lc_ctype_c.o)
    0x00009c20   0x00000004   Data   RO            9    .init_array         main.o
    0x00009c24   0x00000000   Data   RO         1815    .init_array         c_w.l(init_aeabi.o)


    Execution Region RW_IRAM1 (Base: 0x1fff0198, Size: 0x00000320, Max: 0x0003fe68, ABSOLUTE)

    Base Addr    Size         Type   Attr      Idx    E Section Name        Object

    0x1fff0198   0x000000b5   Data   RW            8    .data               main.o
    0x1fff024d   0x00000003   PAD
    0x1fff0250   0x0000000c   Data   RW          762    .data               mbed.ar(serial_api.o)
    0x1fff025c   0x00000004   Data   RW          889    .data               mbed.ar(I2C.o)
    0x1fff0260   0x00000004   Data   RW         1505    .data               mbed.ar(us_ticker.o)
    0x1fff0264   0x00000004   Data   RW         1529    .data               mbed.ar(FileBase.o)
    0x1fff0268   0x00000008   Data   RW         1610    .data               mbed.ar(us_ticker_api.o)
    0x1fff0270   0x00000004   Data   RW         1777    .data               c_w.l(stdio_streams.o)
    0x1fff0274   0x00000004   Data   RW         1778    .data               c_w.l(stdio_streams.o)
    0x1fff0278   0x00000004   Data   RW         1779    .data               c_w.l(stdio_streams.o)
    0x1fff027c   0x00000004   Data   RW         2600    .data               c_w.l(heapauxa.o)
    0x1fff0280   0x000000c8   Zero   RW            5    .bss                main.o
    0x1fff0348   0x00000040   Zero   RW          648    .bss                retarget.o
    0x1fff0388   0x00000014   Zero   RW          759    .bss                mbed.ar(serial_api.o)
    0x1fff039c   0x00000054   Zero   RW         1774    .bss                c_w.l(stdio_streams.o)
    0x1fff03f0   0x00000054   Zero   RW         1775    .bss                c_w.l(stdio_streams.o)
    0x1fff0444   0x00000054   Zero   RW         1776    .bss                c_w.l(stdio_streams.o)
    0x1fff0498   0x00000004   Zero   RW         2014    .bss                c_w.l(rt_ddtor_pointer_addr.o)
    0x1fff049c   0x00000004   Zero   RW         2375    .bss                c_w.l(rt_heap_descriptor.o)
    0x1fff04a0   0x00000004   Zero   RW         2380    .bss                c_w.l(rt_errno_addr.o)
    0x1fff04a4   0x00000014   Zero   RW         2536    .bss                c_w.l(rt_locale.o)


==============================================================================

Image component sizes


      Code (inc. data)   RO Data    RW Data    ZI Data      Debug   Object Name

       164         34        130          0          0        124   board.o
        52          8          0          0          0        132   cmsis_nvic.o
      7616        598        206        181        200      50399   main.o
        12          0          0          0          0        124   mbed_overrides.o
       744         78         67          0         64       1608   retarget.o
        52         24       1024          0          0        276   startup_MK64F12.o
        16          6          0          0          0        116   sys.o
       320         46          0          0          0        116   system_MK64F12.o

    ----------------------------------------------------------------------
      8982        794       1464        184        264      52895   Object Totals
         0          0         32          0          0          0   (incl. Generated)
         6          0          5          3          0          0   (incl. Padding)

    ----------------------------------------------------------------------

      Code (inc. data)   RO Data    RW Data    ZI Data      Debug   Library Member Name

        60          8          0          0          0         84   __0sscanf.o
        44          6          0          0          0         84   __2sprintf.o
         8          0          0          0          0         68   __main.o
       392          4         17          0          0         92   __printf_flags_ss_wp.o
        14          0          0          0          0         68   __printf_wp.o
         0          0          0          0          0          0   __rtentry.o
        12          0          0          0          0          0   __rtentry2.o
         6          0          0          0          0          0   __rtentry4.o
        52          8          0          0          0          0   __scatter.o
        26          0          0          0          0          0   __scatter_copy.o
        28          0          0          0          0          0   __scatter_zi.o
        28          0          0          0          0         68   _chval.o
         6          0          0          0          0          0   _printf_a.o
         6          0          0          0          0          0   _printf_c.o
        44          0          0          0          0        108   _printf_char.o
        48          6          0          0          0         96   _printf_char_common.o
        36          4          0          0          0         80   _printf_char_file.o
        40          0          0          0          0         68   _printf_charcount.o
         6          0          0          0          0          0   _printf_d.o
       120         16          0          0          0         92   _printf_dec.o
         6          0          0          0          0          0   _printf_e.o
         6          0          0          0          0          0   _printf_f.o
      1050          0          0          0          0        216   _printf_fp_dec.o
       764         10         38          0          0        100   _printf_fp_hex.o
       128         16          0          0          0         84   _printf_fp_infnan.o
         6          0          0          0          0          0   _printf_g.o
       148          4         40          0          0        160   _printf_hex_int_ll_ptr.o
         6          0          0          0          0          0   _printf_i.o
       178          0          0          0          0         88   _printf_intcommon.o
        10          0          0          0          0          0   _printf_l.o
         6          0          0          0          0          0   _printf_lc.o
        10          0          0          0          0          0   _printf_ll.o
         6          0          0          0          0          0   _printf_lld.o
         6          0          0          0          0          0   _printf_lli.o
         6          0          0          0          0          0   _printf_llo.o
         6          0          0          0          0          0   _printf_llu.o
         6          0          0          0          0          0   _printf_llx.o
       124         16          0          0          0         92   _printf_longlong_dec.o
         6          0          0          0          0          0   _printf_ls.o
         6          0          0          0          0          0   _printf_n.o
         6          0          0          0          0          0   _printf_o.o
       112          8          0          0          0        124   _printf_oct_int_ll.o
         6          0          0          0          0          0   _printf_p.o
        78          0          0          0          0        108   _printf_pad.o
         0          0          0          0          0          0   _printf_percent.o
         4          0          0          0          0          0   _printf_percent_end.o
         6          0          0          0          0          0   _printf_s.o
        82          0          0          0          0         80   _printf_str.o
        36          0          0          0          0         84   _printf_truncate.o
         6          0          0          0          0          0   _printf_u.o
        44          0          0          0          0        108   _printf_wchar.o
       188          6          8          0          0         92   _printf_wctomb.o
         6          0          0          0          0          0   _printf_x.o
        22          0          0          0          0        100   _rserrno.o
       884          6          0          0          0        100   _scanf.o
       332          0          0          0          0         96   _scanf_int.o
        64          0          0          0          0         84   _sgetc.o
        10          0          0          0          0         68   _sputc.o
        64          0          0          0          0         92   _wcrtomb.o
        22          0          0          0          0         80   abort.o
        46          0          0          0          0         84   aeabi_atexit.o
       128         42          0          0          0         76   assert.o
        24          6          0          0          0         80   assert_stdio.o
       220          4        148          0          0         96   bigflt0.o
      1910        128          0          0          0        672   btod.o
        10          0          0          0          0         68   c89vfprintf.o
        66          0          0          0          0         84   cxa_finalize.o
        48         34          0          0          0         76   defsig_abrt_inner.o
        14          0          0          0          0         80   defsig_abrt_outer.o
        10          0          0          0          0         68   defsig_exit.o
        50          0          0          0          0         88   defsig_general.o
        48         34          0          0          0         76   defsig_pvfn_inner.o
        14          0          0          0          0         80   defsig_pvfn_outer.o
        80         58          0          0          0         76   defsig_rtmem_inner.o
        14          0          0          0          0         80   defsig_rtmem_outer.o
        52         38          0          0          0         76   defsig_rtred_inner.o
        14          0          0          0          0         80   defsig_rtred_outer.o
        76          0          0          0          0         88   fclose.o
         8          0          0          0          0         68   ferror.o
       100          4          0          0          0        120   fflush.o
       470          0          0          0          0         88   flsbuf.o
       236          4          0          0          0        128   fopen.o
        26          0          0          0          0         68   fputc.o
        34          0          0          0          0         80   fputs.o
       248          6          0          0          0         84   fseek.o
        66          0          0          0          0         76   ftell.o
        94          0          0          0          0         80   h1_alloc.o
        52          0          0          0          0         68   h1_extend.o
        78          0          0          0          0         80   h1_free.o
        14          0          0          0          0         84   h1_init.o
        80          6          0          4          0         96   heapauxa.o
         4          0          0          0          0        136   hguard.o
         0          0          0          0          0          0   indicate_semi.o
        36         10          0          0          0         80   init_aeabi.o
       138          0          0          0          0        168   init_alloc.o
       312         46          0          0          0        112   initio.o
        18          0          0          0          0         76   isspace.o
        44         10        272          0          0         76   lc_ctype_c.o
        44         10         28          0          0         76   lc_numeric_c.o
         2          0          0          0          0          0   libinit.o
        50          0          0          0          0          0   libinit2.o
         0          0          0          0          0          0   libshutdown2.o
       138          0          0          0          0         80   lludiv10.o
         0          0          0          0          0          0   maybetermalloc1.o
        16          4          0          0          0         76   rt_ctype_table.o
         8          4          0          0          4         68   rt_ddtor_pointer_addr.o
         8          4          0          0          4         68   rt_errno_addr.o
         8          4          0          0          4         68   rt_heap_descriptor.o
         8          4          0          0         20         68   rt_locale.o
        78          0          0          0          0         80   rt_memclr_w.o
       100          0          0          0          0         80   rt_memcpy_w.o
        44          8          0          0          0         84   scanf_char.o
        20          0          0          0          0         68   setbuf.o
        70          0          0          0          0         80   setvbuf.o
       240          6          0          0          0        156   stdio.o
         0          0          0         12        252          0   stdio_streams.o
       128          0          0          0          0         68   strcmpv7m.o
        62          0          0          0          0         76   strlen.o
       150          0          0          0          0         80   strncmp.o
        12          4          0          0          0         68   sys_exit.o
        14          0          0          0          0         76   sys_wrch.o
         2          0          0          0          0         68   use_no_semi.o
        10          0          0          0          0         68   vfprintf.o
        36          0          0          0          0         84   aeabi_vec_ctor_nocookie_nodtor.o
         6          0          0          0          0         68   pure_virt.o
        24          0          0          0          0        164   basic.o
        98          4          0          0          0        140   d2f.o
       826         16          0          0          0        492   daddsub_clz.o
        16          4          0          0          0        116   dcheck1.o
        24          0          0          0          0        116   dcmpi.o
       688        140          0          0          0        256   ddiv.o
        46          0          0          0          0        116   dflt_clz.o
       120          4          0          0          0        140   dleqf.o
       340         12          0          0          0        152   dmul.o
       156          4          0          0          0        140   dnaninf.o
        12          0          0          0          0        116   dretinf.o
       108          0          0          0          0        128   drleqf.o
       408         56          0          0          0        168   dsqrt_umaal.o
        86          4          0          0          0        132   f2d.o
       140          4          0          0          0        132   fnaninf.o
        10          0          0          0          0        116   fpinit.o
        10          0          0          0          0        116   fretinf.o
         4          0          0          0          0        116   printf1.o
         4          0          0          0          0        116   printf2.o
       100          0          0          0          0        116   retnan.o
        92          0          0          0          0        116   scalbn.o
        48          0          0          0          0        116   trapv.o
         0          0          0          0          0          0   usenofp.o
       300         42          0          0          0        176   asinf.o
       592         90          0          0          0        184   atan2f.o
       164         44          0          0          0        620   dunder.o
        24          0          0          0          0        124   fabs.o
        48          0          0          0          0        124   fpclassify.o
        38          0          0          0          0        116   fpclassifyf.o
        44         12          0          0          0        464   funder.o
       248          0          0          0          0        152   poly.o
      3152        296        136          0          0        352   pow.o
         0          0          8          0          0          0   qnan.o
       110          0          0          0          0        148   sqrt.o
       120          0          0          0          0        272   sqrtf.o
       152         24         16          4          0        476   FileBase.o
        54         10         60          0          0        252   FileLike.o
       154          0          0          0          0        728   FilePath.o
       200         22          0          4          0        520   I2C.o
         0          0        492          0          0          0   PeripheralPins.o
        54          4         92          0          0        364   Serial.o
       156         14         16          0          0        612   SerialBase.o
       186         16         68          0          0        992   Stream.o
       112          0          0          0          0        500   Timer.o
        64         52          0          0          0        116   assert.o
        24          4          0          0          0        128   error.o
        38          6          0          0          0        124   fsl_clock_K64F12.o
       232         50          4          0          0        256   fsl_clock_manager.o
       104         34        142          0          0        248   fsl_gpio_hal.o
       230          8        200          0          0        392   fsl_i2c_hal.o
       632         44          0          0          0        632   fsl_mcg_hal.o
       168         36        140          0          0        124   fsl_sim_hal.o
       182         12         18          0          0        464   fsl_sim_hal_K64F12.o
       322          0          0          0          0        712   fsl_uart_hal.o
       276         44         20          0          0        440   gpio.o
       218         58        294          0          0        396   gpio_api.o
      1252        144        476          0          0       1036   i2c_api.o
       304         86        149          0          0        272   pinmap.o
       240         78          0          0          0        384   pinmap_common.o
       536         66        353         12         20        536   serial_api.o
        84          0          0          0          0        252   ticker_api.o
       324         88          0          4          0        616   us_ticker.o
        20         10         28          8          0        232   us_ticker_api.o
        92          4          0          0          0        384   wait_api.o

    ----------------------------------------------------------------------
     26242       2246       3284         48        304      26608   Library Totals
        64          4         21          0          0          0   (incl. Padding)

    ----------------------------------------------------------------------

      Code (inc. data)   RO Data    RW Data    ZI Data      Debug   Library Name

     11526        596        551         16        284       8216   c_w.l
        42          0          0          0          0        152   cpprt_w.l
      3360        248          0          0          0       3320   fz_wm.l
      4840        484        144          0          0       2732   m_wm.l
      6410        914       2568         32         20      12188   mbed.ar

    ----------------------------------------------------------------------
     26242       2246       3284         48        304      26608   Library Totals

    ----------------------------------------------------------------------

==============================================================================


      Code (inc. data)   RO Data    RW Data    ZI Data      Debug   

     35224       3040       4748        232        568      58167   Grand Totals
     35224       3040       4748        232        568      58167   ELF Image Totals
     35224       3040       4748        232          0          0   ROM Totals

==============================================================================

    Total RO  Size (Code + RO Data)                39972 (  39.04kB)
    Total RW  Size (RW Data + ZI Data)               800 (   0.78kB)
    Total ROM Size (Code + RO Data + RW Data)      40204 (  39.26kB)

==============================================================================

